  INFO root [0x772d01692fc0] [2025-09-02 12:08:07,907] - 
  INFO root [0x772d01692fc0] [2025-09-02 12:08:07,908] - -----------------------------------------------------------------------------------------


  INFO root [0x772d01692fc0] [2025-09-02 12:08:07,927] - Resmgr::initialize: KBE_ROOT=/mnt/hgfs/game/Server/kbeLinux/kbengine/
  INFO root [0x772d01692fc0] [2025-09-02 12:08:07,929] - Resmgr::initialize: KBE_RES_PATH=/mnt/hgfs/game/Server/kbeLinux/kbengine/kbe/res/:/mnt/hgfs/game/Server/kbeLinux/kbengine/assets/:/mnt/hgfs/game/Server/kbeLinux/kbengine/assets/res/:/mnt/hgfs/game/Server/kbeLinux/kbengine/assets/scripts/
  INFO root [0x772d01692fc0] [2025-09-02 12:08:07,929] - Resmgr::initialize: KBE_BIN_PATH=/mnt/hgfs/game/Server/kbeLinux/kbengine/kbe/bin/server/
  INFO root [0x772d01692fc0] [2025-09-02 12:08:07,930] - NetworkInterface::initialize(EXTERNAL-TCP): bound to all interfaces with default route interface on 192.168.10.127 ( 192.168.10.127:20015 )
  INFO root [0x772d01692fc0] [2025-09-02 12:08:07,930] - NetworkInterface::initialize(EXTERNAL-TCP): address 192.168.10.127:20015, SOMAXCONN=511, rBufSize=131072, wBufSize=16384, this=[0x7ffd549b8d70.
  INFO root [0x772d01692fc0] [2025-09-02 12:08:07,930] - NetworkInterface::initialize(EXTERNAL-TCP-IPV6): address fe80::250:56ff:fe2a:a839::20016, SOMAXCONN=511, rBufSize=131072, wBufSize=16384, this=[0x7ffd549b8d70.
  INFO root [0x772d01692fc0] [2025-09-02 12:08:07,931] - NetworkInterface::initialize(EXTERNAL-UDP): bound to all interfaces with default route interface on 192.168.10.127 ( 192.168.10.127:30015 )
  INFO root [0x772d01692fc0] [2025-09-02 12:08:07,932] - NetworkInterface::initialize(EXTERNAL-UDP): address 192.168.10.127:30015, SOMAXCONN=511, rBufSize=212992, wBufSize=212992, this=[0x7ffd549b8d70.
  INFO root [0x772d01692fc0] [2025-09-02 12:08:07,932] - NetworkInterface::initialize(EXTERNAL-UDP-IPV6): address fe80::250:56ff:fe2a:a839::30016, SOMAXCONN=511, rBufSize=212992, wBufSize=212992, this=[0x7ffd549b8d70.
  INFO root [0x772d01692fc0] [2025-09-02 12:08:07,934] - NetworkInterface::initialize(INTERNAL-TCP): bound to all interfaces with default route interface on 192.168.10.127 ( 192.168.10.127:35419 )
  WARN root [0x772d01692fc0] [2025-09-02 12:08:07,935] - NetworkInterface::initialize(INTERNAL-TCP): Operating with a receive buffer of only 425984 bytes (instead of 16777216)
  WARN root [0x772d01692fc0] [2025-09-02 12:08:07,936] - NetworkInterface::initialize(INTERNAL-TCP): Operating with a send buffer of only 425984 bytes (instead of 16777216)
  INFO root [0x772d01692fc0] [2025-09-02 12:08:07,937] - NetworkInterface::initialize(INTERNAL-TCP): address 192.168.10.127:35419, SOMAXCONN=511, rBufSize=425984, wBufSize=425984, this=[0x7ffd549b8d70.
  INFO root [0x772d01692fc0] [2025-09-02 12:08:07,937] - server-configs:
  INFO root [0x772d01692fc0] [2025-09-02 12:08:07,937] - 	gameUpdateHertz : 10
  INFO root [0x772d01692fc0] [2025-09-02 12:08:07,937] - 	entryScriptFile : game
  INFO root [0x772d01692fc0] [2025-09-02 12:08:07,937] - 	internalTcpAddr : 192.168.10.127:35419
  INFO root [0x772d01692fc0] [2025-09-02 12:08:07,937] - 	externalTcpAddr : 192.168.10.127:20015
  INFO root [0x772d01692fc0] [2025-09-02 12:08:07,937] - 	externalUdpAddr : 192.168.10.127:30015
  INFO root [0x772d01692fc0] [2025-09-02 12:08:07,938] - 	externalTcpIpv6Addr : fe80::250:56ff:fe2a:a839::20016
  INFO root [0x772d01692fc0] [2025-09-02 12:08:07,941] - 	externalUdpIpv6Addr : fe80::250:56ff:fe2a:a839::30016
  INFO root [0x772d01692fc0] [2025-09-02 12:08:07,942] - 	componentID : 700002
  INFO root [0x772d01692fc0] [2025-09-02 12:08:09,456] - ThreadPool::createThreadPool: creating  threadpool...
  INFO root [0x772d01692fc0] [2025-09-02 12:08:09,457] - ThreadPool::createThreadPool: successfully(2), newThreadCount=1, normalMaxThreadCount=2, maxThreadCount=8
 DEBUG root [0x772d01692fc0] [2025-09-02 12:08:09,572] - Script::install(): paths=/mnt/hgfs/game/Server/kbeLinux/kbengine/assets/scripts/:/mnt/hgfs/game/Server/kbeLinux/kbengine/assets/scripts/common:/mnt/hgfs/game/Server/kbeLinux/kbengine/assets/scripts/common/Lib:/mnt/hgfs/game/Server/kbeLinux/kbengine/assets/scripts/data:/mnt/hgfs/game/Server/kbeLinux/kbengine/assets/scripts/user_type:/mnt/hgfs/game/Server/kbeLinux/kbengine/assets/scripts/server_common:/mnt/hgfs/game/Server/kbeLinux/kbengine/assets/scripts/base:/mnt/hgfs/game/Server/kbeLinux/kbengine/assets/scripts/base/interfaces:/mnt/hgfs/game/Server/kbeLinux/kbengine/assets/scripts/base/components:/mnt/hgfs/game/Server/kbeLinux/kbengine/kbe/res/scripts:/mnt/hgfs/game/Server/kbeLinux/kbengine/kbe/res/scripts/common:/mnt/hgfs/game/Server/kbeLinux/kbengine/kbe/res/scripts/common/lib-dynload:/mnt/hgfs/game/Server/kbeLinux/kbengine/kbe/res/scripts/common/DLLs:/mnt/hgfs/game/Server/kbeLinux/kbengine/kbe/res/scripts/common/Lib:/mnt/hgfs/game/Server/kbeLinux/kbengine/kbe/res/scripts/common/Lib/site-packages:/mnt/hgfs/game/Server/kbeLinux/kbengine/kbe/res/scripts/common/Lib/dist-packages.
  INFO root [0x772d01692fc0] [2025-09-02 12:08:11,091] - Script::install(): is successfully, Python=(3.7.3 (default, Mar 21 2025, 15:25:47) 
[GCC 13.3.0])!
  INFO root [0x772d01692fc0] [2025-09-02 12:08:11,093] - Script::install(): KBExtra is successfully!
 S_WAR root [0x772d01692fc0] [2025-09-02 12:08:12,168] - [lj]crossServerInfo load fail
 DEBUG root [0x772d01692fc0] [2025-09-02 12:08:16,938] - loaded entity-script:Space(1).
 DEBUG root [0x772d01692fc0] [2025-09-02 12:08:17,040] - loaded entity-script:AdminStub(2).
 DEBUG root [0x772d01692fc0] [2025-09-02 12:08:17,043] - loaded entity-script:PlayerStub(3).
 DEBUG root [0x772d01692fc0] [2025-09-02 12:08:17,090] - loaded entity-script:BaseApp(4).
 DEBUG root [0x772d01692fc0] [2025-09-02 12:08:17,128] - loaded entity-script:TeamStub(5).
 DEBUG root [0x772d01692fc0] [2025-09-02 12:08:17,130] - loaded entity-script:TeamMatchStub(6).
 DEBUG root [0x772d01692fc0] [2025-09-02 12:08:17,158] - loaded entity-script:TeamDungeonStub(7).
 DEBUG root [0x772d01692fc0] [2025-09-02 12:08:17,165] - loaded entity-script:SingleDungeonStub(8).
 DEBUG root [0x772d01692fc0] [2025-09-02 12:08:17,256] - loaded entity-script:WorldLineStub(9).
 DEBUG root [0x772d01692fc0] [2025-09-02 12:08:17,299] - loaded entity-script:CubeStub(10).
 DEBUG root [0x772d01692fc0] [2025-09-02 12:08:17,315] - loaded entity-script:RaidStub(11).
 DEBUG root [0x772d01692fc0] [2025-09-02 12:08:17,358] - loaded entity-script:CrossServerStub(12).
 DEBUG root [0x772d01692fc0] [2025-09-02 12:08:17,362] - loaded entity-script:RaidDungeonStub(13).
 DEBUG root [0x772d01692fc0] [2025-09-02 12:08:17,392] - loaded entity-script:LoginStub(14).
 DEBUG root [0x772d01692fc0] [2025-09-02 12:08:17,396] - loaded entity-script:ItemLinkStub(15).
 DEBUG root [0x772d01692fc0] [2025-09-02 12:08:17,397] - loaded entity-script:GlobalMailStub(16).
 DEBUG root [0x772d01692fc0] [2025-09-02 12:08:17,403] - loaded entity-script:GuildStub(18).
 DEBUG root [0x772d01692fc0] [2025-09-02 12:08:17,501] - loaded entity-script:Guild(19).
 DEBUG root [0x772d01692fc0] [2025-09-02 12:08:17,510] - loaded entity-script:LeaderBoardStub(20).
 DEBUG root [0x772d01692fc0] [2025-09-02 12:08:17,589] - loaded entity-script:AuctionStub(21).
 DEBUG root [0x772d01692fc0] [2025-09-02 12:08:17,602] - loaded entity-script:DropStub(22).
 DEBUG root [0x772d01692fc0] [2025-09-02 12:08:17,603] - loaded entity-script:WonderLandStub(23).
 DEBUG root [0x772d01692fc0] [2025-09-02 12:08:17,606] - loaded entity-script:ActStub(26).
 DEBUG root [0x772d01692fc0] [2025-09-02 12:08:17,696] - loaded entity-script:CrossSiegeWarStub(27).
 DEBUG root [0x772d01692fc0] [2025-09-02 12:08:17,698] - loaded entity-script:SiegeWarStub(28).
 DEBUG root [0x772d01692fc0] [2025-09-02 12:08:17,707] - loaded entity-script:SiegeWarSpaceStub(29).
 DEBUG root [0x772d01692fc0] [2025-09-02 12:08:17,741] - loaded entity-script:CrossDataStub(31).
 DEBUG root [0x772d01692fc0] [2025-09-02 12:08:17,747] - loaded entity-script:WorldBossStub(32).
 DEBUG root [0x772d01692fc0] [2025-09-02 12:08:17,749] - loaded entity-script:DungeonSpaceMgr(33).
 DEBUG root [0x772d01692fc0] [2025-09-02 12:08:17,749] - loaded entity-script:MonsterGrp(34).
 DEBUG root [0x772d01692fc0] [2025-09-02 12:08:17,794] - loaded entity-script:Account(35).
 DEBUG root [0x772d01692fc0] [2025-09-02 12:08:18,469] - loaded entity-script:Avatar(36).
 DEBUG root [0x772d01692fc0] [2025-09-02 12:08:18,469] - loaded entity-script:Monster(37).
 DEBUG root [0x772d01692fc0] [2025-09-02 12:08:18,470] - loaded entity-script:Summon(38).
 DEBUG root [0x772d01692fc0] [2025-09-02 12:08:18,471] - loaded entity-script:Barrier(39).
 DEBUG root [0x772d01692fc0] [2025-09-02 12:08:18,471] - loaded entity-script:Teleporter(40).
 DEBUG root [0x772d01692fc0] [2025-09-02 12:08:18,471] - loaded entity-script:CityBattleTeleporter(41).
 DEBUG root [0x772d01692fc0] [2025-09-02 12:08:18,472] - loaded entity-script:CoreAreaFlag(42).
 DEBUG root [0x772d01692fc0] [2025-09-02 12:08:18,472] - loaded entity-script:Npc(43).
 DEBUG root [0x772d01692fc0] [2025-09-02 12:08:18,472] - loaded entity-script:Collection(44).
 DEBUG root [0x772d01692fc0] [2025-09-02 12:08:18,473] - loaded entity-script:Creation(45).
 DEBUG root [0x772d01692fc0] [2025-09-02 12:08:18,475] - loaded entity-script:RaidMatchStub(47).
 DEBUG root [0x772d01692fc0] [2025-09-02 12:08:18,496] - loaded entity-script:WorldRefreshEntityStub(48).
  INFO root [0x772d01692fc0] [2025-09-02 12:08:18,496] - Baseapp::initializeEnd: started resmgr tick(60s)!
  INFO root [0x772d01692fc0] [2025-09-02 12:08:18,496] - TelnetServer server is running on port 40000
  INFO root [0x772d01692fc0] [2025-09-02 12:08:18,496] - start server app, timing method:rdtsc 3417531050
  INFO root [0x772d01692fc0] [2025-09-02 12:08:18,512] - ---- baseapp Version: 2.5.8. ScriptVersion: 0.1.0. Pythoncore: 3.7.3. Protocol: 00C842919090D3FD4897D0C953C8FBA9. Protocol client: 3E7AE130BB33C652DBF24318D016ECD0. Config: Hybrid64 X64. Built: 21:28:36 Aug 27 2025. AppID: 700002. UID: 1001. PID: 1157710 ----
  INFO root [0x772d01692fc0] [2025-09-02 12:08:18,512] - Server ubuntumyh: Intel(R) Core(TM) i7-14700KF x4 with 8083592kB RAM
  INFO root [0x772d01692fc0] [2025-09-02 12:08:18,512] - ---- baseapp is running ----
 DEBUG root [0x772d01692fc0] [2025-09-02 12:08:18,512] - Components::process(): Request for the process of identity...
  WARN root [0x772d01692fc0] [2025-09-02 12:08:24,528] - EntityApp::checkTickPeriod: tick took 6020% (6.02 seconds)!
  INFO root [0x772d01692fc0] [2025-09-02 12:08:25,609] - Components::findComponents: find logger(1)...
  INFO root [0x772d01692fc0] [2025-09-02 12:08:25,664] - Components::findComponents: found logger, addr:192.168.10.127:43117
  INFO root [0x772d01692fc0] [2025-09-02 12:08:25,665] - Components::addComponent: reset orderLog, uid=1001!
  INFO root [0x772d01692fc0] [2025-09-02 12:08:25,665] - Components::addComponent[logger], uid=1001, componentID=200001, globalorderid=1, grouporderid=1, totalcount=1
  INFO root [0x772d01692fc0] [2025-09-02 12:08:25,665] - Components::findComponents: find dbmgr(2)...
  INFO root [0x772d01692fc0] [2025-09-02 12:08:25,766] - Components::findComponents: found dbmgr, addr:192.168.10.127:49301
  INFO root [0x772d01692fc0] [2025-09-02 12:08:25,766] - Components::addComponent: reset orderLog, uid=1001!
  INFO root [0x772d01692fc0] [2025-09-02 12:08:25,766] - Components::addComponent[dbmgr], uid=1001, componentID=400001, globalorderid=4, grouporderid=1, totalcount=1
  WARN root [0x772d01692fc0] [2025-09-02 12:08:26,768] - EntityApp::checkTickPeriod: tick took 1258% (1.26 seconds)!
  WARN root [0x772d01692fc0] [2025-09-02 12:08:26,768] - Forwarding logs to logger[192.168.10.127:43117/0/0/0]...
  INFO root [0x772d01692fc0] [2025-09-02 17:14:58,977] - Stack: #0 KBEngine::DebugHelper::backtrace_msg()
  INFO root [0x772d01692fc0] [2025-09-02 17:14:58,978] - Stack: #1 KBEngine::myassert(char const*, char const*, char const*, unsigned int)
  INFO root [0x772d01692fc0] [2025-09-02 17:14:58,978] - Stack: #2 KBEngine::Network::NetworkInterface::registerChannel(KBEngine::Network::Channel*)
  INFO root [0x772d01692fc0] [2025-09-02 17:14:58,978] - Stack: #3 KBEngine::Network::UDPPacketReceiver::processRecv(bool)
  INFO root [0x772d01692fc0] [2025-09-02 17:14:58,978] - Stack: #4 KBEngine::Network::ListenerUdpReceiver::handleInputNotification(int)
  INFO root [0x772d01692fc0] [2025-09-02 17:14:58,979] - Stack: #5 KBEngine::Network::EventPoller::triggerRead(int)
  INFO root [0x772d01692fc0] [2025-09-02 17:14:58,979] - Stack: #6 KBEngine::Network::EpollPoller::processPendingEvents(double)
  INFO root [0x772d01692fc0] [2025-09-02 17:14:58,979] - Stack: #7 KBEngine::Network::EventDispatcher::processUntilBreak()
  INFO root [0x772d01692fc0] [2025-09-02 17:14:58,979] - Stack: #8 KBEngine::ServerApp::run()
  INFO root [0x772d01692fc0] [2025-09-02 17:14:58,980] - Stack: #9 
  INFO root [0x772d01692fc0] [2025-09-02 17:14:58,980] - Stack: #10 kbeMain(int, char**)
  INFO root [0x772d01692fc0] [2025-09-02 17:14:58,980] - Stack: #11 
  INFO root [0x772d01692fc0] [2025-09-02 17:14:58,980] - Stack: #12 __libc_start_main
  INFO root [0x772d01692fc0] [2025-09-02 17:14:58,980] - Stack: #13 _start
