  INFO root [0x7e17abc69fc0] [2025-09-02 12:08:07,925] - 
  INFO root [0x7e17abc69fc0] [2025-09-02 12:08:07,926] - -----------------------------------------------------------------------------------------


  INFO root [0x7e17abc69fc0] [2025-09-02 12:08:07,976] - Resmgr::initialize: KBE_ROOT=/mnt/hgfs/game/Server/kbeLinux/kbengine/
  INFO root [0x7e17abc69fc0] [2025-09-02 12:08:07,978] - Resmgr::initialize: KBE_RES_PATH=/mnt/hgfs/game/Server/kbeLinux/kbengine/kbe/res/:/mnt/hgfs/game/Server/kbeLinux/kbengine/assets/:/mnt/hgfs/game/Server/kbeLinux/kbengine/assets/res/:/mnt/hgfs/game/Server/kbeLinux/kbengine/assets/scripts/
  INFO root [0x7e17abc69fc0] [2025-09-02 12:08:07,978] - Resmgr::initialize: KBE_BIN_PATH=/mnt/hgfs/game/Server/kbeLinux/kbengine/kbe/bin/server/
  INFO root [0x7e17abc69fc0] [2025-09-02 12:08:07,983] - NetworkInterface::initialize(INTERNAL-TCP): bound to all interfaces with default route interface on 192.168.10.127 ( 192.168.10.127:44985 )
  WARN root [0x7e17abc69fc0] [2025-09-02 12:08:07,987] - NetworkInterface::initialize(INTERNAL-TCP): Operating with a receive buffer of only 425984 bytes (instead of 16777216)
  WARN root [0x7e17abc69fc0] [2025-09-02 12:08:07,988] - NetworkInterface::initialize(INTERNAL-TCP): Operating with a send buffer of only 425984 bytes (instead of 16777216)
  INFO root [0x7e17abc69fc0] [2025-09-02 12:08:07,989] - NetworkInterface::initialize(INTERNAL-TCP): address 192.168.10.127:44985, SOMAXCONN=511, rBufSize=425984, wBufSize=425984, this=[0x7ffc2e699560.
  INFO root [0x7e17abc69fc0] [2025-09-02 12:08:07,989] - server-configs:
  INFO root [0x7e17abc69fc0] [2025-09-02 12:08:07,989] - 	gameUpdateHertz : 10
  INFO root [0x7e17abc69fc0] [2025-09-02 12:08:07,989] - 	defaultViewRadius : 30
  INFO root [0x7e17abc69fc0] [2025-09-02 12:08:07,989] - 	defaultViewHysteresisArea : 5
  INFO root [0x7e17abc69fc0] [2025-09-02 12:08:07,989] - 	entryScriptFile : game
  INFO root [0x7e17abc69fc0] [2025-09-02 12:08:07,989] - 	internalTcpAddr : 192.168.10.127:44985
  INFO root [0x7e17abc69fc0] [2025-09-02 12:08:07,989] - 	componentID : 800001
  INFO root [0x7e17abc69fc0] [2025-09-02 12:08:09,496] - ThreadPool::createThreadPool: creating  threadpool...
  INFO root [0x7e17abc69fc0] [2025-09-02 12:08:09,496] - ThreadPool::createThreadPool: successfully(2), newThreadCount=1, normalMaxThreadCount=2, maxThreadCount=8
 DEBUG root [0x7e17abc69fc0] [2025-09-02 12:08:09,597] - Script::install(): paths=/mnt/hgfs/game/Server/kbeLinux/kbengine/assets/scripts/:/mnt/hgfs/game/Server/kbeLinux/kbengine/assets/scripts/common:/mnt/hgfs/game/Server/kbeLinux/kbengine/assets/scripts/common/Lib:/mnt/hgfs/game/Server/kbeLinux/kbengine/assets/scripts/data:/mnt/hgfs/game/Server/kbeLinux/kbengine/assets/scripts/user_type:/mnt/hgfs/game/Server/kbeLinux/kbengine/assets/scripts/server_common:/mnt/hgfs/game/Server/kbeLinux/kbengine/assets/scripts/cell:/mnt/hgfs/game/Server/kbeLinux/kbengine/assets/scripts/cell/interfaces:/mnt/hgfs/game/Server/kbeLinux/kbengine/assets/scripts/cell/components:/mnt/hgfs/game/Server/kbeLinux/kbengine/kbe/res/scripts:/mnt/hgfs/game/Server/kbeLinux/kbengine/kbe/res/scripts/common:/mnt/hgfs/game/Server/kbeLinux/kbengine/kbe/res/scripts/common/lib-dynload:/mnt/hgfs/game/Server/kbeLinux/kbengine/kbe/res/scripts/common/DLLs:/mnt/hgfs/game/Server/kbeLinux/kbengine/kbe/res/scripts/common/Lib:/mnt/hgfs/game/Server/kbeLinux/kbengine/kbe/res/scripts/common/Lib/site-packages:/mnt/hgfs/game/Server/kbeLinux/kbengine/kbe/res/scripts/common/Lib/dist-packages.
  INFO root [0x7e17abc69fc0] [2025-09-02 12:08:11,093] - Script::install(): is successfully, Python=(3.7.3 (default, Mar 21 2025, 15:25:47) 
[GCC 13.3.0])!
  INFO root [0x7e17abc69fc0] [2025-09-02 12:08:11,101] - Script::install(): KBExtra is successfully!
 S_WAR root [0x7e17abc69fc0] [2025-09-02 12:08:12,068] - [lj]crossServerInfo load fail
 DEBUG root [0x7e17abc69fc0] [2025-09-02 12:08:16,993] - loaded entity-script:Space(1).
 DEBUG root [0x7e17abc69fc0] [2025-09-02 12:08:17,130] - loaded entity-script:CubeSpaceMgr(17).
 DEBUG root [0x7e17abc69fc0] [2025-09-02 12:08:17,141] - loaded entity-script:WonderLandSpaceMgr(24).
 DEBUG root [0x7e17abc69fc0] [2025-09-02 12:08:17,154] - loaded entity-script:WorldLineSpaceMgr(25).
 DEBUG root [0x7e17abc69fc0] [2025-09-02 12:08:17,190] - loaded entity-script:SiegeWarSpaceMgr(30).
 DEBUG root [0x7e17abc69fc0] [2025-09-02 12:08:17,196] - loaded entity-script:DungeonSpaceMgr(33).
 DEBUG root [0x7e17abc69fc0] [2025-09-02 12:08:17,224] - loaded entity-script:MonsterGrp(34).
 DEBUG root [0x7e17abc69fc0] [2025-09-02 12:08:18,144] - loaded entity-script:Avatar(36).
 DEBUG root [0x7e17abc69fc0] [2025-09-02 12:08:18,247] - loaded entity-script:Monster(37).
 DEBUG root [0x7e17abc69fc0] [2025-09-02 12:08:18,258] - loaded entity-script:Summon(38).
 DEBUG root [0x7e17abc69fc0] [2025-09-02 12:08:18,268] - loaded entity-script:Barrier(39).
 DEBUG root [0x7e17abc69fc0] [2025-09-02 12:08:18,270] - loaded entity-script:Teleporter(40).
 DEBUG root [0x7e17abc69fc0] [2025-09-02 12:08:18,277] - loaded entity-script:CityBattleTeleporter(41).
 DEBUG root [0x7e17abc69fc0] [2025-09-02 12:08:18,278] - loaded entity-script:CoreAreaFlag(42).
 DEBUG root [0x7e17abc69fc0] [2025-09-02 12:08:18,280] - loaded entity-script:Npc(43).
 DEBUG root [0x7e17abc69fc0] [2025-09-02 12:08:18,287] - loaded entity-script:Collection(44).
 DEBUG root [0x7e17abc69fc0] [2025-09-02 12:08:18,296] - loaded entity-script:Creation(45).
 DEBUG root [0x7e17abc69fc0] [2025-09-02 12:08:18,302] - loaded entity-script:DuelFlag(46).
  INFO root [0x7e17abc69fc0] [2025-09-02 12:08:18,303] - TelnetServer server is running on port 50001
  INFO root [0x7e17abc69fc0] [2025-09-02 12:08:18,303] - start server app, timing method:rdtsc 3417531684
  INFO root [0x7e17abc69fc0] [2025-09-02 12:08:18,326] - ---- cellapp Version: 2.5.8. ScriptVersion: 0.1.0. Pythoncore: 3.7.3. Protocol: 00C842919090D3FD4897D0C953C8FBA9. Protocol client: 3E7AE130BB33C652DBF24318D016ECD0. Config: Hybrid64 X64. Built: 21:29:23 Aug 27 2025. AppID: 800001. UID: 1001. PID: 1157725 ----
  INFO root [0x7e17abc69fc0] [2025-09-02 12:08:18,327] - Server ubuntumyh: Intel(R) Core(TM) i7-14700KF x4 with 8083592kB RAM
  INFO root [0x7e17abc69fc0] [2025-09-02 12:08:18,327] - ---- cellapp is running ----
 DEBUG root [0x7e17abc69fc0] [2025-09-02 12:08:18,328] - Components::process(): Request for the process of identity...
  WARN root [0x7e17abc69fc0] [2025-09-02 12:08:24,341] - EntityApp::checkTickPeriod: tick took 6027% (6.03 seconds)!
  INFO root [0x7e17abc69fc0] [2025-09-02 12:08:25,381] - Components::findComponents: find logger(1)...
  INFO root [0x7e17abc69fc0] [2025-09-02 12:08:25,461] - Components::findComponents: found logger, addr:192.168.10.127:43117
  INFO root [0x7e17abc69fc0] [2025-09-02 12:08:25,461] - Components::addComponent: reset orderLog, uid=1001!
  INFO root [0x7e17abc69fc0] [2025-09-02 12:08:25,461] - Components::addComponent[logger], uid=1001, componentID=200001, globalorderid=1, grouporderid=1, totalcount=1
  INFO root [0x7e17abc69fc0] [2025-09-02 12:08:25,462] - Components::findComponents: find dbmgr(2)...
  INFO root [0x7e17abc69fc0] [2025-09-02 12:08:25,562] - Components::findComponents: found dbmgr, addr:192.168.10.127:49301
  INFO root [0x7e17abc69fc0] [2025-09-02 12:08:25,563] - Components::addComponent: reset orderLog, uid=1001!
  INFO root [0x7e17abc69fc0] [2025-09-02 12:08:25,563] - Components::addComponent[dbmgr], uid=1001, componentID=400001, globalorderid=4, grouporderid=1, totalcount=1
  WARN root [0x7e17abc69fc0] [2025-09-02 12:08:26,565] - Forwarding logs to logger[192.168.10.127:43117/0/0/0]...
