  INFO root [2025-09-02 12:08:08,429] - 
  INFO root [2025-09-02 12:08:08,430] - -----------------------------------------------------------------------------------------


  INFO root [2025-09-02 12:08:08,437] - Resmgr::initialize: KBE_ROOT=/mnt/hgfs/game/Server/kbeLinux/kbengine/
  INFO root [2025-09-02 12:08:08,438] - Resmgr::initialize: KBE_RES_PATH=/mnt/hgfs/game/Server/kbeLinux/kbengine/kbe/res/:/mnt/hgfs/game/Server/kbeLinux/kbengine/assets/:/mnt/hgfs/game/Server/kbeLinux/kbengine/assets/res/:/mnt/hgfs/game/Server/kbeLinux/kbengine/assets/scripts/
  INFO root [2025-09-02 12:08:08,438] - Resmgr::initialize: KBE_BIN_PATH=/mnt/hgfs/game/Server/kbeLinux/kbengine/kbe/bin/server/
  INFO root [2025-09-02 12:08:08,439] - NetworkInterface::initialize(INTERNAL-TCP): bound to all interfaces with default route interface on 192.168.10.127 ( 192.168.10.127:49301 )
  WARN root [2025-09-02 12:08:08,440] - NetworkInterface::initialize(INTERNAL-TCP): Operating with a receive buffer of only 425984 bytes (instead of 16777216)
  WARN root [2025-09-02 12:08:08,440] - NetworkInterface::initialize(INTERNAL-TCP): Operating with a send buffer of only 425984 bytes (instead of 16777216)
  INFO root [2025-09-02 12:08:08,440] - NetworkInterface::initialize(INTERNAL-TCP): address 192.168.10.127:49301, SOMAXCONN=511, rBufSize=425984, wBufSize=425984, this=[0x7ffe7444e770.
  INFO root [2025-09-02 12:08:08,441] - server-configs:
  INFO root [2025-09-02 12:08:08,441] - 	internalTcpAddr : 192.168.10.127:49301
  INFO root [2025-09-02 12:08:08,442] - 	componentID : 400001
  INFO root [2025-09-02 12:08:09,944] - ThreadPool::createThreadPool: creating  threadpool...
  INFO root [2025-09-02 12:08:09,944] - ThreadPool::createThreadPool: successfully(2), newThreadCount=1, normalMaxThreadCount=2, maxThreadCount=8
 DEBUG root [2025-09-02 12:08:10,072] - Script::install(): paths=/mnt/hgfs/game/Server/kbeLinux/kbengine/assets/scripts/common:/mnt/hgfs/game/Server/kbeLinux/kbengine/assets/scripts/common/Lib:/mnt/hgfs/game/Server/kbeLinux/kbengine/assets/scripts/data:/mnt/hgfs/game/Server/kbeLinux/kbengine/assets/scripts/user_type:/mnt/hgfs/game/Server/kbeLinux/kbengine/assets/scripts/server_common:/mnt/hgfs/game/Server/kbeLinux/kbengine/assets/scripts/db:/mnt/hgfs/game/Server/kbeLinux/kbengine/kbe/res/scripts:/mnt/hgfs/game/Server/kbeLinux/kbengine/kbe/res/scripts/common:/mnt/hgfs/game/Server/kbeLinux/kbengine/kbe/res/scripts/common/lib-dynload:/mnt/hgfs/game/Server/kbeLinux/kbengine/kbe/res/scripts/common/DLLs:/mnt/hgfs/game/Server/kbeLinux/kbengine/kbe/res/scripts/common/Lib:/mnt/hgfs/game/Server/kbeLinux/kbengine/kbe/res/scripts/common/Lib/site-packages:/mnt/hgfs/game/Server/kbeLinux/kbengine/kbe/res/scripts/common/Lib/dist-packages.
  INFO root [2025-09-02 12:08:11,140] - Script::install(): is successfully, Python=(3.7.3 (default, Mar 21 2025, 15:25:47) 
[GCC 13.3.0])!
  INFO root [2025-09-02 12:08:11,141] - Script::install(): KBExtra is successfully!
  INFO root [2025-09-02 12:08:12,693] - Dbmgr::initializeEnd: digest(310F1B4E74384410B1CA6549E7DB2DA3)
S_INFO root [2025-09-02 12:08:12,695] - onDBMgrReady: bootstrapGroupIndex=0, bootstrapGlobalIndex=0
  INFO root [2025-09-02 12:08:12,697] - TelnetServer server is running on port 32000
  WARN root [2025-09-02 12:08:12,700] - DBUtil::initialize: db(default) password is not encrypted!
please use password(rsa):
B3E6EFF2B10A672EF7BC45E0FB32597AF03F880E77DBEA06025B77200BA17BA7CD1C0837333328754E0A4CCDAA3724EAD64760CA1BDDF7EEC39DBC63F0A519A5C29AD2147D52D3A1D3C66CB38298663EF7AA33FDE34E484A9B83C061A89C49C9D940A5A8DC26B2E4753DB7531132E0530CBA97E4345F13660F22A3C7D75A57F1
 DEBUG root [2025-09-02 12:08:12,760] - DBInterfaceMysql::attach: connect: 127.0.0.1:3306 starting...
 DEBUG root [2025-09-02 12:08:12,766] - DBInterfaceMysql::attach: successfully! addr: 127.0.0.1:3306
  INFO root [2025-09-02 12:08:12,769] - DBUtil::createInterface[0x7ffe7444d9f8]: interface=default, dbtype=mysql, ip=127.0.0.1, port=3306, currdatabase=game_trunk, username=fengyan, connected=yes.

  INFO root [2025-09-02 12:08:12,769] - ThreadPool::createThreadPool: creating  threadpool...
  INFO root [2025-09-02 12:08:12,779] - ThreadPool::createThreadPool: successfully(5), newThreadCount=5, normalMaxThreadCount=5, maxThreadCount=5
 DEBUG root [2025-09-02 12:08:12,781] - DBInterfaceMysql::attach: connect: 127.0.0.1:3306 starting...
 DEBUG root [2025-09-02 12:08:12,784] - DBInterfaceMysql::attach: connect: 127.0.0.1:3306 starting...
 DEBUG root [2025-09-02 12:08:12,791] - DBInterfaceMysql::attach: successfully! addr: 127.0.0.1:3306
 DEBUG root [2025-09-02 12:08:12,792] - DBThread::onStart(): 0x73b8b84a5c80!
 DEBUG root [2025-09-02 12:08:12,793] - DBInterfaceMysql::attach: connect: 127.0.0.1:3306 starting...
 DEBUG root [2025-09-02 12:08:12,802] - DBInterfaceMysql::attach: connect: 127.0.0.1:3306 starting...
 DEBUG root [2025-09-02 12:08:12,810] - DBInterfaceMysql::attach: connect: 127.0.0.1:3306 starting...
 DEBUG root [2025-09-02 12:08:12,816] - DBInterfaceMysql::attach: successfully! addr: 127.0.0.1:3306
 DEBUG root [2025-09-02 12:08:12,820] - DBInterfaceMysql::attach: successfully! addr: 127.0.0.1:3306
 DEBUG root [2025-09-02 12:08:12,820] - DBThread::onStart(): 0x73b8b84a5e00!
 DEBUG root [2025-09-02 12:08:12,820] - DBThread::onStart(): 0x73b8b84a5d40!
 DEBUG root [2025-09-02 12:08:12,822] - DBInterfaceMysql::attach: successfully! addr: 127.0.0.1:3306
 DEBUG root [2025-09-02 12:08:12,823] - DBThread::onStart(): 0x73b8b84a5ec0!
 DEBUG root [2025-09-02 12:08:12,824] - DBInterfaceMysql::attach: successfully! addr: 127.0.0.1:3306
 DEBUG root [2025-09-02 12:08:12,824] - DBThread::onStart(): 0x73b8b84a5f80!
  INFO root [2025-09-02 12:08:12,971] - DBInterfaceMysql::query: successfully!
  WARN root [2025-09-02 12:08:12,976] - ThreadPool::addTask: can't createthread, the poolsize is full(5).
  WARN root [2025-09-02 12:08:12,977] - ThreadPool::addTask: can't createthread, the poolsize is full(5).
  WARN root [2025-09-02 12:08:12,978] - ThreadPool::addTask: can't createthread, the poolsize is full(5).
  WARN root [2025-09-02 12:08:12,982] - ThreadPool::addTask: can't createthread, the poolsize is full(5).
  WARN root [2025-09-02 12:08:12,982] - ThreadPool::addTask: can't createthread, the poolsize is full(5).
  WARN root [2025-09-02 12:08:12,984] - ThreadPool::addTask: can't createthread, the poolsize is full(5).
  WARN root [2025-09-02 12:08:12,985] - ThreadPool::addTask: can't createthread, the poolsize is full(5).
  INFO root [2025-09-02 12:08:12,986] - DBInterfaceMysql::query: successfully!
  INFO root [2025-09-02 12:08:12,986] - DBInterfaceMysql::query: successfully!
  INFO root [2025-09-02 12:08:12,986] - DBInterfaceMysql::query: successfully!
  INFO root [2025-09-02 12:08:12,986] - DBInterfaceMysql::query: successfully!
  INFO root [2025-09-02 12:08:12,987] - DBInterfaceMysql::query: successfully!
  WARN root [2025-09-02 12:08:12,988] - ThreadPool::addTask: can't createthread, the poolsize is full(5).
  INFO root [2025-09-02 12:08:12,990] - DBInterfaceMysql::query: successfully!
  INFO root [2025-09-02 12:08:12,990] - DBInterfaceMysql::query: successfully!
  INFO root [2025-09-02 12:08:12,991] - DBInterfaceMysql::query: successfully!
  WARN root [2025-09-02 12:08:12,991] - ThreadPool::addTask: can't createthread, the poolsize is full(5).
  WARN root [2025-09-02 12:08:12,991] - ThreadPool::addTask: can't createthread, the poolsize is full(5).
  WARN root [2025-09-02 12:08:13,000] - ThreadPool::addTask: can't createthread, the poolsize is full(5).
  WARN root [2025-09-02 12:08:13,001] - ThreadPool::addTask: can't createthread, the poolsize is full(5).
  WARN root [2025-09-02 12:08:13,002] - ThreadPool::addTask: can't createthread, the poolsize is full(5).
  WARN root [2025-09-02 12:08:13,003] - ThreadPool::addTask: can't createthread, the poolsize is full(5).
  WARN root [2025-09-02 12:08:13,004] - ThreadPool::addTask: can't createthread, the poolsize is full(5).
  WARN root [2025-09-02 12:08:13,005] - ThreadPool::addTask: can't createthread, the poolsize is full(5).
  WARN root [2025-09-02 12:08:13,005] - ThreadPool::addTask: can't createthread, the poolsize is full(5).
  WARN root [2025-09-02 12:08:13,009] - ThreadPool::addTask: can't createthread, the poolsize is full(5).
  WARN root [2025-09-02 12:08:13,009] - ThreadPool::addTask: can't createthread, the poolsize is full(5).
  WARN root [2025-09-02 12:08:13,010] - ThreadPool::addTask: can't createthread, the poolsize is full(5).
  WARN root [2025-09-02 12:08:13,010] - ThreadPool::addTask: can't createthread, the poolsize is full(5).
  WARN root [2025-09-02 12:08:13,011] - ThreadPool::addTask: can't createthread, the poolsize is full(5).
  WARN root [2025-09-02 12:08:13,012] - ThreadPool::addTask: can't createthread, the poolsize is full(5).
 DEBUG root [2025-09-02 12:08:13,015] - final sqlStr :: GlobalMailStub_delayMailList_despArgs->().
 DEBUG root [2025-09-02 12:08:13,018] - final sqlStr :: Avatar_storeData_stores->().
 DEBUG root [2025-09-02 12:08:13,020] - final sqlStr :: Avatar_collectibleData_collectibleList->().
 DEBUG root [2025-09-02 12:08:13,022] - final sqlStr :: Avatar_newbieGuideIds->().
 DEBUG root [2025-09-02 12:08:13,024] - final sqlStr :: Guild_applyJoins_applyJoins->().
 DEBUG root [2025-09-02 12:08:13,025] - final sqlStr :: CoreAreaFlag->().
 DEBUG root [2025-09-02 12:08:13,028] - final sqlStr :: RaidStub->().
  WARN root [2025-09-02 12:08:13,032] - ThreadPool::addTask: can't createthread, the poolsize is full(5).
  WARN root [2025-09-02 12:08:13,032] - ThreadPool::addTask: can't createthread, the poolsize is full(5).
  WARN root [2025-09-02 12:08:13,034] - ThreadPool::addTask: can't createthread, the poolsize is full(5).
  WARN root [2025-09-02 12:08:13,034] - ThreadPool::addTask: can't createthread, the poolsize is full(5).
  WARN root [2025-09-02 12:08:13,035] - ThreadPool::addTask: can't createthread, the poolsize is full(5).
  WARN root [2025-09-02 12:08:13,036] - ThreadPool::addTask: can't createthread, the poolsize is full(5).
  WARN root [2025-09-02 12:08:13,036] - ThreadPool::addTask: can't createthread, the poolsize is full(5).
  WARN root [2025-09-02 12:08:13,038] - ThreadPool::addTask: can't createthread, the poolsize is full(5).
  WARN root [2025-09-02 12:08:13,044] - ThreadPool::addTask: can't createthread, the poolsize is full(5).
  WARN root [2025-09-02 12:08:13,045] - ThreadPool::addTask: can't createthread, the poolsize is full(5).
  WARN root [2025-09-02 12:08:13,045] - ThreadPool::addTask: can't createthread, the poolsize is full(5).
  WARN root [2025-09-02 12:08:13,046] - ThreadPool::addTask: can't createthread, the poolsize is full(5).
  WARN root [2025-09-02 12:08:13,046] - ThreadPool::addTask: can't createthread, the poolsize is full(5).
  WARN root [2025-09-02 12:08:13,047] - ThreadPool::addTask: can't createthread, the poolsize is full(5).
  WARN root [2025-09-02 12:08:13,048] - ThreadPool::addTask: can't createthread, the poolsize is full(5).
  WARN root [2025-09-02 12:08:13,048] - ThreadPool::addTask: can't createthread, the poolsize is full(5).
 DEBUG root [2025-09-02 12:08:13,049] - final sqlStr :: Avatar_instantPotionSlots_slots->().
 DEBUG root [2025-09-02 12:08:13,051] - final sqlStr :: SingleDungeonStub->().
 DEBUG root [2025-09-02 12:08:13,053] - final sqlStr :: TeamDungeonStub->().
 DEBUG root [2025-09-02 12:08:13,053] - final sqlStr :: PlayerStub->().
 DEBUG root [2025-09-02 12:08:13,054] - final sqlStr :: Avatar_lingShouInfo_battleList->().
  WARN root [2025-09-02 12:08:13,055] - ThreadPool::addTask: can't createthread, the poolsize is full(5).
  WARN root [2025-09-02 12:08:13,056] - ThreadPool::addTask: can't createthread, the poolsize is full(5).
  WARN root [2025-09-02 12:08:13,056] - ThreadPool::addTask: can't createthread, the poolsize is full(5).
  WARN root [2025-09-02 12:08:13,058] - ThreadPool::addTask: can't createthread, the poolsize is full(5).
  WARN root [2025-09-02 12:08:13,059] - ThreadPool::addTask: can't createthread, the poolsize is full(5).
  WARN root [2025-09-02 12:08:13,059] - ThreadPool::addTask: can't createthread, the poolsize is full(5).
  WARN root [2025-09-02 12:08:13,060] - ThreadPool::addTask: can't createthread, the poolsize is full(5).
  WARN root [2025-09-02 12:08:13,060] - ThreadPool::addTask: can't createthread, the poolsize is full(5).
  WARN root [2025-09-02 12:08:13,065] - ThreadPool::addTask: can't createthread, the poolsize is full(5).
  WARN root [2025-09-02 12:08:13,066] - ThreadPool::bufferTask: task buffered(33)!
  WARN root [2025-09-02 12:08:13,067] - ThreadPool::addTask: can't createthread, the poolsize is full(5).
  WARN root [2025-09-02 12:08:13,067] - ThreadPool::bufferTask: task buffered(34)!
  WARN root [2025-09-02 12:08:13,070] - ThreadPool::addTask: can't createthread, the poolsize is full(5).
  WARN root [2025-09-02 12:08:13,071] - ThreadPool::bufferTask: task buffered(35)!
  WARN root [2025-09-02 12:08:13,071] - ThreadPool::addTask: can't createthread, the poolsize is full(5).
  WARN root [2025-09-02 12:08:13,071] - ThreadPool::bufferTask: task buffered(36)!
  WARN root [2025-09-02 12:08:13,073] - ThreadPool::addTask: can't createthread, the poolsize is full(5).
  WARN root [2025-09-02 12:08:13,074] - ThreadPool::bufferTask: task buffered(37)!
  WARN root [2025-09-02 12:08:13,074] - ThreadPool::addTask: can't createthread, the poolsize is full(5).
  WARN root [2025-09-02 12:08:13,075] - ThreadPool::bufferTask: task buffered(38)!
  WARN root [2025-09-02 12:08:13,077] - ThreadPool::addTask: can't createthread, the poolsize is full(5).
  WARN root [2025-09-02 12:08:13,078] - ThreadPool::bufferTask: task buffered(39)!
  WARN root [2025-09-02 12:08:13,079] - ThreadPool::addTask: can't createthread, the poolsize is full(5).
  WARN root [2025-09-02 12:08:13,080] - ThreadPool::bufferTask: task buffered(40)!
  WARN root [2025-09-02 12:08:13,080] - ThreadPool::addTask: can't createthread, the poolsize is full(5).
  WARN root [2025-09-02 12:08:13,080] - ThreadPool::bufferTask: task buffered(41)!
  WARN root [2025-09-02 12:08:13,081] - ThreadPool::addTask: can't createthread, the poolsize is full(5).
  WARN root [2025-09-02 12:08:13,081] - ThreadPool::bufferTask: task buffered(42)!
  WARN root [2025-09-02 12:08:13,082] - ThreadPool::addTask: can't createthread, the poolsize is full(5).
 DEBUG root [2025-09-02 12:08:13,083] - final sqlStr :: Creation->().
 DEBUG root [2025-09-02 12:08:13,083] - final sqlStr :: Collection->().
 DEBUG root [2025-09-02 12:08:13,083] - final sqlStr :: BaseApp->().
 DEBUG root [2025-09-02 12:08:13,084] - final sqlStr :: LeaderBoardStub_leaderBoardList_schoolsData->().
 DEBUG root [2025-09-02 12:08:13,084] - final sqlStr :: Avatar_storeData_stores_itemsList->().
  WARN root [2025-09-02 12:08:13,085] - ThreadPool::bufferTask: task buffered(43)!
  WARN root [2025-09-02 12:08:13,085] - ThreadPool::popbufferTask: task buffered(43)!
  WARN root [2025-09-02 12:08:13,086] - ThreadPool::popbufferTask: task buffered(42)!
  WARN root [2025-09-02 12:08:13,087] - ThreadPool::popbufferTask: task buffered(41)!
  WARN root [2025-09-02 12:08:13,088] - ThreadPool::popbufferTask: task buffered(40)!
 DEBUG root [2025-09-02 12:08:13,088] - final sqlStr :: SiegeWarStub->().
  WARN root [2025-09-02 12:08:13,090] - ThreadPool::addTask: can't createthread, the poolsize is full(5).
  WARN root [2025-09-02 12:08:13,091] - ThreadPool::popbufferTask: task buffered(39)!
  WARN root [2025-09-02 12:08:13,092] - ThreadPool::bufferTask: task buffered(39)!
  WARN root [2025-09-02 12:08:13,094] - ThreadPool::addTask: can't createthread, the poolsize is full(5).
  WARN root [2025-09-02 12:08:13,094] - ThreadPool::bufferTask: task buffered(40)!
  WARN root [2025-09-02 12:08:13,095] - ThreadPool::addTask: can't createthread, the poolsize is full(5).
 DEBUG root [2025-09-02 12:08:13,098] - final sqlStr :: GlobalMailStub->().
 DEBUG root [2025-09-02 12:08:13,099] - final sqlStr :: TeamStub->().
  WARN root [2025-09-02 12:08:13,099] - ThreadPool::popbufferTask: task buffered(40)!
 DEBUG root [2025-09-02 12:08:13,100] - final sqlStr :: WonderLandStub->().
 DEBUG root [2025-09-02 12:08:13,101] - final sqlStr :: Avatar_enemyMgr_recordList->().
  WARN root [2025-09-02 12:08:13,101] - ThreadPool::bufferTask: task buffered(40)!
  WARN root [2025-09-02 12:08:13,101] - ThreadPool::addTask: can't createthread, the poolsize is full(5).
  WARN root [2025-09-02 12:08:13,103] - ThreadPool::popbufferTask: task buffered(40)!
  WARN root [2025-09-02 12:08:13,104] - ThreadPool::popbufferTask: task buffered(39)!
 DEBUG root [2025-09-02 12:08:13,104] - final sqlStr :: ActStub->().
  WARN root [2025-09-02 12:08:13,105] - ThreadPool::popbufferTask: task buffered(38)!
  WARN root [2025-09-02 12:08:13,105] - ThreadPool::popbufferTask: task buffered(37)!
 DEBUG root [2025-09-02 12:08:13,106] - final sqlStr :: Avatar_lingShouInfo_lingShouList->().
 DEBUG root [2025-09-02 12:08:13,107] - final sqlStr :: GuildStub->().
 DEBUG root [2025-09-02 12:08:13,107] - final sqlStr :: WorldRefreshEntityStub->().
  WARN root [2025-09-02 12:08:13,108] - ThreadPool::bufferTask: task buffered(37)!
  WARN root [2025-09-02 12:08:13,108] - ThreadPool::addTask: can't createthread, the poolsize is full(5).
  WARN root [2025-09-02 12:08:13,108] - ThreadPool::bufferTask: task buffered(38)!
  WARN root [2025-09-02 12:08:13,109] - ThreadPool::addTask: can't createthread, the poolsize is full(5).
  WARN root [2025-09-02 12:08:13,110] - ThreadPool::popbufferTask: task buffered(38)!
  WARN root [2025-09-02 12:08:13,111] - ThreadPool::popbufferTask: task buffered(37)!
  WARN root [2025-09-02 12:08:13,112] - ThreadPool::popbufferTask: task buffered(36)!
 DEBUG root [2025-09-02 12:08:13,113] - final sqlStr :: Avatar_achievementInfo_finishedIds->().
  WARN root [2025-09-02 12:08:13,116] - ThreadPool::popbufferTask: task buffered(35)!
 DEBUG root [2025-09-02 12:08:13,116] - final sqlStr :: GlobalMailStub_mailList_despArgs->().
 DEBUG root [2025-09-02 12:08:13,117] - final sqlStr :: RaidMatchStub->().
 DEBUG root [2025-09-02 12:08:13,117] - final sqlStr :: Avatar_savedBuffDic_buffs->().
 DEBUG root [2025-09-02 12:08:13,118] - final sqlStr :: Summon_skillDic_skills->().
  WARN root [2025-09-02 12:08:13,119] - ThreadPool::bufferTask: task buffered(35)!
  WARN root [2025-09-02 12:08:13,120] - ThreadPool::addTask: can't createthread, the poolsize is full(5).
  WARN root [2025-09-02 12:08:13,120] - ThreadPool::bufferTask: task buffered(36)!
  WARN root [2025-09-02 12:08:13,120] - ThreadPool::addTask: can't createthread, the poolsize is full(5).
  WARN root [2025-09-02 12:08:13,122] - ThreadPool::popbufferTask: task buffered(36)!
  WARN root [2025-09-02 12:08:13,122] - ThreadPool::popbufferTask: task buffered(35)!
  WARN root [2025-09-02 12:08:13,124] - ThreadPool::popbufferTask: task buffered(34)!
  WARN root [2025-09-02 12:08:13,124] - ThreadPool::popbufferTask: task buffered(33)!
 DEBUG root [2025-09-02 12:08:13,125] - final sqlStr :: Guild_guildEvent_eventList->().
  WARN root [2025-09-02 12:08:13,126] - ThreadPool::addTask: can't createthread, the poolsize is full(5).
  WARN root [2025-09-02 12:08:13,126] - ThreadPool::addTask: can't createthread, the poolsize is full(5).
  WARN root [2025-09-02 12:08:13,127] - ThreadPool::bufferTask: task buffered(33)!
  WARN root [2025-09-02 12:08:13,129] - ThreadPool::addTask: can't createthread, the poolsize is full(5).
  WARN root [2025-09-02 12:08:13,129] - ThreadPool::bufferTask: task buffered(34)!
  WARN root [2025-09-02 12:08:13,130] - ThreadPool::addTask: can't createthread, the poolsize is full(5).
  WARN root [2025-09-02 12:08:13,130] - ThreadPool::bufferTask: task buffered(35)!
  WARN root [2025-09-02 12:08:13,131] - ThreadPool::addTask: can't createthread, the poolsize is full(5).
  WARN root [2025-09-02 12:08:13,131] - ThreadPool::bufferTask: task buffered(36)!
  WARN root [2025-09-02 12:08:13,131] - ThreadPool::addTask: can't createthread, the poolsize is full(5).
  WARN root [2025-09-02 12:08:13,132] - ThreadPool::bufferTask: task buffered(37)!
  WARN root [2025-09-02 12:08:13,133] - ThreadPool::addTask: can't createthread, the poolsize is full(5).
  WARN root [2025-09-02 12:08:13,133] - ThreadPool::bufferTask: task buffered(38)!
  WARN root [2025-09-02 12:08:13,134] - ThreadPool::addTask: can't createthread, the poolsize is full(5).
  WARN root [2025-09-02 12:08:13,134] - ThreadPool::bufferTask: task buffered(39)!
  WARN root [2025-09-02 12:08:13,136] - ThreadPool::addTask: can't createthread, the poolsize is full(5).
  WARN root [2025-09-02 12:08:13,137] - ThreadPool::bufferTask: task buffered(40)!
  WARN root [2025-09-02 12:08:13,137] - ThreadPool::addTask: can't createthread, the poolsize is full(5).
  WARN root [2025-09-02 12:08:13,137] - ThreadPool::bufferTask: task buffered(41)!
  WARN root [2025-09-02 12:08:13,139] - ThreadPool::addTask: can't createthread, the poolsize is full(5).
  WARN root [2025-09-02 12:08:13,141] - ThreadPool::bufferTask: task buffered(42)!
  WARN root [2025-09-02 12:08:13,141] - ThreadPool::addTask: can't createthread, the poolsize is full(5).
  WARN root [2025-09-02 12:08:13,142] - ThreadPool::bufferTask: task buffered(43)!
  WARN root [2025-09-02 12:08:13,142] - ThreadPool::addTask: can't createthread, the poolsize is full(5).
  WARN root [2025-09-02 12:08:13,143] - ThreadPool::bufferTask: task buffered(44)!
  WARN root [2025-09-02 12:08:13,143] - ThreadPool::addTask: can't createthread, the poolsize is full(5).
  WARN root [2025-09-02 12:08:13,147] - ThreadPool::bufferTask: task buffered(45)!
  WARN root [2025-09-02 12:08:13,147] - ThreadPool::addTask: can't createthread, the poolsize is full(5).
  WARN root [2025-09-02 12:08:13,148] - ThreadPool::bufferTask: task buffered(46)!
  WARN root [2025-09-02 12:08:13,149] - ThreadPool::addTask: can't createthread, the poolsize is full(5).
  WARN root [2025-09-02 12:08:13,149] - ThreadPool::bufferTask: task buffered(47)!
  WARN root [2025-09-02 12:08:13,150] - ThreadPool::addTask: can't createthread, the poolsize is full(5).
  WARN root [2025-09-02 12:08:13,150] - ThreadPool::bufferTask: task buffered(48)!
  WARN root [2025-09-02 12:08:13,150] - ThreadPool::addTask: can't createthread, the poolsize is full(5).
  WARN root [2025-09-02 12:08:13,151] - ThreadPool::bufferTask: task buffered(49)!
  WARN root [2025-09-02 12:08:13,153] - ThreadPool::addTask: can't createthread, the poolsize is full(5).
  WARN root [2025-09-02 12:08:13,153] - ThreadPool::bufferTask: task buffered(50)!
  WARN root [2025-09-02 12:08:13,154] - ThreadPool::addTask: can't createthread, the poolsize is full(5).
  WARN root [2025-09-02 12:08:13,154] - ThreadPool::bufferTask: task buffered(51)!
  WARN root [2025-09-02 12:08:13,155] - ThreadPool::addTask: can't createthread, the poolsize is full(5).
  WARN root [2025-09-02 12:08:13,156] - ThreadPool::bufferTask: task buffered(52)!
  WARN root [2025-09-02 12:08:13,157] - ThreadPool::addTask: can't createthread, the poolsize is full(5).
  WARN root [2025-09-02 12:08:13,157] - ThreadPool::bufferTask: task buffered(53)!
  WARN root [2025-09-02 12:08:13,158] - ThreadPool::addTask: can't createthread, the poolsize is full(5).
  WARN root [2025-09-02 12:08:13,158] - ThreadPool::bufferTask: task buffered(54)!
  WARN root [2025-09-02 12:08:13,159] - ThreadPool::addTask: can't createthread, the poolsize is full(5).
  WARN root [2025-09-02 12:08:13,163] - ThreadPool::bufferTask: task buffered(55)!
  WARN root [2025-09-02 12:08:13,163] - ThreadPool::addTask: can't createthread, the poolsize is full(5).
  WARN root [2025-09-02 12:08:13,163] - ThreadPool::bufferTask: task buffered(56)!
  WARN root [2025-09-02 12:08:13,164] - ThreadPool::addTask: can't createthread, the poolsize is full(5).
  WARN root [2025-09-02 12:08:13,166] - ThreadPool::bufferTask: task buffered(57)!
  WARN root [2025-09-02 12:08:13,166] - ThreadPool::addTask: can't createthread, the poolsize is full(5).
  WARN root [2025-09-02 12:08:13,170] - ThreadPool::bufferTask: task buffered(58)!
  WARN root [2025-09-02 12:08:13,170] - ThreadPool::addTask: can't createthread, the poolsize is full(5).
  WARN root [2025-09-02 12:08:13,171] - ThreadPool::bufferTask: task buffered(59)!
  WARN root [2025-09-02 12:08:13,172] - ThreadPool::addTask: can't createthread, the poolsize is full(5).
  WARN root [2025-09-02 12:08:13,172] - ThreadPool::bufferTask: task buffered(60)!
  WARN root [2025-09-02 12:08:13,173] - ThreadPool::addTask: can't createthread, the poolsize is full(5).
  WARN root [2025-09-02 12:08:13,179] - ThreadPool::bufferTask: task buffered(61)!
  WARN root [2025-09-02 12:08:13,179] - ThreadPool::addTask: can't createthread, the poolsize is full(5).
  WARN root [2025-09-02 12:08:13,180] - ThreadPool::bufferTask: task buffered(62)!
  WARN root [2025-09-02 12:08:13,180] - ThreadPool::addTask: can't createthread, the poolsize is full(5).
  WARN root [2025-09-02 12:08:13,181] - ThreadPool::bufferTask: task buffered(63)!
  WARN root [2025-09-02 12:08:13,181] - ThreadPool::addTask: can't createthread, the poolsize is full(5).
  WARN root [2025-09-02 12:08:13,182] - ThreadPool::bufferTask: task buffered(64)!
  WARN root [2025-09-02 12:08:13,182] - ThreadPool::addTask: can't createthread, the poolsize is full(5).
  WARN root [2025-09-02 12:08:13,184] - ThreadPool::bufferTask: task buffered(65)!
  WARN root [2025-09-02 12:08:13,185] - ThreadPool::addTask: can't createthread, the poolsize is full(5).
 DEBUG root [2025-09-02 12:08:13,186] - final sqlStr :: Avatar_warehouse_itemsList->().
 DEBUG root [2025-09-02 12:08:13,187] - final sqlStr :: SiegeWarStub_cntList->().
 DEBUG root [2025-09-02 12:08:13,188] - final sqlStr :: Avatar_skillDic_skills->().
  WARN root [2025-09-02 12:08:13,189] - ThreadPool::popbufferTask: task buffered(65)!
 DEBUG root [2025-09-02 12:08:13,189] - final sqlStr :: Monster_skillDic_skills->().
 DEBUG root [2025-09-02 12:08:13,190] - final sqlStr :: Teleporter->().
 DEBUG root [2025-09-02 12:08:13,190] - final sqlStr :: MonsterGrp->().
  WARN root [2025-09-02 12:08:13,191] - ThreadPool::popbufferTask: task buffered(64)!
  WARN root [2025-09-02 12:08:13,191] - ThreadPool::popbufferTask: task buffered(63)!
  WARN root [2025-09-02 12:08:13,192] - ThreadPool::popbufferTask: task buffered(62)!
 DEBUG root [2025-09-02 12:08:13,192] - final sqlStr :: CubeSpaceMgr->().
  WARN root [2025-09-02 12:08:13,193] - ThreadPool::popbufferTask: task buffered(61)!
  WARN root [2025-09-02 12:08:13,194] - ThreadPool::popbufferTask: task buffered(60)!
  WARN root [2025-09-02 12:08:13,194] - ThreadPool::popbufferTask: task buffered(59)!
 DEBUG root [2025-09-02 12:08:13,195] - final sqlStr :: WorldBossStub->().
 DEBUG root [2025-09-02 12:08:13,195] - final sqlStr :: Avatar_bodyEquipData_bodyEquipList->().
 DEBUG root [2025-09-02 12:08:13,195] - final sqlStr :: Monster->().
  WARN root [2025-09-02 12:08:13,197] - ThreadPool::popbufferTask: task buffered(58)!
 DEBUG root [2025-09-02 12:08:13,197] - final sqlStr :: DungeonSpaceMgr->().
  WARN root [2025-09-02 12:08:13,198] - ThreadPool::popbufferTask: task buffered(57)!
  WARN root [2025-09-02 12:08:13,199] - ThreadPool::popbufferTask: task buffered(56)!
 DEBUG root [2025-09-02 12:08:13,200] - final sqlStr :: Guild_guildUnionApplyMgr_applyUnionList->().
 DEBUG root [2025-09-02 12:08:13,201] - final sqlStr :: Account->().
 DEBUG root [2025-09-02 12:08:13,202] - final sqlStr :: Avatar_lingShouInfo_battleList_petIdList->().
  WARN root [2025-09-02 12:08:13,204] - ThreadPool::popbufferTask: task buffered(55)!
  WARN root [2025-09-02 12:08:13,205] - ThreadPool::popbufferTask: task buffered(54)!
 DEBUG root [2025-09-02 12:08:13,205] - final sqlStr :: Avatar_outfitInfo_outfitList->().
  WARN root [2025-09-02 12:08:13,206] - ThreadPool::popbufferTask: task buffered(53)!
 DEBUG root [2025-09-02 12:08:13,206] - final sqlStr :: CubeStub->().
  WARN root [2025-09-02 12:08:13,207] - ThreadPool::popbufferTask: task buffered(52)!
 DEBUG root [2025-09-02 12:08:13,208] - final sqlStr :: WorldLineSpaceMgr->().
 DEBUG root [2025-09-02 12:08:13,209] - final sqlStr :: Monster_savedBuffDic_buffs->().
  WARN root [2025-09-02 12:08:13,209] - ThreadPool::popbufferTask: task buffered(51)!
  WARN root [2025-09-02 12:08:13,210] - ThreadPool::popbufferTask: task buffered(50)!
 DEBUG root [2025-09-02 12:08:13,211] - final sqlStr :: Account_characters_characters->().
  WARN root [2025-09-02 12:08:13,212] - ThreadPool::popbufferTask: task buffered(49)!
  WARN root [2025-09-02 12:08:13,212] - ThreadPool::popbufferTask: task buffered(48)!
 DEBUG root [2025-09-02 12:08:13,213] - final sqlStr :: Barrier->().
 DEBUG root [2025-09-02 12:08:13,214] - final sqlStr :: Avatar_equipDropData_timerData->().
  WARN root [2025-09-02 12:08:13,215] - ThreadPool::popbufferTask: task buffered(47)!
 DEBUG root [2025-09-02 12:08:13,216] - final sqlStr :: Space->().
 DEBUG root [2025-09-02 12:08:13,217] - final sqlStr :: Avatar_holidayPayInfo_holidayPayList->().
 DEBUG root [2025-09-02 12:08:13,218] - final sqlStr :: Avatar_friendship_receiveList->().
  WARN root [2025-09-02 12:08:13,218] - ThreadPool::popbufferTask: task buffered(46)!
  WARN root [2025-09-02 12:08:13,219] - ThreadPool::popbufferTask: task buffered(45)!
  WARN root [2025-09-02 12:08:13,219] - ThreadPool::popbufferTask: task buffered(44)!
 DEBUG root [2025-09-02 12:08:13,220] - final sqlStr :: Avatar_friendship_blockList->().
  WARN root [2025-09-02 12:08:13,220] - ThreadPool::popbufferTask: task buffered(43)!
 DEBUG root [2025-09-02 12:08:13,221] - final sqlStr :: Avatar_friendship_msgDic->().
  WARN root [2025-09-02 12:08:13,221] - ThreadPool::popbufferTask: task buffered(42)!
  WARN root [2025-09-02 12:08:13,222] - ThreadPool::popbufferTask: task buffered(41)!
 DEBUG root [2025-09-02 12:08:13,223] - final sqlStr :: Avatar_buildDic_skills->().
  WARN root [2025-09-02 12:08:13,225] - ThreadPool::popbufferTask: task buffered(40)!
  WARN root [2025-09-02 12:08:13,226] - ThreadPool::popbufferTask: task buffered(39)!
 DEBUG root [2025-09-02 12:08:13,226] - final sqlStr :: SiegeWarStub_nameList->().
 DEBUG root [2025-09-02 12:08:13,227] - final sqlStr :: CityBattleTeleporter->().
 DEBUG root [2025-09-02 12:08:13,227] - final sqlStr :: SiegeWarSpaceMgr->().
  WARN root [2025-09-02 12:08:13,228] - ThreadPool::popbufferTask: task buffered(38)!
 DEBUG root [2025-09-02 12:08:13,228] - final sqlStr :: Avatar_achievementInfo_achieveList->().
 DEBUG root [2025-09-02 12:08:13,229] - final sqlStr :: Guild_members_members->().
 DEBUG root [2025-09-02 12:08:13,230] - final sqlStr :: WorldLineStub->().
  WARN root [2025-09-02 12:08:13,233] - ThreadPool::popbufferTask: task buffered(37)!
  WARN root [2025-09-02 12:08:13,234] - ThreadPool::popbufferTask: task buffered(36)!
  WARN root [2025-09-02 12:08:13,235] - ThreadPool::popbufferTask: task buffered(35)!
  WARN root [2025-09-02 12:08:13,236] - ThreadPool::popbufferTask: task buffered(34)!
 DEBUG root [2025-09-02 12:08:13,236] - final sqlStr :: WonderLandSpaceMgr->().
 DEBUG root [2025-09-02 12:08:13,237] - final sqlStr :: LoginStub->().
  WARN root [2025-09-02 12:08:13,237] - ThreadPool::popbufferTask: task buffered(33)!
 DEBUG root [2025-09-02 12:08:13,237] - final sqlStr :: AdminStub->().
 DEBUG root [2025-09-02 12:08:13,238] - final sqlStr :: Guild_guildEvent_eventList_args->().
 DEBUG root [2025-09-02 12:08:13,239] - final sqlStr :: Avatar_enemyMgr_enemyList->().
 DEBUG root [2025-09-02 12:08:13,239] - final sqlStr :: Summon_savedBuffDic_buffs->().
 DEBUG root [2025-09-02 12:08:13,239] - final sqlStr :: Guild_permissions_permissions->().
 DEBUG root [2025-09-02 12:08:13,240] - final sqlStr :: Avatar_friendship_recentList->().
 DEBUG root [2025-09-02 12:08:13,242] - final sqlStr :: SiegeWarSpaceStub->().
 DEBUG root [2025-09-02 12:08:13,243] - final sqlStr :: Guild_junXuArchitecture_qixieList->().
 DEBUG root [2025-09-02 12:08:13,243] - final sqlStr :: CrossDataStub->().
 DEBUG root [2025-09-02 12:08:13,244] - final sqlStr :: Creation_skillDic_skills->().
 DEBUG root [2025-09-02 12:08:13,246] - final sqlStr :: ItemLinkStub->().
 DEBUG root [2025-09-02 12:08:13,249] - final sqlStr :: Guild->().
 DEBUG root [2025-09-02 12:08:13,249] - final sqlStr :: Npc->().
 DEBUG root [2025-09-02 12:08:13,252] - final sqlStr :: DropStub->().
 DEBUG root [2025-09-02 12:08:13,255] - final sqlStr :: Creation_savedBuffDic_buffs->().
 DEBUG root [2025-09-02 12:08:13,256] - final sqlStr :: GlobalMailStub_mailList->().
 DEBUG root [2025-09-02 12:08:13,257] - final sqlStr :: Summon->().
 DEBUG root [2025-09-02 12:08:13,260] - final sqlStr :: Avatar_buildDic_skillLevels->().
 DEBUG root [2025-09-02 12:08:13,261] - final sqlStr :: CrossSiegeWarStub->().
 DEBUG root [2025-09-02 12:08:13,262] - final sqlStr :: Avatar_equipDropData_takerWaitList->().
 DEBUG root [2025-09-02 12:08:13,263] - final sqlStr :: SiegeWarStub_guildNameList->().
 DEBUG root [2025-09-02 12:08:13,265] - final sqlStr :: Guild_guildUnionApplyMgr_senderList->().
 DEBUG root [2025-09-02 12:08:13,266] - final sqlStr :: Npc_savedBuffDic_buffs->().
 DEBUG root [2025-09-02 12:08:13,267] - final sqlStr :: Npc_skillDic_skills->().
 DEBUG root [2025-09-02 12:08:13,268] - final sqlStr :: Avatar->().
 DEBUG root [2025-09-02 12:08:13,269] - final sqlStr :: CrossServerStub->().
 DEBUG root [2025-09-02 12:08:13,270] - final sqlStr :: AuctionStub->().
 DEBUG root [2025-09-02 12:08:13,272] - final sqlStr :: Avatar_lingShouInfo_lingShouList_equipList->().
 DEBUG root [2025-09-02 12:08:13,272] - final sqlStr :: DuelFlag->().
 DEBUG root [2025-09-02 12:08:13,273] - final sqlStr :: RaidDungeonStub->().
 DEBUG root [2025-09-02 12:08:13,274] - final sqlStr :: LeaderBoardStub->().
 DEBUG root [2025-09-02 12:08:13,274] - final sqlStr :: TeamMatchStub->().
 DEBUG root [2025-09-02 12:08:13,275] - final sqlStr :: GlobalMailStub_delayMailList->().
 DEBUG root [2025-09-02 12:08:13,275] - final sqlStr :: Avatar_blazeIds->().
 DEBUG root [2025-09-02 12:08:13,276] - final sqlStr :: Avatar_drawCardInfo_cardPoolInfoList->().
  WARN root [2025-09-02 12:08:13,310] - dbmgr.cpp:325: Profile scriptCall, extra:[] took 0.62 seconds
  INFO root [2025-09-02 12:08:13,315] - start server app, timing method:rdtsc 3417531307
  INFO root [2025-09-02 12:08:13,402] - ---- dbmgr Version: 2.5.8. ScriptVersion: 0.1.0. Pythoncore: 3.7.3. Protocol: 00C842919090D3FD4897D0C953C8FBA9. Protocol client: 3E7AE130BB33C652DBF24318D016ECD0. Config: Hybrid64 X64. Built: 21:29:54 Aug 27 2025. AppID: 400001. UID: 1001. PID: 1157767 ----
  INFO root [2025-09-02 12:08:13,402] - Server ubuntumyh: Intel(R) Core(TM) i7-14700KF x4 with 8083592kB RAM
  INFO root [2025-09-02 12:08:13,404] - ---- dbmgr is running ----
 DEBUG root [2025-09-02 12:08:13,406] - Components::process(): Request for the process of identity...
 DEBUG root [2025-09-02 12:08:19,423] - Dbmgr::onBroadSelfCBFromMachine: uid=1001, componentType=1, componentID=400001, globalOrderid=4, groupOrderid=1)!
  INFO root [2025-09-02 12:08:20,434] - Components::findComponents: find logger(1)...
  INFO root [2025-09-02 12:08:21,061] - Components::findComponents: found logger, addr:192.168.10.127:43117
  INFO root [2025-09-02 12:08:21,062] - Components::addComponent: reset orderLog, uid=1001!
  INFO root [2025-09-02 12:08:21,062] - Components::addComponent[logger], uid=1001, componentID=200001, globalorderid=1, grouporderid=1, totalcount=1
  WARN root [2025-09-02 12:08:21,062] - Forwarding logs to logger[192.168.10.127:43117/0/0/0]...
