  INFO root [2025-09-02 12:08:07,930] - 
  INFO root [2025-09-02 12:08:07,931] - -----------------------------------------------------------------------------------------


  INFO root [2025-09-02 12:08:07,992] - Resmgr::initialize: KBE_ROOT=/mnt/hgfs/game/Server/kbeLinux/kbengine/
  INFO root [2025-09-02 12:08:07,993] - Resmgr::initialize: KBE_RES_PATH=/mnt/hgfs/game/Server/kbeLinux/kbengine/kbe/res/:/mnt/hgfs/game/Server/kbeLinux/kbengine/assets/:/mnt/hgfs/game/Server/kbeLinux/kbengine/assets/res/:/mnt/hgfs/game/Server/kbeLinux/kbengine/assets/scripts/
  INFO root [2025-09-02 12:08:07,994] - Resmgr::initialize: KBE_BIN_PATH=/mnt/hgfs/game/Server/kbeLinux/kbengine/kbe/bin/server/
  INFO root [2025-09-02 12:08:08,004] - NetworkInterface::initialize(INTERNAL-TCP): bound to all interfaces with default route interface on 192.168.10.127 ( 192.168.10.127:30099 )
  WARN root [2025-09-02 12:08:08,005] - NetworkInterface::initialize(INTERNAL-TCP): Operating with a receive buffer of only 425984 bytes (instead of 16777216)
  WARN root [2025-09-02 12:08:08,005] - NetworkInterface::initialize(INTERNAL-TCP): Operating with a send buffer of only 425984 bytes (instead of 16777216)
  INFO root [2025-09-02 12:08:08,005] - NetworkInterface::initialize(INTERNAL-TCP): address 192.168.10.127:30099, SOMAXCONN=511, rBufSize=425984, wBufSize=425984, this=[0x7ffdff273c80.
  INFO root [2025-09-02 12:08:08,006] - server-configs:
  INFO root [2025-09-02 12:08:08,006] - 	internalTcpAddr : 192.168.10.127:30099
  INFO root [2025-09-02 12:08:08,006] - 	externalTcpAddr : %s
  INFO root [2025-09-02 12:08:08,006] - 	componentID : 300001
  INFO root [2025-09-02 12:08:08,010] - ThreadPool::createThreadPool: creating  threadpool...
  INFO root [2025-09-02 12:08:08,012] - ThreadPool::createThreadPool: successfully(2), newThreadCount=1, normalMaxThreadCount=2, maxThreadCount=8
 DEBUG root [2025-09-02 12:08:08,120] - Script::install(): paths=/mnt/hgfs/game/Server/kbeLinux/kbengine/assets/scripts/common:/mnt/hgfs/game/Server/kbeLinux/kbengine/assets/scripts/common/Lib:/mnt/hgfs/game/Server/kbeLinux/kbengine/assets/scripts/data:/mnt/hgfs/game/Server/kbeLinux/kbengine/assets/scripts/user_type:/mnt/hgfs/game/Server/kbeLinux/kbengine/assets/scripts/server_common:/mnt/hgfs/game/Server/kbeLinux/kbengine/assets/scripts/interface:/mnt/hgfs/game/Server/kbeLinux/kbengine/kbe/res/scripts:/mnt/hgfs/game/Server/kbeLinux/kbengine/kbe/res/scripts/common:/mnt/hgfs/game/Server/kbeLinux/kbengine/kbe/res/scripts/common/lib-dynload:/mnt/hgfs/game/Server/kbeLinux/kbengine/kbe/res/scripts/common/DLLs:/mnt/hgfs/game/Server/kbeLinux/kbengine/kbe/res/scripts/common/Lib:/mnt/hgfs/game/Server/kbeLinux/kbengine/kbe/res/scripts/common/Lib/site-packages:/mnt/hgfs/game/Server/kbeLinux/kbengine/kbe/res/scripts/common/Lib/dist-packages.
  INFO root [2025-09-02 12:08:08,472] - Script::install(): is successfully, Python=(3.7.3 (default, Mar 21 2025, 15:25:47) 
[GCC 13.3.0])!
  INFO root [2025-09-02 12:08:08,472] - Script::install(): KBExtra is successfully!
 S_WAR root [2025-09-02 12:08:09,978] - [lj]crossServerInfo load fail
  INFO root [2025-09-02 12:08:15,840] - TelnetServer server is running on port 33000
  INFO root [2025-09-02 12:08:15,841] - start server app, timing method:rdtsc 3417530260
  INFO root [2025-09-02 12:08:15,890] - ---- interfaces Version: 2.5.8. ScriptVersion: 0.1.0. Pythoncore: 3.7.3. Protocol: 00C842919090D3FD4897D0C953C8FBA9. Protocol client: 3E7AE130BB33C652DBF24318D016ECD0. Config: Hybrid64 X64. Built: 21:30:51 Aug 27 2025. AppID: 300001. UID: 1001. PID: 1157753 ----
  INFO root [2025-09-02 12:08:15,890] - Server ubuntumyh: Intel(R) Core(TM) i7-14700KF x4 with 8083592kB RAM
  INFO root [2025-09-02 12:08:15,890] - ---- interfaces is running ----
 DEBUG root [2025-09-02 12:08:15,890] - Components::process(): Request for the process of identity...
  INFO root [2025-09-02 12:08:22,940] - Components::findComponents: find dbmgr(1)...
 ERROR root [2025-09-02 12:08:24,442] - BundleBroadcast::receive: failed! It can be caused by the firewall, the broadcastaddr, etc.Maybe broadcastaddr is not a LAN ADDR, or the Machine process is not running.
 ERROR root [2025-09-02 12:08:24,442] - Components::findComponents: receive error!
  INFO root [2025-09-02 12:08:25,496] - Components::findComponents: find dbmgr(2)...
  INFO root [2025-09-02 12:08:25,563] - Components::findComponents: found dbmgr, addr:192.168.10.127:49301
  INFO root [2025-09-02 12:08:25,563] - Components::addComponent: reset orderLog, uid=1001!
  INFO root [2025-09-02 12:08:25,563] - Components::addComponent[dbmgr], uid=1001, componentID=400001, globalorderid=4, grouporderid=1, totalcount=1
  INFO root [2025-09-02 12:08:27,640] - Components::findComponents: register self to dbmgr...
  INFO root [2025-09-02 12:08:27,641] - ServerApp::onRegisterNewApp: uid:1001, username:fengyan, componentType:dbmgr, componentID:400001, globalorderID=4, grouporderID=1, intaddr:192.168.10.127, intport:49301, extaddr:nonsupport, extport:0,  from 192.168.10.127:49301/0/0/0.
S_INFO root [2025-09-02 12:08:27,641] - onInterfaceAppReady: bootstrapGroupIndex=0, bootstrapGlobalIndex=0
S_INFO root [2025-09-02 12:08:27,641] - start rpc server on: 127.0.0.1 10080
  INFO root [2025-09-02 12:08:27,641] - Components::process(): Found all the components!
 S_DBG root [2025-09-02 12:08:27,774] - _onGetCustomConfig None
 S_DBG root [2025-09-02 12:08:27,775] - loadCustomConfig 7
S_INFO root [2025-09-02 12:08:27,775] - setCustomConfig loadCreation False
 S_DBG root [2025-09-02 12:08:32,741] - ICentralLogin connecting central server: 192.168.10.31 2030 1
 S_DBG root [2025-09-02 12:08:32,742] - dispatcher.__init__
 S_DBG root [2025-09-02 12:08:32,742] - dispatcher.__init__ set SO_KEEPALIVE
 S_DBG root [2025-09-02 12:08:32,742] - dispatcher.__init__ set TCP_KEEPCNT
 S_DBG root [2025-09-02 12:08:32,742] - dispatcher.__init__ set TCP_KEEPIDLE
 S_DBG root [2025-09-02 12:08:32,743] - dispatcher.__init__ set TCP_KEEPINTVL
 S_DBG root [2025-09-02 12:08:32,841] - dispatcher.handle_connect <socket.socket fd=11, family=AddressFamily.AF_INET, type=SocketKind.SOCK_STREAM, proto=0, laddr=('192.168.10.127', 48508), raddr=('192.168.10.31', 2030)>
 S_DBG root [2025-09-02 12:08:32,842] - RpcChannel.on_connected
 S_DBG root [2025-09-02 12:08:38,741] - dispatcher.__init__
 S_DBG root [2025-09-02 12:08:38,741] - dispatcher.__init__ set SO_KEEPALIVE
 S_DBG root [2025-09-02 12:08:38,741] - dispatcher.__init__ set TCP_KEEPCNT
 S_DBG root [2025-09-02 12:08:38,741] - dispatcher.__init__ set TCP_KEEPIDLE
 S_DBG root [2025-09-02 12:08:38,742] - dispatcher.__init__ set TCP_KEEPINTVL
S_INFO root [2025-09-02 12:08:38,742] - handleNewConnection ('127.0.0.1', 51640)
S_INFO root [2025-09-02 12:08:38,941] - dispatcher.__init__
S_INFO root [2025-09-02 12:08:38,941] - dispatcher.__init__ set SO_KEEPALIVE
S_INFO root [2025-09-02 12:08:38,941] - dispatcher.__init__ set TCP_KEEPCNT
S_INFO root [2025-09-02 12:08:38,941] - dispatcher.__init__ set TCP_KEEPIDLE
S_INFO root [2025-09-02 12:08:38,942] - dispatcher.__init__ set TCP_KEEPINTVL
S_INFO root [2025-09-02 12:08:38,942] - handleNewConnection ('127.0.0.1', 51652)
S_INFO root [2025-09-02 12:09:07,941] - cacheConfigOnBaseapp:  interfaceEnableLogin 1
S_INFO root [2025-09-02 12:09:41,141] - sync register count from base: 34
S_INFO root [2025-09-02 12:09:41,141] - sync register count from base: 34
S_INFO root [2025-09-02 12:10:41,141] - sync register count from base: 34
S_INFO root [2025-09-02 12:10:41,142] - sync register count from base: 34
S_INFO root [2025-09-02 12:11:41,141] - sync register count from base: 34
S_INFO root [2025-09-02 12:11:41,142] - sync register count from base: 34
S_INFO root [2025-09-02 12:12:41,141] - sync register count from base: 34
S_INFO root [2025-09-02 12:12:41,142] - sync register count from base: 34
   OFF root [2025-09-02 12:13:07,695] - The following logs sent to logger failed:
  INFO root [2025-09-02 12:13:07,696] - ==> [2025-09-02 12:08:07 938] -----------------------------------------------------------------------------------------


  INFO root [2025-09-02 12:13:07,696] - ==> [2025-09-02 12:08:07 993] Resmgr::initialize: KBE_ROOT=/mnt/hgfs/game/Server/kbeLinux/kbengine/
  INFO root [2025-09-02 12:13:07,696] - ==> [2025-09-02 12:08:07 994] Resmgr::initialize: KBE_RES_PATH=/mnt/hgfs/game/Server/kbeLinux/kbengine/kbe/res/:/mnt/hgfs/game/Server/kbeLinux/kbengine/assets/:/mnt/hgfs/game/Server/kbeLinux/kbengine/assets/res/:/mnt/hgfs/game/Server/kbeLinux/kbengine/assets/scripts/
  INFO root [2025-09-02 12:13:07,696] - ==> [2025-09-02 12:08:07 995] Resmgr::initialize: KBE_BIN_PATH=/mnt/hgfs/game/Server/kbeLinux/kbengine/kbe/bin/server/
  INFO root [2025-09-02 12:13:07,696] - ==> [2025-09-02 12:08:08 005] NetworkInterface::initialize(INTERNAL-TCP): bound to all interfaces with default route interface on 192.168.10.127 ( 192.168.10.127:30099 )
  WARN root [2025-09-02 12:13:07,696] - ==> [2025-09-02 12:08:08 005] NetworkInterface::initialize(INTERNAL-TCP): Operating with a receive buffer of only 425984 bytes (instead of 16777216)
  WARN root [2025-09-02 12:13:07,697] - ==> [2025-09-02 12:08:08 005] NetworkInterface::initialize(INTERNAL-TCP): Operating with a send buffer of only 425984 bytes (instead of 16777216)
  INFO root [2025-09-02 12:13:07,697] - ==> [2025-09-02 12:08:08 005] NetworkInterface::initialize(INTERNAL-TCP): address 192.168.10.127:30099, SOMAXCONN=511, rBufSize=425984, wBufSize=425984, this=[0x7ffdff273c80.
  INFO root [2025-09-02 12:13:07,697] - ==> [2025-09-02 12:08:08 006] server-configs:
  INFO root [2025-09-02 12:13:07,697] - ==> [2025-09-02 12:08:08 006] 	internalTcpAddr : 192.168.10.127:30099
  INFO root [2025-09-02 12:13:07,697] - ==> [2025-09-02 12:08:08 006] 	externalTcpAddr : %s
  INFO root [2025-09-02 12:13:07,697] - ==> [2025-09-02 12:08:08 007] 	componentID : 300001
  INFO root [2025-09-02 12:13:07,697] - ==> [2025-09-02 12:08:08 010] ThreadPool::createThreadPool: creating  threadpool...
  INFO root [2025-09-02 12:13:07,697] - ==> [2025-09-02 12:08:08 012] ThreadPool::createThreadPool: successfully(2), newThreadCount=1, normalMaxThreadCount=2, maxThreadCount=8
 DEBUG root [2025-09-02 12:13:07,698] - ==> [2025-09-02 12:08:08 120] Script::install(): paths=/mnt/hgfs/game/Server/kbeLinux/kbengine/assets/scripts/common:/mnt/hgfs/game/Server/kbeLinux/kbengine/assets/scripts/common/Lib:/mnt/hgfs/game/Server/kbeLinux/kbengine/assets/scripts/data:/mnt/hgfs/game/Server/kbeLinux/kbengine/assets/scripts/user_type:/mnt/hgfs/game/Server/kbeLinux/kbengine/assets/scripts/server_common:/mnt/hgfs/game/Server/kbeLinux/kbengine/assets/scripts/interface:/mnt/hgfs/game/Server/kbeLinux/kbengine/kbe/res/scripts:/mnt/hgfs/game/Server/kbeLinux/kbengine/kbe/res/scripts/common:/mnt/hgfs/game/Server/kbeLinux/kbengine/kbe/res/scripts/common/lib-dynload:/mnt/hgfs/game/Server/kbeLinux/kbengine/kbe/res/scripts/common/DLLs:/mnt/hgfs/game/Server/kbeLinux/kbengine/kbe/res/scripts/common/Lib:/mnt/hgfs/game/Server/kbeLinux/kbengine/kbe/res/scripts/common/Lib/site-packages:/mnt/hgfs/game/Server/kbeLinux/kbengine/kbe/res/scripts/common/Lib/dist-packages.
  INFO root [2025-09-02 12:13:07,698] - ==> [2025-09-02 12:08:08 472] Script::install(): is successfully, Python=(3.7.3 (default, Mar 21 2025, 15:25:47) 
[GCC 13.3.0])!
  INFO root [2025-09-02 12:13:07,698] - ==> [2025-09-02 12:08:08 472] Script::install(): KBExtra is successfully!
 S_WAR root [2025-09-02 12:13:07,698] - ==> [2025-09-02 12:08:09 979] [lj]crossServerInfo load fail
  INFO root [2025-09-02 12:13:07,698] - ==> [2025-09-02 12:08:15 841] TelnetServer server is running on port 33000
  INFO root [2025-09-02 12:13:07,698] - ==> [2025-09-02 12:08:15 841] start server app, timing method:rdtsc 3417530260
  INFO root [2025-09-02 12:13:07,698] - ==> [2025-09-02 12:08:15 890] ---- interfaces Version: 2.5.8. ScriptVersion: 0.1.0. Pythoncore: 3.7.3. Protocol: 00C842919090D3FD4897D0C953C8FBA9. Protocol client: 3E7AE130BB33C652DBF24318D016ECD0. Config: Hybrid64 X64. Built: 21:30:51 Aug 27 2025. AppID: 300001. UID: 1001. PID: 1157753 ----
  INFO root [2025-09-02 12:13:07,698] - ==> [2025-09-02 12:08:15 890] Server ubuntumyh: Intel(R) Core(TM) i7-14700KF x4 with 8083592kB RAM
  INFO root [2025-09-02 12:13:07,699] - ==> [2025-09-02 12:08:15 890] ---- interfaces is running ----
 DEBUG root [2025-09-02 12:13:07,699] - ==> [2025-09-02 12:08:15 891] Components::process(): Request for the process of identity...
  INFO root [2025-09-02 12:13:07,699] - ==> [2025-09-02 12:08:22 940] Components::findComponents: find dbmgr(1)...
 ERROR root [2025-09-02 12:13:07,699] - ==> [2025-09-02 12:08:24 442] BundleBroadcast::receive: failed! It can be caused by the firewall, the broadcastaddr, etc.Maybe broadcastaddr is not a LAN ADDR, or the Machine process is not running.
 ERROR root [2025-09-02 12:13:07,699] - ==> [2025-09-02 12:08:24 442] Components::findComponents: receive error!
  INFO root [2025-09-02 12:13:07,699] - ==> [2025-09-02 12:08:25 496] Components::findComponents: find dbmgr(2)...
  INFO root [2025-09-02 12:13:07,699] - ==> [2025-09-02 12:08:25 563] Components::findComponents: found dbmgr, addr:192.168.10.127:49301
  INFO root [2025-09-02 12:13:07,699] - ==> [2025-09-02 12:08:25 563] Components::addComponent: reset orderLog, uid=1001!
  INFO root [2025-09-02 12:13:07,699] - ==> [2025-09-02 12:08:25 564] Components::addComponent[dbmgr], uid=1001, componentID=400001, globalorderid=4, grouporderid=1, totalcount=1
  INFO root [2025-09-02 12:13:07,700] - ==> [2025-09-02 12:08:27 640] Components::findComponents: register self to dbmgr...
  INFO root [2025-09-02 12:13:07,700] - ==> [2025-09-02 12:08:27 641] ServerApp::onRegisterNewApp: uid:1001, username:fengyan, componentType:dbmgr, componentID:400001, globalorderID=4, grouporderID=1, intaddr:192.168.10.127, intport:49301, extaddr:nonsupport, extport:0,  from 192.168.10.127:49301/0/0/0.
S_INFO root [2025-09-02 12:13:07,700] - ==> [2025-09-02 12:08:27 641] onInterfaceAppReady: bootstrapGroupIndex=0, bootstrapGlobalIndex=0
S_INFO root [2025-09-02 12:13:07,700] - ==> [2025-09-02 12:08:27 641] start rpc server on: 127.0.0.1 10080
  INFO root [2025-09-02 12:13:07,700] - ==> [2025-09-02 12:08:27 641] Components::process(): Found all the components!
 S_DBG root [2025-09-02 12:13:07,700] - ==> [2025-09-02 12:08:27 775] _onGetCustomConfig None
 S_DBG root [2025-09-02 12:13:07,700] - ==> [2025-09-02 12:08:27 775] loadCustomConfig 7
S_INFO root [2025-09-02 12:13:07,700] - ==> [2025-09-02 12:08:27 775] setCustomConfig loadCreation False
 S_DBG root [2025-09-02 12:13:07,700] - ==> [2025-09-02 12:08:32 742] ICentralLogin connecting central server: 192.168.10.31 2030 1
 S_DBG root [2025-09-02 12:13:07,700] - ==> [2025-09-02 12:08:32 742] dispatcher.__init__
 S_DBG root [2025-09-02 12:13:07,701] - ==> [2025-09-02 12:08:32 742] dispatcher.__init__ set SO_KEEPALIVE
 S_DBG root [2025-09-02 12:13:07,701] - ==> [2025-09-02 12:08:32 742] dispatcher.__init__ set TCP_KEEPCNT
 S_DBG root [2025-09-02 12:13:07,701] - ==> [2025-09-02 12:08:32 743] dispatcher.__init__ set TCP_KEEPIDLE
 S_DBG root [2025-09-02 12:13:07,701] - ==> [2025-09-02 12:08:32 743] dispatcher.__init__ set TCP_KEEPINTVL
 S_DBG root [2025-09-02 12:13:07,701] - ==> [2025-09-02 12:08:32 842] dispatcher.handle_connect <socket.socket fd=11, family=AddressFamily.AF_INET, type=SocketKind.SOCK_STREAM, proto=0, laddr=('192.168.10.127', 48508), raddr=('192.168.10.31', 2030)>
 S_DBG root [2025-09-02 12:13:07,701] - ==> [2025-09-02 12:08:32 842] RpcChannel.on_connected
 S_DBG root [2025-09-02 12:13:07,701] - ==> [2025-09-02 12:08:38 741] dispatcher.__init__
 S_DBG root [2025-09-02 12:13:07,701] - ==> [2025-09-02 12:08:38 741] dispatcher.__init__ set SO_KEEPALIVE
 S_DBG root [2025-09-02 12:13:07,701] - ==> [2025-09-02 12:08:38 741] dispatcher.__init__ set TCP_KEEPCNT
 S_DBG root [2025-09-02 12:13:07,701] - ==> [2025-09-02 12:08:38 742] dispatcher.__init__ set TCP_KEEPIDLE
 S_DBG root [2025-09-02 12:13:07,701] - ==> [2025-09-02 12:08:38 742] dispatcher.__init__ set TCP_KEEPINTVL
S_INFO root [2025-09-02 12:13:07,702] - ==> [2025-09-02 12:08:38 742] handleNewConnection ('127.0.0.1', 51640)
S_INFO root [2025-09-02 12:13:07,702] - ==> [2025-09-02 12:08:38 941] dispatcher.__init__
S_INFO root [2025-09-02 12:13:07,702] - ==> [2025-09-02 12:08:38 941] dispatcher.__init__ set SO_KEEPALIVE
S_INFO root [2025-09-02 12:13:07,702] - ==> [2025-09-02 12:08:38 941] dispatcher.__init__ set TCP_KEEPCNT
S_INFO root [2025-09-02 12:13:07,702] - ==> [2025-09-02 12:08:38 942] dispatcher.__init__ set TCP_KEEPIDLE
S_INFO root [2025-09-02 12:13:07,702] - ==> [2025-09-02 12:08:38 942] dispatcher.__init__ set TCP_KEEPINTVL
S_INFO root [2025-09-02 12:13:07,702] - ==> [2025-09-02 12:08:38 942] handleNewConnection ('127.0.0.1', 51652)
S_INFO root [2025-09-02 12:13:07,702] - ==> [2025-09-02 12:09:07 941] cacheConfigOnBaseapp:  interfaceEnableLogin 1
S_INFO root [2025-09-02 12:13:07,702] - ==> [2025-09-02 12:09:41 141] sync register count from base: 34
S_INFO root [2025-09-02 12:13:07,703] - ==> [2025-09-02 12:09:41 141] sync register count from base: 34
S_INFO root [2025-09-02 12:13:07,703] - ==> [2025-09-02 12:10:41 141] sync register count from base: 34
S_INFO root [2025-09-02 12:13:07,703] - ==> [2025-09-02 12:10:41 142] sync register count from base: 34
S_INFO root [2025-09-02 12:13:07,703] - ==> [2025-09-02 12:11:41 142] sync register count from base: 34
S_INFO root [2025-09-02 12:13:07,703] - ==> [2025-09-02 12:11:41 142] sync register count from base: 34
S_INFO root [2025-09-02 12:13:07,703] - ==> [2025-09-02 12:12:41 142] sync register count from base: 34
S_INFO root [2025-09-02 12:13:07,703] - ==> [2025-09-02 12:12:41 142] sync register count from base: 34
S_INFO root [2025-09-02 12:13:41,142] - sync register count from base: 34
S_INFO root [2025-09-02 12:13:41,142] - sync register count from base: 34
S_INFO root [2025-09-02 12:14:41,141] - sync register count from base: 34
S_INFO root [2025-09-02 12:14:41,142] - sync register count from base: 34
S_INFO root [2025-09-02 12:15:41,141] - sync register count from base: 34
S_INFO root [2025-09-02 12:15:41,141] - sync register count from base: 34
S_INFO root [2025-09-02 12:16:41,141] - sync register count from base: 34
S_INFO root [2025-09-02 12:16:41,141] - sync register count from base: 34
S_INFO root [2025-09-02 12:17:41,142] - sync register count from base: 34
S_INFO root [2025-09-02 12:17:41,142] - sync register count from base: 34
S_INFO root [2025-09-02 12:18:41,141] - sync register count from base: 34
S_INFO root [2025-09-02 12:18:41,141] - sync register count from base: 34
S_INFO root [2025-09-02 12:19:41,141] - sync register count from base: 34
S_INFO root [2025-09-02 12:19:41,141] - sync register count from base: 34
S_INFO root [2025-09-02 12:20:41,140] - sync register count from base: 34
S_INFO root [2025-09-02 12:20:41,141] - sync register count from base: 34
S_INFO root [2025-09-02 12:21:41,140] - sync register count from base: 34
S_INFO root [2025-09-02 12:21:41,141] - sync register count from base: 34
S_INFO root [2025-09-02 12:22:41,142] - sync register count from base: 34
S_INFO root [2025-09-02 12:22:41,142] - sync register count from base: 34
S_INFO root [2025-09-02 12:23:41,142] - sync register count from base: 34
S_INFO root [2025-09-02 12:23:41,142] - sync register count from base: 34
S_INFO root [2025-09-02 12:24:41,141] - sync register count from base: 34
S_INFO root [2025-09-02 12:24:41,142] - sync register count from base: 34
S_INFO root [2025-09-02 12:25:41,140] - sync register count from base: 34
S_INFO root [2025-09-02 12:25:41,141] - sync register count from base: 34
S_INFO root [2025-09-02 12:26:41,140] - sync register count from base: 34
S_INFO root [2025-09-02 12:26:41,141] - sync register count from base: 34
S_INFO root [2025-09-02 12:27:41,141] - sync register count from base: 34
S_INFO root [2025-09-02 12:27:41,141] - sync register count from base: 34
S_INFO root [2025-09-02 12:28:41,142] - sync register count from base: 34
S_INFO root [2025-09-02 12:28:41,142] - sync register count from base: 34
S_INFO root [2025-09-02 12:29:41,141] - sync register count from base: 34
S_INFO root [2025-09-02 12:29:41,141] - sync register count from base: 34
S_INFO root [2025-09-02 12:30:41,141] - sync register count from base: 34
S_INFO root [2025-09-02 12:30:41,141] - sync register count from base: 34
S_INFO root [2025-09-02 12:31:41,140] - sync register count from base: 34
S_INFO root [2025-09-02 12:31:41,141] - sync register count from base: 34
S_INFO root [2025-09-02 12:32:41,140] - sync register count from base: 34
S_INFO root [2025-09-02 12:32:41,141] - sync register count from base: 34
S_INFO root [2025-09-02 12:33:41,140] - sync register count from base: 34
S_INFO root [2025-09-02 12:33:41,141] - sync register count from base: 34
S_INFO root [2025-09-02 12:34:41,139] - sync register count from base: 34
S_INFO root [2025-09-02 12:34:41,140] - sync register count from base: 34
S_INFO root [2025-09-02 12:35:41,138] - sync register count from base: 34
S_INFO root [2025-09-02 12:35:41,138] - sync register count from base: 34
S_INFO root [2025-09-02 12:36:41,138] - sync register count from base: 34
S_INFO root [2025-09-02 12:36:41,138] - sync register count from base: 34
S_INFO root [2025-09-02 12:37:41,135] - sync register count from base: 34
S_INFO root [2025-09-02 12:37:41,136] - sync register count from base: 34
S_INFO root [2025-09-02 12:38:41,135] - sync register count from base: 34
S_INFO root [2025-09-02 12:38:41,135] - sync register count from base: 34
S_INFO root [2025-09-02 12:39:41,134] - sync register count from base: 34
S_INFO root [2025-09-02 12:39:41,134] - sync register count from base: 34
S_INFO root [2025-09-02 12:40:41,133] - sync register count from base: 34
S_INFO root [2025-09-02 12:40:41,133] - sync register count from base: 34
S_INFO root [2025-09-02 12:41:41,133] - sync register count from base: 34
S_INFO root [2025-09-02 12:41:41,133] - sync register count from base: 34
S_INFO root [2025-09-02 12:42:41,132] - sync register count from base: 34
S_INFO root [2025-09-02 12:42:41,132] - sync register count from base: 34
S_INFO root [2025-09-02 12:43:41,132] - sync register count from base: 34
S_INFO root [2025-09-02 12:43:41,133] - sync register count from base: 34
S_INFO root [2025-09-02 12:44:41,131] - sync register count from base: 34
S_INFO root [2025-09-02 12:44:41,132] - sync register count from base: 34
S_INFO root [2025-09-02 12:45:41,130] - sync register count from base: 34
S_INFO root [2025-09-02 12:45:41,130] - sync register count from base: 34
S_INFO root [2025-09-02 12:46:41,130] - sync register count from base: 34
S_INFO root [2025-09-02 12:46:41,130] - sync register count from base: 34
S_INFO root [2025-09-02 12:47:41,130] - sync register count from base: 34
S_INFO root [2025-09-02 12:47:41,130] - sync register count from base: 34
S_INFO root [2025-09-02 12:48:41,129] - sync register count from base: 34
S_INFO root [2025-09-02 12:48:41,129] - sync register count from base: 34
S_INFO root [2025-09-02 12:49:41,129] - sync register count from base: 34
S_INFO root [2025-09-02 12:49:41,129] - sync register count from base: 34
S_INFO root [2025-09-02 12:50:41,129] - sync register count from base: 34
S_INFO root [2025-09-02 12:50:41,129] - sync register count from base: 34
S_INFO root [2025-09-02 12:51:41,128] - sync register count from base: 34
S_INFO root [2025-09-02 12:51:41,129] - sync register count from base: 34
S_INFO root [2025-09-02 12:52:41,128] - sync register count from base: 34
S_INFO root [2025-09-02 12:52:41,128] - sync register count from base: 34
S_INFO root [2025-09-02 12:53:41,127] - sync register count from base: 34
S_INFO root [2025-09-02 12:53:41,127] - sync register count from base: 34
S_INFO root [2025-09-02 12:54:41,128] - sync register count from base: 34
S_INFO root [2025-09-02 12:54:41,128] - sync register count from base: 34
S_INFO root [2025-09-02 12:55:41,127] - sync register count from base: 34
S_INFO root [2025-09-02 12:55:41,128] - sync register count from base: 34
S_INFO root [2025-09-02 12:56:41,127] - sync register count from base: 34
S_INFO root [2025-09-02 12:56:41,127] - sync register count from base: 34
S_INFO root [2025-09-02 12:57:41,126] - sync register count from base: 34
S_INFO root [2025-09-02 12:57:41,126] - sync register count from base: 34
S_INFO root [2025-09-02 12:58:41,126] - sync register count from base: 34
S_INFO root [2025-09-02 12:58:41,127] - sync register count from base: 34
S_INFO root [2025-09-02 12:59:41,126] - sync register count from base: 34
S_INFO root [2025-09-02 12:59:41,126] - sync register count from base: 34
S_INFO root [2025-09-02 13:00:41,126] - sync register count from base: 34
S_INFO root [2025-09-02 13:00:41,126] - sync register count from base: 34
S_INFO root [2025-09-02 13:01:41,126] - sync register count from base: 34
S_INFO root [2025-09-02 13:01:41,126] - sync register count from base: 34
S_INFO root [2025-09-02 13:02:41,125] - sync register count from base: 34
S_INFO root [2025-09-02 13:02:41,125] - sync register count from base: 34
S_INFO root [2025-09-02 13:03:41,125] - sync register count from base: 34
S_INFO root [2025-09-02 13:03:41,125] - sync register count from base: 34
S_INFO root [2025-09-02 13:04:41,125] - sync register count from base: 34
S_INFO root [2025-09-02 13:04:41,125] - sync register count from base: 34
S_INFO root [2025-09-02 13:05:41,124] - sync register count from base: 34
S_INFO root [2025-09-02 13:05:41,124] - sync register count from base: 34
S_INFO root [2025-09-02 13:06:41,124] - sync register count from base: 34
S_INFO root [2025-09-02 13:06:41,125] - sync register count from base: 34
S_INFO root [2025-09-02 13:07:41,124] - sync register count from base: 34
S_INFO root [2025-09-02 13:07:41,124] - sync register count from base: 34
S_INFO root [2025-09-02 13:08:41,124] - sync register count from base: 34
S_INFO root [2025-09-02 13:08:41,124] - sync register count from base: 34
S_INFO root [2025-09-02 13:09:41,123] - sync register count from base: 34
S_INFO root [2025-09-02 13:09:41,123] - sync register count from base: 34
S_INFO root [2025-09-02 13:10:41,123] - sync register count from base: 34
S_INFO root [2025-09-02 13:10:41,123] - sync register count from base: 34
S_INFO root [2025-09-02 13:11:41,123] - sync register count from base: 34
S_INFO root [2025-09-02 13:11:41,123] - sync register count from base: 34
S_INFO root [2025-09-02 13:12:41,122] - sync register count from base: 34
S_INFO root [2025-09-02 13:12:41,122] - sync register count from base: 34
S_INFO root [2025-09-02 13:13:41,122] - sync register count from base: 34
S_INFO root [2025-09-02 13:13:41,122] - sync register count from base: 34
S_INFO root [2025-09-02 13:14:41,122] - sync register count from base: 34
S_INFO root [2025-09-02 13:14:41,122] - sync register count from base: 34
S_INFO root [2025-09-02 13:15:41,122] - sync register count from base: 34
S_INFO root [2025-09-02 13:15:41,122] - sync register count from base: 34
S_INFO root [2025-09-02 13:16:41,120] - sync register count from base: 34
S_INFO root [2025-09-02 13:16:41,121] - sync register count from base: 34
S_INFO root [2025-09-02 13:17:41,121] - sync register count from base: 34
S_INFO root [2025-09-02 13:17:41,122] - sync register count from base: 34
S_INFO root [2025-09-02 13:18:41,119] - sync register count from base: 34
S_INFO root [2025-09-02 13:18:41,120] - sync register count from base: 34
S_INFO root [2025-09-02 13:19:41,119] - sync register count from base: 34
S_INFO root [2025-09-02 13:19:41,120] - sync register count from base: 34
S_INFO root [2025-09-02 13:20:41,120] - sync register count from base: 34
S_INFO root [2025-09-02 13:20:41,120] - sync register count from base: 34
S_INFO root [2025-09-02 13:21:41,119] - sync register count from base: 34
S_INFO root [2025-09-02 13:21:41,120] - sync register count from base: 34
S_INFO root [2025-09-02 13:22:41,119] - sync register count from base: 34
S_INFO root [2025-09-02 13:22:41,119] - sync register count from base: 34
S_INFO root [2025-09-02 13:23:41,119] - sync register count from base: 34
S_INFO root [2025-09-02 13:23:41,119] - sync register count from base: 34
S_INFO root [2025-09-02 13:24:41,119] - sync register count from base: 34
S_INFO root [2025-09-02 13:24:41,120] - sync register count from base: 34
S_INFO root [2025-09-02 13:25:41,118] - sync register count from base: 34
S_INFO root [2025-09-02 13:25:41,119] - sync register count from base: 34
S_INFO root [2025-09-02 13:26:41,119] - sync register count from base: 34
S_INFO root [2025-09-02 13:26:41,119] - sync register count from base: 34
S_INFO root [2025-09-02 13:27:41,118] - sync register count from base: 34
S_INFO root [2025-09-02 13:27:41,118] - sync register count from base: 34
S_INFO root [2025-09-02 13:28:41,118] - sync register count from base: 34
S_INFO root [2025-09-02 13:28:41,119] - sync register count from base: 34
S_INFO root [2025-09-02 13:29:41,117] - sync register count from base: 34
S_INFO root [2025-09-02 13:29:41,117] - sync register count from base: 34
S_INFO root [2025-09-02 13:30:41,117] - sync register count from base: 34
S_INFO root [2025-09-02 13:30:41,117] - sync register count from base: 34
S_INFO root [2025-09-02 13:31:41,118] - sync register count from base: 34
S_INFO root [2025-09-02 13:31:41,118] - sync register count from base: 34
S_INFO root [2025-09-02 13:32:41,116] - sync register count from base: 34
S_INFO root [2025-09-02 13:32:41,116] - sync register count from base: 34
S_INFO root [2025-09-02 13:33:41,116] - sync register count from base: 34
S_INFO root [2025-09-02 13:33:41,117] - sync register count from base: 34
S_INFO root [2025-09-02 13:34:41,117] - sync register count from base: 34
S_INFO root [2025-09-02 13:34:41,117] - sync register count from base: 34
S_INFO root [2025-09-02 13:35:41,116] - sync register count from base: 34
S_INFO root [2025-09-02 13:35:41,117] - sync register count from base: 34
S_INFO root [2025-09-02 13:36:41,117] - sync register count from base: 34
S_INFO root [2025-09-02 13:36:41,117] - sync register count from base: 34
S_INFO root [2025-09-02 13:37:41,116] - sync register count from base: 34
S_INFO root [2025-09-02 13:37:41,117] - sync register count from base: 34
S_INFO root [2025-09-02 13:38:41,115] - sync register count from base: 34
S_INFO root [2025-09-02 13:38:41,116] - sync register count from base: 34
S_INFO root [2025-09-02 13:39:41,116] - sync register count from base: 34
S_INFO root [2025-09-02 13:39:41,116] - sync register count from base: 34
S_INFO root [2025-09-02 13:40:41,115] - sync register count from base: 34
S_INFO root [2025-09-02 13:40:41,116] - sync register count from base: 34
S_INFO root [2025-09-02 13:41:41,115] - sync register count from base: 34
S_INFO root [2025-09-02 13:41:41,115] - sync register count from base: 34
S_INFO root [2025-09-02 13:42:41,116] - sync register count from base: 34
S_INFO root [2025-09-02 13:42:41,116] - sync register count from base: 34
S_INFO root [2025-09-02 13:43:41,117] - sync register count from base: 34
S_INFO root [2025-09-02 13:43:41,117] - sync register count from base: 34
S_INFO root [2025-09-02 13:44:41,118] - sync register count from base: 34
S_INFO root [2025-09-02 13:44:41,118] - sync register count from base: 34
S_INFO root [2025-09-02 13:45:41,118] - sync register count from base: 34
S_INFO root [2025-09-02 13:45:41,118] - sync register count from base: 34
S_INFO root [2025-09-02 13:46:41,119] - sync register count from base: 34
S_INFO root [2025-09-02 13:46:41,119] - sync register count from base: 34
S_INFO root [2025-09-02 13:47:41,120] - sync register count from base: 34
S_INFO root [2025-09-02 13:47:41,120] - sync register count from base: 34
S_INFO root [2025-09-02 13:48:41,120] - sync register count from base: 34
S_INFO root [2025-09-02 13:48:41,120] - sync register count from base: 34
S_INFO root [2025-09-02 13:49:41,120] - sync register count from base: 34
S_INFO root [2025-09-02 13:49:41,121] - sync register count from base: 34
S_INFO root [2025-09-02 13:50:41,121] - sync register count from base: 34
S_INFO root [2025-09-02 13:50:41,122] - sync register count from base: 34
S_INFO root [2025-09-02 13:51:41,121] - sync register count from base: 34
S_INFO root [2025-09-02 13:51:41,121] - sync register count from base: 34
S_INFO root [2025-09-02 13:52:41,122] - sync register count from base: 34
S_INFO root [2025-09-02 13:52:41,122] - sync register count from base: 34
S_INFO root [2025-09-02 13:53:41,121] - sync register count from base: 34
S_INFO root [2025-09-02 13:53:41,121] - sync register count from base: 34
S_INFO root [2025-09-02 13:54:41,122] - sync register count from base: 34
S_INFO root [2025-09-02 13:54:41,122] - sync register count from base: 34
S_INFO root [2025-09-02 13:55:41,122] - sync register count from base: 34
S_INFO root [2025-09-02 13:55:41,122] - sync register count from base: 34
S_INFO root [2025-09-02 13:56:41,122] - sync register count from base: 34
S_INFO root [2025-09-02 13:56:41,122] - sync register count from base: 34
S_INFO root [2025-09-02 13:57:41,122] - sync register count from base: 34
S_INFO root [2025-09-02 13:57:41,122] - sync register count from base: 34
S_INFO root [2025-09-02 13:58:41,123] - sync register count from base: 34
S_INFO root [2025-09-02 13:58:41,124] - sync register count from base: 34
S_INFO root [2025-09-02 13:59:41,123] - sync register count from base: 34
S_INFO root [2025-09-02 13:59:41,123] - sync register count from base: 34
S_INFO root [2025-09-02 14:00:41,123] - sync register count from base: 34
S_INFO root [2025-09-02 14:00:41,123] - sync register count from base: 34
S_INFO root [2025-09-02 14:01:41,123] - sync register count from base: 34
S_INFO root [2025-09-02 14:01:41,123] - sync register count from base: 34
S_INFO root [2025-09-02 14:02:41,123] - sync register count from base: 34
S_INFO root [2025-09-02 14:02:41,123] - sync register count from base: 34
S_INFO root [2025-09-02 14:03:41,123] - sync register count from base: 34
S_INFO root [2025-09-02 14:03:41,123] - sync register count from base: 34
S_INFO root [2025-09-02 14:04:41,123] - sync register count from base: 34
S_INFO root [2025-09-02 14:04:41,123] - sync register count from base: 34
S_INFO root [2025-09-02 14:05:41,122] - sync register count from base: 34
S_INFO root [2025-09-02 14:05:41,123] - sync register count from base: 34
S_INFO root [2025-09-02 14:06:41,123] - sync register count from base: 34
S_INFO root [2025-09-02 14:06:41,123] - sync register count from base: 34
S_INFO root [2025-09-02 14:07:41,123] - sync register count from base: 34
S_INFO root [2025-09-02 14:07:41,123] - sync register count from base: 34
S_INFO root [2025-09-02 14:08:41,123] - sync register count from base: 34
S_INFO root [2025-09-02 14:08:41,123] - sync register count from base: 34
S_INFO root [2025-09-02 14:09:41,122] - sync register count from base: 34
S_INFO root [2025-09-02 14:09:41,123] - sync register count from base: 34
S_INFO root [2025-09-02 14:10:41,122] - sync register count from base: 34
S_INFO root [2025-09-02 14:10:41,122] - sync register count from base: 34
S_INFO root [2025-09-02 14:11:41,122] - sync register count from base: 34
S_INFO root [2025-09-02 14:11:41,122] - sync register count from base: 34
S_INFO root [2025-09-02 14:12:41,123] - sync register count from base: 34
S_INFO root [2025-09-02 14:12:41,123] - sync register count from base: 34
S_INFO root [2025-09-02 14:13:41,123] - sync register count from base: 34
S_INFO root [2025-09-02 14:13:41,123] - sync register count from base: 34
S_INFO root [2025-09-02 14:14:41,122] - sync register count from base: 34
S_INFO root [2025-09-02 14:14:41,122] - sync register count from base: 34
S_INFO root [2025-09-02 14:15:41,122] - sync register count from base: 34
S_INFO root [2025-09-02 14:15:41,123] - sync register count from base: 34
S_INFO root [2025-09-02 14:16:41,121] - sync register count from base: 34
S_INFO root [2025-09-02 14:16:41,121] - sync register count from base: 34
S_INFO root [2025-09-02 14:17:41,119] - sync register count from base: 34
S_INFO root [2025-09-02 14:17:41,119] - sync register count from base: 34
S_INFO root [2025-09-02 14:18:41,118] - sync register count from base: 34
S_INFO root [2025-09-02 14:18:41,118] - sync register count from base: 34
S_INFO root [2025-09-02 14:19:41,117] - sync register count from base: 34
S_INFO root [2025-09-02 14:19:41,118] - sync register count from base: 34
S_INFO root [2025-09-02 14:20:41,115] - sync register count from base: 34
S_INFO root [2025-09-02 14:20:41,116] - sync register count from base: 34
S_INFO root [2025-09-02 14:21:41,114] - sync register count from base: 34
S_INFO root [2025-09-02 14:21:41,114] - sync register count from base: 34
S_INFO root [2025-09-02 14:22:41,113] - sync register count from base: 34
S_INFO root [2025-09-02 14:22:41,113] - sync register count from base: 34
S_INFO root [2025-09-02 14:23:41,111] - sync register count from base: 34
S_INFO root [2025-09-02 14:23:41,112] - sync register count from base: 34
S_INFO root [2025-09-02 14:24:41,110] - sync register count from base: 34
S_INFO root [2025-09-02 14:24:41,110] - sync register count from base: 34
S_INFO root [2025-09-02 14:25:41,109] - sync register count from base: 34
S_INFO root [2025-09-02 14:25:41,109] - sync register count from base: 34
S_INFO root [2025-09-02 14:26:41,109] - sync register count from base: 34
S_INFO root [2025-09-02 14:26:41,109] - sync register count from base: 34
S_INFO root [2025-09-02 14:27:41,108] - sync register count from base: 34
S_INFO root [2025-09-02 14:27:41,108] - sync register count from base: 34
S_INFO root [2025-09-02 14:28:41,107] - sync register count from base: 34
S_INFO root [2025-09-02 14:28:41,107] - sync register count from base: 34
S_INFO root [2025-09-02 14:29:41,108] - sync register count from base: 34
S_INFO root [2025-09-02 14:29:41,108] - sync register count from base: 34
S_INFO root [2025-09-02 14:30:41,105] - sync register count from base: 34
S_INFO root [2025-09-02 14:30:41,105] - sync register count from base: 34
S_INFO root [2025-09-02 14:31:41,105] - sync register count from base: 34
S_INFO root [2025-09-02 14:31:41,105] - sync register count from base: 34
S_INFO root [2025-09-02 14:32:41,105] - sync register count from base: 34
S_INFO root [2025-09-02 14:32:41,106] - sync register count from base: 34
S_INFO root [2025-09-02 14:33:41,103] - sync register count from base: 34
S_INFO root [2025-09-02 14:33:41,104] - sync register count from base: 34
S_INFO root [2025-09-02 14:34:41,104] - sync register count from base: 34
S_INFO root [2025-09-02 14:34:41,104] - sync register count from base: 34
S_INFO root [2025-09-02 14:35:41,102] - sync register count from base: 34
S_INFO root [2025-09-02 14:35:41,102] - sync register count from base: 34
S_INFO root [2025-09-02 14:36:41,103] - sync register count from base: 34
S_INFO root [2025-09-02 14:36:41,103] - sync register count from base: 34
S_INFO root [2025-09-02 14:37:41,101] - sync register count from base: 34
S_INFO root [2025-09-02 14:37:41,102] - sync register count from base: 34
S_INFO root [2025-09-02 14:38:41,101] - sync register count from base: 34
S_INFO root [2025-09-02 14:38:41,101] - sync register count from base: 34
S_INFO root [2025-09-02 14:39:41,101] - sync register count from base: 34
S_INFO root [2025-09-02 14:39:41,101] - sync register count from base: 34
S_INFO root [2025-09-02 14:40:41,100] - sync register count from base: 34
S_INFO root [2025-09-02 14:40:41,100] - sync register count from base: 34
S_INFO root [2025-09-02 14:41:41,100] - sync register count from base: 34
S_INFO root [2025-09-02 14:41:41,100] - sync register count from base: 34
S_INFO root [2025-09-02 14:42:41,100] - sync register count from base: 34
S_INFO root [2025-09-02 14:42:41,100] - sync register count from base: 34
S_INFO root [2025-09-02 14:43:41,098] - sync register count from base: 34
S_INFO root [2025-09-02 14:43:41,099] - sync register count from base: 34
S_INFO root [2025-09-02 14:44:41,099] - sync register count from base: 34
S_INFO root [2025-09-02 14:44:41,100] - sync register count from base: 34
S_INFO root [2025-09-02 14:45:41,097] - sync register count from base: 34
S_INFO root [2025-09-02 14:45:41,098] - sync register count from base: 34
S_INFO root [2025-09-02 14:46:41,098] - sync register count from base: 34
S_INFO root [2025-09-02 14:46:41,098] - sync register count from base: 34
S_INFO root [2025-09-02 14:47:41,097] - sync register count from base: 34
S_INFO root [2025-09-02 14:47:41,097] - sync register count from base: 34
S_INFO root [2025-09-02 14:48:41,098] - sync register count from base: 34
S_INFO root [2025-09-02 14:48:41,099] - sync register count from base: 34
S_INFO root [2025-09-02 14:49:41,097] - sync register count from base: 34
S_INFO root [2025-09-02 14:49:41,097] - sync register count from base: 34
S_INFO root [2025-09-02 14:50:41,097] - sync register count from base: 34
S_INFO root [2025-09-02 14:50:41,098] - sync register count from base: 34
S_INFO root [2025-09-02 14:51:41,098] - sync register count from base: 34
S_INFO root [2025-09-02 14:51:41,099] - sync register count from base: 34
S_INFO root [2025-09-02 14:52:41,100] - sync register count from base: 34
S_INFO root [2025-09-02 14:52:41,100] - sync register count from base: 34
S_INFO root [2025-09-02 14:53:41,100] - sync register count from base: 34
S_INFO root [2025-09-02 14:53:41,100] - sync register count from base: 34
S_INFO root [2025-09-02 14:54:41,102] - sync register count from base: 34
S_INFO root [2025-09-02 14:54:41,102] - sync register count from base: 34
S_INFO root [2025-09-02 14:55:41,102] - sync register count from base: 34
S_INFO root [2025-09-02 14:55:41,102] - sync register count from base: 34
S_INFO root [2025-09-02 14:56:41,102] - sync register count from base: 34
S_INFO root [2025-09-02 14:56:41,102] - sync register count from base: 34
S_INFO root [2025-09-02 14:57:41,103] - sync register count from base: 34
S_INFO root [2025-09-02 14:57:41,104] - sync register count from base: 34
S_INFO root [2025-09-02 14:58:41,104] - sync register count from base: 34
S_INFO root [2025-09-02 14:58:41,104] - sync register count from base: 34
S_INFO root [2025-09-02 14:59:41,105] - sync register count from base: 34
S_INFO root [2025-09-02 14:59:41,105] - sync register count from base: 34
S_INFO root [2025-09-02 15:00:41,104] - sync register count from base: 34
S_INFO root [2025-09-02 15:00:41,105] - sync register count from base: 34
S_INFO root [2025-09-02 15:01:41,105] - sync register count from base: 34
S_INFO root [2025-09-02 15:01:41,105] - sync register count from base: 34
S_INFO root [2025-09-02 15:02:41,105] - sync register count from base: 34
S_INFO root [2025-09-02 15:02:41,105] - sync register count from base: 34
S_INFO root [2025-09-02 15:03:41,105] - sync register count from base: 34
S_INFO root [2025-09-02 15:03:41,106] - sync register count from base: 34
S_INFO root [2025-09-02 15:04:41,105] - sync register count from base: 34
S_INFO root [2025-09-02 15:04:41,106] - sync register count from base: 34
S_INFO root [2025-09-02 15:05:41,105] - sync register count from base: 34
S_INFO root [2025-09-02 15:05:41,106] - sync register count from base: 34
S_INFO root [2025-09-02 15:06:41,105] - sync register count from base: 34
S_INFO root [2025-09-02 15:06:41,105] - sync register count from base: 34
S_INFO root [2025-09-02 15:07:41,105] - sync register count from base: 34
S_INFO root [2025-09-02 15:07:41,105] - sync register count from base: 34
S_INFO root [2025-09-02 15:08:41,105] - sync register count from base: 34
S_INFO root [2025-09-02 15:08:41,106] - sync register count from base: 34
S_INFO root [2025-09-02 15:09:41,105] - sync register count from base: 34
S_INFO root [2025-09-02 15:09:41,106] - sync register count from base: 34
S_INFO root [2025-09-02 15:10:41,105] - sync register count from base: 34
S_INFO root [2025-09-02 15:10:41,105] - sync register count from base: 34
S_INFO root [2025-09-02 15:11:41,105] - sync register count from base: 34
S_INFO root [2025-09-02 15:11:41,105] - sync register count from base: 34
S_INFO root [2025-09-02 15:12:41,105] - sync register count from base: 34
S_INFO root [2025-09-02 15:12:41,105] - sync register count from base: 34
S_INFO root [2025-09-02 15:13:41,105] - sync register count from base: 34
S_INFO root [2025-09-02 15:13:41,106] - sync register count from base: 34
S_INFO root [2025-09-02 15:14:41,105] - sync register count from base: 34
S_INFO root [2025-09-02 15:14:41,105] - sync register count from base: 34
S_INFO root [2025-09-02 15:15:41,105] - sync register count from base: 34
S_INFO root [2025-09-02 15:15:41,105] - sync register count from base: 34
S_INFO root [2025-09-02 15:16:41,105] - sync register count from base: 34
S_INFO root [2025-09-02 15:16:41,106] - sync register count from base: 34
S_INFO root [2025-09-02 15:17:41,105] - sync register count from base: 34
S_INFO root [2025-09-02 15:17:41,106] - sync register count from base: 34
S_INFO root [2025-09-02 15:18:41,104] - sync register count from base: 34
S_INFO root [2025-09-02 15:18:41,104] - sync register count from base: 34
S_INFO root [2025-09-02 15:19:41,105] - sync register count from base: 34
S_INFO root [2025-09-02 15:19:41,105] - sync register count from base: 34
S_INFO root [2025-09-02 15:20:41,105] - sync register count from base: 34
S_INFO root [2025-09-02 15:20:41,105] - sync register count from base: 34
S_INFO root [2025-09-02 15:21:41,104] - sync register count from base: 34
S_INFO root [2025-09-02 15:21:41,104] - sync register count from base: 34
S_INFO root [2025-09-02 15:22:41,105] - sync register count from base: 34
S_INFO root [2025-09-02 15:22:41,105] - sync register count from base: 34
S_INFO root [2025-09-02 15:23:41,104] - sync register count from base: 34
S_INFO root [2025-09-02 15:23:41,105] - sync register count from base: 34
S_INFO root [2025-09-02 15:24:41,104] - sync register count from base: 34
S_INFO root [2025-09-02 15:24:41,105] - sync register count from base: 34
S_INFO root [2025-09-02 15:25:41,103] - sync register count from base: 34
S_INFO root [2025-09-02 15:25:41,104] - sync register count from base: 34
S_INFO root [2025-09-02 15:26:41,103] - sync register count from base: 34
S_INFO root [2025-09-02 15:26:41,104] - sync register count from base: 34
S_INFO root [2025-09-02 15:27:41,104] - sync register count from base: 34
S_INFO root [2025-09-02 15:27:41,105] - sync register count from base: 34
S_INFO root [2025-09-02 15:28:41,103] - sync register count from base: 34
S_INFO root [2025-09-02 15:28:41,104] - sync register count from base: 34
S_INFO root [2025-09-02 15:29:41,104] - sync register count from base: 34
S_INFO root [2025-09-02 15:29:41,104] - sync register count from base: 34
S_INFO root [2025-09-02 15:30:41,104] - sync register count from base: 34
S_INFO root [2025-09-02 15:30:41,104] - sync register count from base: 34
S_INFO root [2025-09-02 15:31:41,103] - sync register count from base: 34
S_INFO root [2025-09-02 15:31:41,103] - sync register count from base: 34
S_INFO root [2025-09-02 15:32:41,104] - sync register count from base: 34
S_INFO root [2025-09-02 15:32:41,104] - sync register count from base: 34
S_INFO root [2025-09-02 15:33:41,103] - sync register count from base: 34
S_INFO root [2025-09-02 15:33:41,103] - sync register count from base: 34
S_INFO root [2025-09-02 15:34:41,103] - sync register count from base: 34
S_INFO root [2025-09-02 15:34:41,103] - sync register count from base: 34
S_INFO root [2025-09-02 15:35:41,103] - sync register count from base: 34
S_INFO root [2025-09-02 15:35:41,104] - sync register count from base: 34
S_INFO root [2025-09-02 15:36:41,103] - sync register count from base: 34
S_INFO root [2025-09-02 15:36:41,103] - sync register count from base: 34
S_INFO root [2025-09-02 15:37:41,103] - sync register count from base: 34
S_INFO root [2025-09-02 15:37:41,103] - sync register count from base: 34
S_INFO root [2025-09-02 15:38:41,102] - sync register count from base: 34
S_INFO root [2025-09-02 15:38:41,102] - sync register count from base: 34
S_INFO root [2025-09-02 15:39:41,103] - sync register count from base: 34
S_INFO root [2025-09-02 15:39:41,104] - sync register count from base: 34
S_INFO root [2025-09-02 15:40:41,102] - sync register count from base: 34
S_INFO root [2025-09-02 15:40:41,102] - sync register count from base: 34
S_INFO root [2025-09-02 15:41:41,101] - sync register count from base: 34
S_INFO root [2025-09-02 15:41:41,101] - sync register count from base: 34
S_INFO root [2025-09-02 15:42:41,102] - sync register count from base: 34
S_INFO root [2025-09-02 15:42:41,102] - sync register count from base: 34
S_INFO root [2025-09-02 15:43:41,101] - sync register count from base: 34
S_INFO root [2025-09-02 15:43:41,102] - sync register count from base: 34
S_INFO root [2025-09-02 15:44:41,102] - sync register count from base: 34
S_INFO root [2025-09-02 15:44:41,102] - sync register count from base: 34
S_INFO root [2025-09-02 15:45:41,101] - sync register count from base: 34
S_INFO root [2025-09-02 15:45:41,102] - sync register count from base: 34
S_INFO root [2025-09-02 15:46:41,102] - sync register count from base: 34
S_INFO root [2025-09-02 15:46:41,102] - sync register count from base: 34
S_INFO root [2025-09-02 15:47:41,101] - sync register count from base: 34
S_INFO root [2025-09-02 15:47:41,101] - sync register count from base: 34
S_INFO root [2025-09-02 15:48:41,101] - sync register count from base: 34
S_INFO root [2025-09-02 15:48:41,102] - sync register count from base: 34
S_INFO root [2025-09-02 15:49:41,101] - sync register count from base: 34
S_INFO root [2025-09-02 15:49:41,101] - sync register count from base: 34
S_INFO root [2025-09-02 15:50:41,101] - sync register count from base: 34
S_INFO root [2025-09-02 15:50:41,102] - sync register count from base: 34
S_INFO root [2025-09-02 15:51:41,101] - sync register count from base: 34
S_INFO root [2025-09-02 15:51:41,101] - sync register count from base: 34
S_INFO root [2025-09-02 15:52:41,101] - sync register count from base: 34
S_INFO root [2025-09-02 15:52:41,101] - sync register count from base: 34
S_INFO root [2025-09-02 15:53:41,100] - sync register count from base: 34
S_INFO root [2025-09-02 15:53:41,100] - sync register count from base: 34
S_INFO root [2025-09-02 15:54:41,100] - sync register count from base: 34
S_INFO root [2025-09-02 15:54:41,100] - sync register count from base: 34
S_INFO root [2025-09-02 15:55:41,099] - sync register count from base: 34
S_INFO root [2025-09-02 15:55:41,100] - sync register count from base: 34
S_INFO root [2025-09-02 15:56:41,101] - sync register count from base: 34
S_INFO root [2025-09-02 15:56:41,101] - sync register count from base: 34
S_INFO root [2025-09-02 15:57:41,100] - sync register count from base: 34
S_INFO root [2025-09-02 15:57:41,100] - sync register count from base: 34
S_INFO root [2025-09-02 15:58:41,100] - sync register count from base: 34
S_INFO root [2025-09-02 15:58:41,100] - sync register count from base: 34
S_INFO root [2025-09-02 15:59:41,101] - sync register count from base: 34
S_INFO root [2025-09-02 15:59:41,101] - sync register count from base: 34
S_INFO root [2025-09-02 16:00:41,101] - sync register count from base: 34
S_INFO root [2025-09-02 16:00:41,101] - sync register count from base: 34
S_INFO root [2025-09-02 16:01:41,101] - sync register count from base: 34
S_INFO root [2025-09-02 16:01:41,101] - sync register count from base: 34
S_INFO root [2025-09-02 16:02:41,102] - sync register count from base: 34
S_INFO root [2025-09-02 16:02:41,102] - sync register count from base: 34
S_INFO root [2025-09-02 16:03:41,102] - sync register count from base: 34
S_INFO root [2025-09-02 16:03:41,103] - sync register count from base: 34
S_INFO root [2025-09-02 16:04:41,102] - sync register count from base: 34
S_INFO root [2025-09-02 16:04:41,102] - sync register count from base: 34
S_INFO root [2025-09-02 16:05:41,103] - sync register count from base: 34
S_INFO root [2025-09-02 16:05:41,103] - sync register count from base: 34
S_INFO root [2025-09-02 16:06:41,103] - sync register count from base: 34
S_INFO root [2025-09-02 16:06:41,103] - sync register count from base: 34
S_INFO root [2025-09-02 16:07:41,102] - sync register count from base: 34
S_INFO root [2025-09-02 16:07:41,103] - sync register count from base: 34
S_INFO root [2025-09-02 16:08:41,102] - sync register count from base: 34
S_INFO root [2025-09-02 16:08:41,103] - sync register count from base: 34
S_INFO root [2025-09-02 16:09:41,103] - sync register count from base: 34
S_INFO root [2025-09-02 16:09:41,103] - sync register count from base: 34
S_INFO root [2025-09-02 16:10:41,103] - sync register count from base: 34
S_INFO root [2025-09-02 16:10:41,103] - sync register count from base: 34
S_INFO root [2025-09-02 16:11:41,103] - sync register count from base: 34
S_INFO root [2025-09-02 16:11:41,104] - sync register count from base: 34
S_INFO root [2025-09-02 16:12:41,104] - sync register count from base: 34
S_INFO root [2025-09-02 16:12:41,105] - sync register count from base: 34
S_INFO root [2025-09-02 16:13:41,103] - sync register count from base: 34
S_INFO root [2025-09-02 16:13:41,104] - sync register count from base: 34
S_INFO root [2025-09-02 16:14:41,104] - sync register count from base: 34
S_INFO root [2025-09-02 16:14:41,104] - sync register count from base: 34
S_INFO root [2025-09-02 16:15:41,103] - sync register count from base: 34
S_INFO root [2025-09-02 16:15:41,103] - sync register count from base: 34
S_INFO root [2025-09-02 16:16:41,104] - sync register count from base: 34
S_INFO root [2025-09-02 16:16:41,104] - sync register count from base: 34
S_INFO root [2025-09-02 16:17:41,103] - sync register count from base: 34
S_INFO root [2025-09-02 16:17:41,103] - sync register count from base: 34
S_INFO root [2025-09-02 16:18:41,104] - sync register count from base: 34
S_INFO root [2025-09-02 16:18:41,104] - sync register count from base: 34
S_INFO root [2025-09-02 16:19:41,104] - sync register count from base: 34
S_INFO root [2025-09-02 16:19:41,104] - sync register count from base: 34
S_INFO root [2025-09-02 16:20:41,104] - sync register count from base: 34
S_INFO root [2025-09-02 16:20:41,104] - sync register count from base: 34
S_INFO root [2025-09-02 16:21:41,103] - sync register count from base: 34
S_INFO root [2025-09-02 16:21:41,104] - sync register count from base: 34
S_INFO root [2025-09-02 16:22:41,103] - sync register count from base: 34
S_INFO root [2025-09-02 16:22:41,104] - sync register count from base: 34
S_INFO root [2025-09-02 16:23:41,104] - sync register count from base: 34
S_INFO root [2025-09-02 16:23:41,104] - sync register count from base: 34
S_INFO root [2025-09-02 16:24:41,104] - sync register count from base: 34
S_INFO root [2025-09-02 16:24:41,104] - sync register count from base: 34
S_INFO root [2025-09-02 16:25:41,104] - sync register count from base: 34
S_INFO root [2025-09-02 16:25:41,104] - sync register count from base: 34
S_INFO root [2025-09-02 16:26:41,103] - sync register count from base: 34
S_INFO root [2025-09-02 16:26:41,104] - sync register count from base: 34
S_INFO root [2025-09-02 16:27:41,103] - sync register count from base: 34
S_INFO root [2025-09-02 16:27:41,104] - sync register count from base: 34
S_INFO root [2025-09-02 16:28:41,103] - sync register count from base: 34
S_INFO root [2025-09-02 16:28:41,104] - sync register count from base: 34
S_INFO root [2025-09-02 16:29:41,104] - sync register count from base: 34
S_INFO root [2025-09-02 16:29:41,104] - sync register count from base: 34
S_INFO root [2025-09-02 16:30:41,104] - sync register count from base: 34
S_INFO root [2025-09-02 16:30:41,104] - sync register count from base: 34
S_INFO root [2025-09-02 16:31:41,104] - sync register count from base: 34
S_INFO root [2025-09-02 16:31:41,104] - sync register count from base: 34
S_INFO root [2025-09-02 16:32:41,103] - sync register count from base: 34
S_INFO root [2025-09-02 16:32:41,103] - sync register count from base: 34
S_INFO root [2025-09-02 16:33:41,102] - sync register count from base: 34
S_INFO root [2025-09-02 16:33:41,103] - sync register count from base: 34
S_INFO root [2025-09-02 16:34:41,103] - sync register count from base: 34
S_INFO root [2025-09-02 16:34:41,103] - sync register count from base: 34
S_INFO root [2025-09-02 16:35:41,102] - sync register count from base: 34
S_INFO root [2025-09-02 16:35:41,103] - sync register count from base: 34
S_INFO root [2025-09-02 16:36:41,102] - sync register count from base: 34
S_INFO root [2025-09-02 16:36:41,103] - sync register count from base: 34
S_INFO root [2025-09-02 16:37:41,102] - sync register count from base: 34
S_INFO root [2025-09-02 16:37:41,102] - sync register count from base: 34
S_INFO root [2025-09-02 16:38:41,101] - sync register count from base: 34
S_INFO root [2025-09-02 16:38:41,101] - sync register count from base: 34
S_INFO root [2025-09-02 16:39:41,101] - sync register count from base: 34
S_INFO root [2025-09-02 16:39:41,102] - sync register count from base: 34
S_INFO root [2025-09-02 16:40:41,100] - sync register count from base: 34
S_INFO root [2025-09-02 16:40:41,100] - sync register count from base: 34
S_INFO root [2025-09-02 16:41:41,101] - sync register count from base: 34
S_INFO root [2025-09-02 16:41:41,101] - sync register count from base: 34
S_INFO root [2025-09-02 16:42:41,099] - sync register count from base: 34
S_INFO root [2025-09-02 16:42:41,100] - sync register count from base: 34
S_INFO root [2025-09-02 16:43:41,100] - sync register count from base: 34
S_INFO root [2025-09-02 16:43:41,100] - sync register count from base: 34
S_INFO root [2025-09-02 16:44:41,100] - sync register count from base: 34
S_INFO root [2025-09-02 16:44:41,100] - sync register count from base: 34
S_INFO root [2025-09-02 16:45:41,098] - sync register count from base: 34
S_INFO root [2025-09-02 16:45:41,098] - sync register count from base: 34
S_INFO root [2025-09-02 16:46:41,099] - sync register count from base: 34
S_INFO root [2025-09-02 16:46:41,100] - sync register count from base: 34
S_INFO root [2025-09-02 16:47:41,099] - sync register count from base: 34
S_INFO root [2025-09-02 16:47:41,099] - sync register count from base: 34
S_INFO root [2025-09-02 16:48:41,099] - sync register count from base: 34
S_INFO root [2025-09-02 16:48:41,100] - sync register count from base: 34
S_INFO root [2025-09-02 16:49:41,098] - sync register count from base: 34
S_INFO root [2025-09-02 16:49:41,098] - sync register count from base: 34
S_INFO root [2025-09-02 16:50:41,098] - sync register count from base: 34
S_INFO root [2025-09-02 16:50:41,098] - sync register count from base: 34
S_INFO root [2025-09-02 16:51:41,097] - sync register count from base: 34
S_INFO root [2025-09-02 16:51:41,098] - sync register count from base: 34
S_INFO root [2025-09-02 16:52:41,097] - sync register count from base: 34
S_INFO root [2025-09-02 16:52:41,097] - sync register count from base: 34
S_INFO root [2025-09-02 16:53:41,097] - sync register count from base: 34
S_INFO root [2025-09-02 16:53:41,098] - sync register count from base: 34
S_INFO root [2025-09-02 16:54:41,098] - sync register count from base: 34
S_INFO root [2025-09-02 16:54:41,098] - sync register count from base: 34
S_INFO root [2025-09-02 16:55:41,098] - sync register count from base: 34
S_INFO root [2025-09-02 16:55:41,098] - sync register count from base: 34
S_INFO root [2025-09-02 16:56:41,098] - sync register count from base: 34
S_INFO root [2025-09-02 16:56:41,098] - sync register count from base: 34
S_INFO root [2025-09-02 16:57:41,096] - sync register count from base: 34
S_INFO root [2025-09-02 16:57:41,096] - sync register count from base: 34
S_INFO root [2025-09-02 16:58:41,097] - sync register count from base: 34
S_INFO root [2025-09-02 16:58:41,098] - sync register count from base: 34
S_INFO root [2025-09-02 16:59:41,097] - sync register count from base: 34
S_INFO root [2025-09-02 16:59:41,098] - sync register count from base: 34
S_INFO root [2025-09-02 17:00:41,097] - sync register count from base: 34
S_INFO root [2025-09-02 17:00:41,097] - sync register count from base: 34
S_INFO root [2025-09-02 17:01:41,096] - sync register count from base: 34
S_INFO root [2025-09-02 17:01:41,096] - sync register count from base: 34
S_INFO root [2025-09-02 17:02:41,096] - sync register count from base: 34
S_INFO root [2025-09-02 17:02:41,096] - sync register count from base: 34
S_INFO root [2025-09-02 17:03:41,096] - sync register count from base: 34
S_INFO root [2025-09-02 17:03:41,096] - sync register count from base: 34
S_INFO root [2025-09-02 17:04:41,096] - sync register count from base: 34
S_INFO root [2025-09-02 17:04:41,097] - sync register count from base: 34
S_INFO root [2025-09-02 17:05:41,096] - sync register count from base: 34
S_INFO root [2025-09-02 17:05:41,097] - sync register count from base: 34
S_INFO root [2025-09-02 17:06:41,097] - sync register count from base: 34
S_INFO root [2025-09-02 17:06:41,097] - sync register count from base: 34
S_INFO root [2025-09-02 17:07:41,096] - sync register count from base: 34
S_INFO root [2025-09-02 17:07:41,096] - sync register count from base: 34
S_INFO root [2025-09-02 17:08:41,095] - sync register count from base: 34
S_INFO root [2025-09-02 17:08:41,096] - sync register count from base: 34
S_INFO root [2025-09-02 17:09:41,095] - sync register count from base: 34
S_INFO root [2025-09-02 17:09:41,095] - sync register count from base: 34
S_INFO root [2025-09-02 17:10:41,094] - sync register count from base: 34
S_INFO root [2025-09-02 17:10:41,095] - sync register count from base: 34
S_INFO root [2025-09-02 17:11:41,094] - sync register count from base: 34
S_INFO root [2025-09-02 17:11:41,094] - sync register count from base: 34
S_INFO root [2025-09-02 17:12:41,094] - sync register count from base: 34
S_INFO root [2025-09-02 17:12:41,094] - sync register count from base: 34
S_INFO root [2025-09-02 17:13:41,094] - sync register count from base: 34
S_INFO root [2025-09-02 17:13:41,094] - sync register count from base: 34
S_INFO root [2025-09-02 17:14:41,094] - sync register count from base: 34
S_INFO root [2025-09-02 17:14:41,094] - sync register count from base: 34
  INFO root [2025-09-02 17:15:06,089] - Interfaces::onAccountLogin: loginName=1:ztq1
S_INFO root [2025-09-02 17:15:06,090] - onRequestAccountLogin: registerName 1:ztq1 b'{"token":"knatKNktnnPOxkV","loginServerId":1,"deviceModel":"Desktop","deviceUniqueIdentifier":"666c0e734407510533d6db05782f0b7f561557c0","devicePlatId":3,"appVersion":"0.0.0.0","vClientIPv6":"","UA":"","imei":"","url_args":"","loginChannel":"","operatingSystem":"","operator":"","networkState":"","oaid":"","caid":""}'
S_INFO root [2025-09-02 17:15:06,092] - _onCheckBanAccount: registerName [[b'0']] 1:ztq1
S_INFO root [2025-09-02 17:15:06,113] - _onCheckWhiteList: registerName [] 1:ztq1
S_INFO root [2025-09-02 17:15:06,113] - {"server": "20227", "log_timestamp": 1756804506114, "log_id": "server_ban_by_whitelist", "gate": "", "client_id": "3", "app_channel": 0, "accont_id": "", "role_name": "", "role_id": ""}
S_INFO root [2025-09-02 17:15:06,293] - onVerifyLogin: 1 ztq1 1 (4, 'knatKNktnnPOxkV', b'{"token":"knatKNktnnPOxkV","loginServerId":1,"deviceModel":"Desktop","deviceUniqueIdentifier":"666c0e734407510533d6db05782f0b7f561557c0","devicePlatId":3,"appVersion":"0.0.0.0","vClientIPv6":"","UA":"","imei":"","url_args":"","loginChannel":"","operatingSystem":"","operator":"","networkState":"","oaid":"","caid":""}')
  INFO root [2025-09-02 17:15:06,294] - Interfaces::accountLoginResponse: 1:ztq1 1:ztq1 35
S_INFO root [2025-09-02 17:15:41,093] - sync register count from base: 34
S_INFO root [2025-09-02 17:15:41,093] - sync register count from base: 34
S_INFO root [2025-09-02 17:16:41,094] - sync register count from base: 34
S_INFO root [2025-09-02 17:16:41,095] - sync register count from base: 34
S_INFO root [2025-09-02 17:17:41,094] - sync register count from base: 34
S_INFO root [2025-09-02 17:17:41,094] - sync register count from base: 34
S_INFO root [2025-09-02 17:18:41,093] - sync register count from base: 34
S_INFO root [2025-09-02 17:18:41,093] - sync register count from base: 34
S_INFO root [2025-09-02 17:19:41,092] - sync register count from base: 34
S_INFO root [2025-09-02 17:19:41,093] - sync register count from base: 34
S_INFO root [2025-09-02 17:20:41,092] - sync register count from base: 34
S_INFO root [2025-09-02 17:20:41,093] - sync register count from base: 34
S_INFO root [2025-09-02 17:21:41,092] - sync register count from base: 34
S_INFO root [2025-09-02 17:21:41,093] - sync register count from base: 34
S_INFO root [2025-09-02 17:22:41,092] - sync register count from base: 34
S_INFO root [2025-09-02 17:22:41,093] - sync register count from base: 34
S_INFO root [2025-09-02 17:23:41,093] - sync register count from base: 34
S_INFO root [2025-09-02 17:23:41,093] - sync register count from base: 34
S_INFO root [2025-09-02 17:24:41,092] - sync register count from base: 34
S_INFO root [2025-09-02 17:24:41,093] - sync register count from base: 34
S_INFO root [2025-09-02 17:25:41,091] - sync register count from base: 34
S_INFO root [2025-09-02 17:25:41,092] - sync register count from base: 34
S_INFO root [2025-09-02 17:26:41,091] - sync register count from base: 34
S_INFO root [2025-09-02 17:26:41,092] - sync register count from base: 34
S_INFO root [2025-09-02 17:27:41,092] - sync register count from base: 34
S_INFO root [2025-09-02 17:27:41,093] - sync register count from base: 34
S_INFO root [2025-09-02 17:28:41,092] - sync register count from base: 34
S_INFO root [2025-09-02 17:28:41,093] - sync register count from base: 34
S_INFO root [2025-09-02 17:29:41,092] - sync register count from base: 34
S_INFO root [2025-09-02 17:29:41,092] - sync register count from base: 34
S_INFO root [2025-09-02 17:30:41,092] - sync register count from base: 34
S_INFO root [2025-09-02 17:30:41,093] - sync register count from base: 34
S_INFO root [2025-09-02 17:31:41,091] - sync register count from base: 34
S_INFO root [2025-09-02 17:31:41,091] - sync register count from base: 34
S_INFO root [2025-09-02 17:32:41,091] - sync register count from base: 34
S_INFO root [2025-09-02 17:32:41,091] - sync register count from base: 34
S_INFO root [2025-09-02 17:33:41,091] - sync register count from base: 34
S_INFO root [2025-09-02 17:33:41,092] - sync register count from base: 34
S_INFO root [2025-09-02 17:34:41,090] - sync register count from base: 34
S_INFO root [2025-09-02 17:34:41,091] - sync register count from base: 34
S_INFO root [2025-09-02 17:35:41,091] - sync register count from base: 34
S_INFO root [2025-09-02 17:35:41,092] - sync register count from base: 34
S_INFO root [2025-09-02 17:36:41,091] - sync register count from base: 34
S_INFO root [2025-09-02 17:36:41,091] - sync register count from base: 34
S_INFO root [2025-09-02 17:37:41,090] - sync register count from base: 34
S_INFO root [2025-09-02 17:37:41,090] - sync register count from base: 34
S_INFO root [2025-09-02 17:38:41,089] - sync register count from base: 34
S_INFO root [2025-09-02 17:38:41,090] - sync register count from base: 34
S_INFO root [2025-09-02 17:39:41,089] - sync register count from base: 34
S_INFO root [2025-09-02 17:39:41,089] - sync register count from base: 34
S_INFO root [2025-09-02 17:40:41,088] - sync register count from base: 34
S_INFO root [2025-09-02 17:40:41,089] - sync register count from base: 34
S_INFO root [2025-09-02 17:41:41,089] - sync register count from base: 34
S_INFO root [2025-09-02 17:41:41,090] - sync register count from base: 34
S_INFO root [2025-09-02 17:42:41,090] - sync register count from base: 34
S_INFO root [2025-09-02 17:42:41,090] - sync register count from base: 34
S_INFO root [2025-09-02 17:43:41,090] - sync register count from base: 34
S_INFO root [2025-09-02 17:43:41,090] - sync register count from base: 34
S_INFO root [2025-09-02 17:44:41,090] - sync register count from base: 34
S_INFO root [2025-09-02 17:44:41,091] - sync register count from base: 34
S_INFO root [2025-09-02 17:45:41,090] - sync register count from base: 34
S_INFO root [2025-09-02 17:45:41,091] - sync register count from base: 34
