    INFO cellappmgr-1 1001 600001  [2025-09-02 12:08:08 432] - -----------------------------------------------------------------------------------------


    INFO cellappmgr-1 1001 600001  [2025-09-02 12:08:08 443] - Resmgr::initialize: KBE_ROOT=/mnt/hgfs/game/Server/kbeLinux/kbengine/
    INFO cellappmgr-1 1001 600001  [2025-09-02 12:08:08 443] - Resmgr::initialize: KBE_RES_PATH=/mnt/hgfs/game/Server/kbeLinux/kbengine/kbe/res/:/mnt/hgfs/game/Server/kbeLinux/kbengine/assets/:/mnt/hgfs/game/Server/kbeLinux/kbengine/assets/res/:/mnt/hgfs/game/Server/kbeLinux/kbengine/assets/scripts/
    INFO cellappmgr-1 1001 600001  [2025-09-02 12:08:08 444] - Resmgr::initialize: KBE_BIN_PATH=/mnt/hgfs/game/Server/kbeLinux/kbengine/kbe/bin/server/
    INFO cellappmgr-1 1001 600001  [2025-09-02 12:08:08 444] - NetworkInterface::initialize(INTERNAL-TCP): bound to all interfaces with default route interface on 192.168.10.127 ( 192.168.10.127:41755 )
 WARNING cellappmgr-1 1001 600001  [2025-09-02 12:08:08 444] - NetworkInterface::initialize(INTERNAL-TCP): Operating with a receive buffer of only 425984 bytes (instead of 16777216)
 WARNING cellappmgr-1 1001 600001  [2025-09-02 12:08:08 445] - NetworkInterface::initialize(INTERNAL-TCP): Operating with a send buffer of only 425984 bytes (instead of 16777216)
    INFO cellappmgr-1 1001 600001  [2025-09-02 12:08:08 445] - NetworkInterface::initialize(INTERNAL-TCP): address 192.168.10.127:41755, SOMAXCONN=511, rBufSize=425984, wBufSize=425984, this=[0x7ffee029e500.
    INFO cellappmgr-1 1001 600001  [2025-09-02 12:08:08 446] - server-configs:
    INFO cellappmgr-1 1001 600001  [2025-09-02 12:08:08 447] - 	internalTcpAddr : 192.168.10.127:41755
    INFO cellappmgr-1 1001 600001  [2025-09-02 12:08:08 447] - 	componentID : 600001
    INFO cellappmgr-1 1001 600001  [2025-09-02 12:08:09 950] - ThreadPool::createThreadPool: creating  threadpool...
    INFO cellappmgr-1 1001 600001  [2025-09-02 12:08:09 951] - ThreadPool::createThreadPool: successfully(2), newThreadCount=1, normalMaxThreadCount=2, maxThreadCount=8
    INFO cellappmgr-1 1001 600001  [2025-09-02 12:08:10 051] - start server app, timing method:rdtsc 3417532110
    INFO cellappmgr-1 1001 600001  [2025-09-02 12:08:10 248] - ---- cellappmgr Version: 2.5.8. ScriptVersion: 0.1.0. Pythoncore: 3.7.3. Protocol: 00C842919090D3FD4897D0C953C8FBA9. Protocol client: 4EDB66676632D353BE422596980EC70D. Config: Hybrid64 X64. Built: 21:29:44 Aug 27 2025. AppID: 600001. UID: 1001. PID: 1157795 ----
    INFO cellappmgr-1 1001 600001  [2025-09-02 12:08:10 248] - Server ubuntumyh: Intel(R) Core(TM) i7-14700KF x4 with 8083592kB RAM
    INFO cellappmgr-1 1001 600001  [2025-09-02 12:08:10 251] - ---- cellappmgr is running ----
   DEBUG cellappmgr-1 1001 600001  [2025-09-02 12:08:10 251] - Components::process(): Request for the process of identity...
    INFO cellappmgr-1 1001 600001  [2025-09-02 12:08:17 274] - Components::findComponents: find logger(1)...
    INFO cellappmgr-1 1001 600001  [2025-09-02 12:08:17 282] - Components::findComponents: found logger, addr:192.168.10.127:43117
    INFO cellappmgr-1 1001 600001  [2025-09-02 12:08:17 282] - Components::addComponent: reset orderLog, uid=1001!
    INFO cellappmgr-1 1001 600001  [2025-09-02 12:08:17 282] - Components::addComponent[logger], uid=1001, componentID=200001, globalorderid=1, grouporderid=1, totalcount=1
    INFO cellappmgr-1 1001 600001  [2025-09-02 12:08:17 283] - Components::findComponents: find dbmgr(2)...
    INFO cellappmgr-1 1001 600001  [2025-09-02 12:08:17 385] - Components::findComponents: found dbmgr, addr:192.168.10.127:49301
    INFO cellappmgr-1 1001 600001  [2025-09-02 12:08:17 385] - Components::addComponent: reset orderLog, uid=1001!
    INFO cellappmgr-1 1001 600001  [2025-09-02 12:08:17 385] - Components::addComponent[dbmgr], uid=1001, componentID=400001, globalorderid=4, grouporderid=1, totalcount=1
    INFO cellappmgr-1 1001 600001  [2025-09-02 12:08:19 392] - Components::findComponents: find baseappmgr(1)...
   ERROR cellappmgr-1 1001 600001  [2025-09-02 12:08:20 894] - BundleBroadcast::receive: failed! It can be caused by the firewall, the broadcastaddr, etc.Maybe broadcastaddr is not a LAN ADDR, or the Machine process is not running.
   ERROR cellappmgr-1 1001 600001  [2025-09-02 12:08:20 894] - Components::findComponents: receive error!
    INFO cellappmgr-1 1001 600001  [2025-09-02 12:08:21 912] - Components::findComponents: find baseappmgr(2)...
    INFO cellappmgr-1 1001 600001  [2025-09-02 12:08:21 971] - Components::findComponents: found baseappmgr, addr:192.168.10.127:45009
    INFO cellappmgr-1 1001 600001  [2025-09-02 12:08:21 971] - Components::addComponent[baseappmgr], uid=1001, componentID=500001, globalorderid=1, grouporderid=1, totalcount=1
    INFO cellappmgr-1 1001 600001  [2025-09-02 12:08:23 950] - ServerApp::onRegisterNewApp: uid:1001, username:fengyan, componentType:baseappmgr, componentID:500001, globalorderID=-1, grouporderID=-1, intaddr:192.168.10.127, intport:45009, extaddr:nonsupport, extport:0,  from 192.168.10.127:34088/0/0/0.
    INFO cellappmgr-1 1001 600001  [2025-09-02 12:08:24 032] - Components::findComponents: register self to dbmgr...
    INFO cellappmgr-1 1001 600001  [2025-09-02 12:08:24 044] - Components::findComponents: register self to baseappmgr...
    INFO cellappmgr-1 1001 600001  [2025-09-02 12:08:24 052] - Components::process(): Found all the components!
    INFO cellappmgr-1 1001 600001  [2025-09-02 12:08:31 981] - ServerApp::onRegisterNewApp: uid:1001, username:fengyan, componentType:cellapp, componentID:800001, globalorderID=-1, grouporderID=-1, intaddr:192.168.10.127, intport:44985, extaddr:nonsupport, extport:0,  from 192.168.10.127:56592/0/0/0.
    INFO cellappmgr-1 1001 600001  [2025-09-02 12:08:31 981] - Components::addComponent[cellapp], uid=1001, componentID=800001, globalorderid=3, grouporderid=1, totalcount=1
    INFO cellappmgr-1 1001 600001  [2025-09-02 12:08:32 026] - Cellappmgr::getCellapp: added new cellapp(800001).
    INFO cellappmgr-1 1001 600001  [2025-09-02 12:08:32 110] - ServerApp::onRegisterNewApp: uid:1001, username:fengyan, componentType:baseapp, componentID:700002, globalorderID=-1, grouporderID=-1, intaddr:192.168.10.127, intport:35419, extaddr:192.168.10.127, extport:20015,  from 192.168.10.127:56598/0/0/0.
    INFO cellappmgr-1 1001 600001  [2025-09-02 12:08:32 110] - Components::addComponent[baseapp], uid=1001, componentID=700002, globalorderid=4, grouporderid=1, totalcount=1
    INFO cellappmgr-1 1001 600001  [2025-09-02 12:08:32 115] - ServerApp::onRegisterNewApp: uid:1001, username:fengyan, componentType:cellapp, componentID:800002, globalorderID=-1, grouporderID=-1, intaddr:192.168.10.127, intport:59203, extaddr:nonsupport, extport:0,  from 192.168.10.127:56610/0/0/0.
    INFO cellappmgr-1 1001 600001  [2025-09-02 12:08:32 115] - Components::addComponent[cellapp], uid=1001, componentID=800002, globalorderid=5, grouporderid=2, totalcount=2
    INFO cellappmgr-1 1001 600001  [2025-09-02 12:08:32 215] - Cellappmgr::getCellapp: added new cellapp(800002).
    INFO cellappmgr-1 1001 600001  [2025-09-02 12:08:32 410] - ServerApp::onRegisterNewApp: uid:1001, username:fengyan, componentType:baseapp, componentID:700001, globalorderID=-1, grouporderID=-1, intaddr:192.168.10.127, intport:58597, extaddr:192.168.10.127, extport:20017,  from 192.168.10.127:56624/0/0/0.
    INFO cellappmgr-1 1001 600001  [2025-09-02 12:08:32 410] - Components::addComponent[baseapp], uid=1001, componentID=700001, globalorderid=6, grouporderid=2, totalcount=2
    INFO cellappmgr-1 1001 600001  [2025-09-02 12:08:37 581] - Cellappmgr::onCellappInitProgress: cid=800001, progress=1.
   DEBUG cellappmgr-1 1001 600001  [2025-09-02 12:08:37 581] - Cellappmgr::addCellappComponentID: cellapp component id 800001, group order id 1
    INFO cellappmgr-1 1001 600001  [2025-09-02 12:08:37 603] - Cellappmgr::onCellappInitProgress: cid=800002, progress=1.
   DEBUG cellappmgr-1 1001 600001  [2025-09-02 12:08:37 603] - Cellappmgr::addCellappComponentID: cellapp component id 800002, group order id 2
   DEBUG cellappmgr-1 1001 600001  [2025-09-02 12:08:41 012] - Cellappmgr::reqCreateCellEntityInNewSpace: entityType=Space, entityID=6067, componentID=700001, cellapp(cid=800002, load=0.326328, numEntities=0).
   DEBUG cellappmgr-1 1001 600001  [2025-09-02 12:08:41 012] - Cellappmgr::reqCreateCellEntityInNewSpace: entityType=Space, entityID=6068, componentID=700001, cellapp(cid=800001, load=0.315322, numEntities=0).
   DEBUG cellappmgr-1 1001 600001  [2025-09-02 12:08:41 012] - Cellappmgr::reqCreateCellEntityInNewSpace: entityType=Space, entityID=6069, componentID=700001, cellapp(cid=800001, load=0.315322, numEntities=1).
   DEBUG cellappmgr-1 1001 600001  [2025-09-02 12:08:41 012] - Cellappmgr::reqCreateCellEntityInNewSpace: entityType=Space, entityID=6070, componentID=700001, cellapp(cid=800002, load=0.326328, numEntities=1).
   DEBUG cellappmgr-1 1001 600001  [2025-09-02 12:08:41 012] - Cellappmgr::reqCreateCellEntityInNewSpace: entityType=Space, entityID=6071, componentID=700001, cellapp(cid=800002, load=0.326328, numEntities=2).
   DEBUG cellappmgr-1 1001 600001  [2025-09-02 12:08:41 012] - Cellappmgr::reqCreateCellEntityInNewSpace: entityType=Space, entityID=6072, componentID=700001, cellapp(cid=800002, load=0.326328, numEntities=3).
   DEBUG cellappmgr-1 1001 600001  [2025-09-02 12:08:41 012] - Cellappmgr::reqCreateCellEntityInNewSpace: entityType=Space, entityID=6073, componentID=700001, cellapp(cid=800001, load=0.315322, numEntities=2).
   DEBUG cellappmgr-1 1001 600001  [2025-09-02 12:08:41 013] - Cellappmgr::reqCreateCellEntityInNewSpace: entityType=Space, entityID=6074, componentID=700001, cellapp(cid=800001, load=0.315322, numEntities=3).
   DEBUG cellappmgr-1 1001 600001  [2025-09-02 12:08:41 013] - Cellappmgr::reqCreateCellEntityInNewSpace: entityType=Space, entityID=6075, componentID=700001, cellapp(cid=800002, load=0.326328, numEntities=4).
   DEBUG cellappmgr-1 1001 600001  [2025-09-02 12:08:41 013] - Cellappmgr::reqCreateCellEntityInNewSpace: entityType=Space, entityID=6076, componentID=700001, cellapp(cid=800002, load=0.326328, numEntities=5).
   DEBUG cellappmgr-1 1001 600001  [2025-09-02 12:08:41 013] - Cellappmgr::reqCreateCellEntityInNewSpace: entityType=Space, entityID=6077, componentID=700001, cellapp(cid=800001, load=0.315322, numEntities=4).
   DEBUG cellappmgr-1 1001 600001  [2025-09-02 12:08:41 013] - Cellappmgr::reqCreateCellEntityInNewSpace: entityType=Space, entityID=6078, componentID=700001, cellapp(cid=800002, load=0.326328, numEntities=6).
   DEBUG cellappmgr-1 1001 600001  [2025-09-02 12:08:41 013] - Cellappmgr::reqCreateCellEntityInNewSpace: entityType=Space, entityID=6079, componentID=700001, cellapp(cid=800002, load=0.326328, numEntities=7).
   DEBUG cellappmgr-1 1001 600001  [2025-09-02 12:08:41 013] - Cellappmgr::reqCreateCellEntityInNewSpace: entityType=Space, entityID=6080, componentID=700001, cellapp(cid=800002, load=0.326328, numEntities=8).
   DEBUG cellappmgr-1 1001 600001  [2025-09-02 12:08:41 013] - Cellappmgr::reqCreateCellEntityInNewSpace: entityType=Space, entityID=6081, componentID=700001, cellapp(cid=800002, load=0.326328, numEntities=9).
   DEBUG cellappmgr-1 1001 600001  [2025-09-02 12:08:41 013] - Cellappmgr::reqCreateCellEntityInNewSpace: entityType=Space, entityID=6082, componentID=700001, cellapp(cid=800002, load=0.326328, numEntities=10).
   DEBUG cellappmgr-1 1001 600001  [2025-09-02 12:08:41 013] - Cellappmgr::reqCreateCellEntityInNewSpace: entityType=Space, entityID=6083, componentID=700001, cellapp(cid=800002, load=0.326328, numEntities=11).
   DEBUG cellappmgr-1 1001 600001  [2025-09-02 12:08:41 013] - Cellappmgr::reqCreateCellEntityInNewSpace: entityType=Space, entityID=6084, componentID=700001, cellapp(cid=800002, load=0.326328, numEntities=12).
   DEBUG cellappmgr-1 1001 600001  [2025-09-02 12:08:41 013] - Cellappmgr::reqCreateCellEntityInNewSpace: entityType=Space, entityID=6085, componentID=700001, cellapp(cid=800002, load=0.326328, numEntities=13).
   DEBUG cellappmgr-1 1001 600001  [2025-09-02 12:08:41 013] - Cellappmgr::reqCreateCellEntityInNewSpace: entityType=Space, entityID=6086, componentID=700001, cellapp(cid=800002, load=0.326328, numEntities=14).
   DEBUG cellappmgr-1 1001 600001  [2025-09-02 12:08:41 014] - Cellappmgr::reqCreateCellEntityInNewSpace: entityType=Space, entityID=6087, componentID=700001, cellapp(cid=800002, load=0.326328, numEntities=15).
   DEBUG cellappmgr-1 1001 600001  [2025-09-02 12:08:41 014] - Cellappmgr::reqCreateCellEntityInNewSpace: entityType=Space, entityID=6088, componentID=700001, cellapp(cid=800001, load=0.315322, numEntities=5).
   DEBUG cellappmgr-1 1001 600001  [2025-09-02 12:08:41 014] - Cellappmgr::reqCreateCellEntityInNewSpace: entityType=Space, entityID=6089, componentID=700001, cellapp(cid=800002, load=0.326328, numEntities=16).
   DEBUG cellappmgr-1 1001 600001  [2025-09-02 12:08:41 014] - Cellappmgr::reqCreateCellEntityInNewSpace: entityType=Space, entityID=6090, componentID=700001, cellapp(cid=800001, load=0.315322, numEntities=6).
   DEBUG cellappmgr-1 1001 600001  [2025-09-02 12:08:41 014] - Cellappmgr::reqCreateCellEntityInNewSpace: entityType=Space, entityID=6091, componentID=700001, cellapp(cid=800001, load=0.315322, numEntities=7).
   DEBUG cellappmgr-1 1001 600001  [2025-09-02 12:08:41 014] - Cellappmgr::reqCreateCellEntityInNewSpace: entityType=Space, entityID=6092, componentID=700001, cellapp(cid=800002, load=0.326328, numEntities=17).
   DEBUG cellappmgr-1 1001 600001  [2025-09-02 12:08:41 014] - Cellappmgr::reqCreateCellEntityInNewSpace: entityType=Space, entityID=6093, componentID=700001, cellapp(cid=800001, load=0.315322, numEntities=8).
   DEBUG cellappmgr-1 1001 600001  [2025-09-02 12:08:41 014] - Cellappmgr::reqCreateCellEntityInNewSpace: entityType=Space, entityID=6094, componentID=700001, cellapp(cid=800002, load=0.326328, numEntities=18).
   DEBUG cellappmgr-1 1001 600001  [2025-09-02 12:08:41 014] - Cellappmgr::reqCreateCellEntityInNewSpace: entityType=Space, entityID=6095, componentID=700001, cellapp(cid=800001, load=0.315322, numEntities=9).
   DEBUG cellappmgr-1 1001 600001  [2025-09-02 12:08:41 014] - Cellappmgr::reqCreateCellEntityInNewSpace: entityType=Space, entityID=6096, componentID=700001, cellapp(cid=800001, load=0.315322, numEntities=10).
   DEBUG cellappmgr-1 1001 600001  [2025-09-02 12:08:41 014] - Cellappmgr::reqCreateCellEntityInNewSpace: entityType=Space, entityID=6097, componentID=700001, cellapp(cid=800001, load=0.315322, numEntities=11).
   DEBUG cellappmgr-1 1001 600001  [2025-09-02 12:08:41 014] - Cellappmgr::reqCreateCellEntityInNewSpace: entityType=Space, entityID=6098, componentID=700001, cellapp(cid=800002, load=0.326328, numEntities=19).
   DEBUG cellappmgr-1 1001 600001  [2025-09-02 12:08:41 014] - Cellappmgr::reqCreateCellEntityInNewSpace: entityType=Space, entityID=6099, componentID=700001, cellapp(cid=800002, load=0.326328, numEntities=20).
   DEBUG cellappmgr-1 1001 600001  [2025-09-02 12:08:41 014] - Cellappmgr::reqCreateCellEntityInNewSpace: entityType=Space, entityID=6100, componentID=700001, cellapp(cid=800001, load=0.315322, numEntities=12).
   DEBUG cellappmgr-1 1001 600001  [2025-09-02 12:08:41 014] - Cellappmgr::reqCreateCellEntityInNewSpace: entityType=Space, entityID=6101, componentID=700001, cellapp(cid=800002, load=0.326328, numEntities=21).
   DEBUG cellappmgr-1 1001 600001  [2025-09-02 12:08:41 014] - Cellappmgr::reqCreateCellEntityInNewSpace: entityType=Space, entityID=6102, componentID=700001, cellapp(cid=800001, load=0.315322, numEntities=13).
   DEBUG cellappmgr-1 1001 600001  [2025-09-02 12:08:41 014] - Cellappmgr::reqCreateCellEntityInNewSpace: entityType=Space, entityID=6103, componentID=700001, cellapp(cid=800001, load=0.315322, numEntities=14).
   DEBUG cellappmgr-1 1001 600001  [2025-09-02 12:08:41 015] - Cellappmgr::reqCreateCellEntityInNewSpace: entityType=Space, entityID=6104, componentID=700001, cellapp(cid=800001, load=0.315322, numEntities=15).
   DEBUG cellappmgr-1 1001 600001  [2025-09-02 12:08:41 015] - Cellappmgr::reqCreateCellEntityInNewSpace: entityType=Space, entityID=6105, componentID=700001, cellapp(cid=800001, load=0.315322, numEntities=16).
   DEBUG cellappmgr-1 1001 600001  [2025-09-02 12:08:41 015] - Cellappmgr::reqCreateCellEntityInNewSpace: entityType=Space, entityID=6106, componentID=700001, cellapp(cid=800002, load=0.326328, numEntities=22).
   DEBUG cellappmgr-1 1001 600001  [2025-09-02 12:08:41 015] - Cellappmgr::reqCreateCellEntityInNewSpace: entityType=Space, entityID=6107, componentID=700001, cellapp(cid=800002, load=0.326328, numEntities=23).
   DEBUG cellappmgr-1 1001 600001  [2025-09-02 12:08:41 015] - Cellappmgr::reqCreateCellEntityInNewSpace: entityType=Space, entityID=6108, componentID=700001, cellapp(cid=800002, load=0.326328, numEntities=24).
   DEBUG cellappmgr-1 1001 600001  [2025-09-02 12:08:41 015] - Cellappmgr::reqCreateCellEntityInNewSpace: entityType=Space, entityID=6109, componentID=700001, cellapp(cid=800001, load=0.315322, numEntities=17).
   DEBUG cellappmgr-1 1001 600001  [2025-09-02 12:08:41 015] - Cellappmgr::reqCreateCellEntityInNewSpace: entityType=Space, entityID=6110, componentID=700001, cellapp(cid=800002, load=0.326328, numEntities=25).
   DEBUG cellappmgr-1 1001 600001  [2025-09-02 12:08:41 015] - Cellappmgr::reqCreateCellEntityInNewSpace: entityType=Space, entityID=6111, componentID=700001, cellapp(cid=800001, load=0.315322, numEntities=18).
   DEBUG cellappmgr-1 1001 600001  [2025-09-02 12:08:41 015] - Cellappmgr::reqCreateCellEntityInNewSpace: entityType=Space, entityID=6112, componentID=700001, cellapp(cid=800002, load=0.326328, numEntities=26).
   DEBUG cellappmgr-1 1001 600001  [2025-09-02 12:08:41 015] - Cellappmgr::reqCreateCellEntityInNewSpace: entityType=Space, entityID=6113, componentID=700001, cellapp(cid=800002, load=0.326328, numEntities=27).
   DEBUG cellappmgr-1 1001 600001  [2025-09-02 12:08:41 015] - Cellappmgr::reqCreateCellEntityInNewSpace: entityType=Space, entityID=6114, componentID=700001, cellapp(cid=800002, load=0.326328, numEntities=28).
   DEBUG cellappmgr-1 1001 600001  [2025-09-02 12:08:41 015] - Cellappmgr::reqCreateCellEntityInNewSpace: entityType=Space, entityID=2045, componentID=700002, cellapp(cid=800001, load=0.315322, numEntities=19).
   DEBUG cellappmgr-1 1001 600001  [2025-09-02 12:08:41 015] - Cellappmgr::reqCreateCellEntityInNewSpace: entityType=Space, entityID=6115, componentID=700001, cellapp(cid=800002, load=0.326328, numEntities=29).
   DEBUG cellappmgr-1 1001 600001  [2025-09-02 12:08:41 015] - Cellappmgr::reqCreateCellEntityInNewSpace: entityType=Space, entityID=2046, componentID=700002, cellapp(cid=800001, load=0.315322, numEntities=20).
   DEBUG cellappmgr-1 1001 600001  [2025-09-02 12:08:41 015] - Cellappmgr::reqCreateCellEntityInNewSpace: entityType=Space, entityID=6116, componentID=700001, cellapp(cid=800001, load=0.315322, numEntities=21).
   DEBUG cellappmgr-1 1001 600001  [2025-09-02 12:08:41 015] - Cellappmgr::reqCreateCellEntityInNewSpace: entityType=Space, entityID=6117, componentID=700001, cellapp(cid=800001, load=0.315322, numEntities=22).
   DEBUG cellappmgr-1 1001 600001  [2025-09-02 12:08:41 015] - Cellappmgr::reqCreateCellEntityInNewSpace: entityType=Space, entityID=6118, componentID=700001, cellapp(cid=800001, load=0.315322, numEntities=23).
   DEBUG cellappmgr-1 1001 600001  [2025-09-02 12:08:41 016] - Cellappmgr::reqCreateCellEntityInNewSpace: entityType=Space, entityID=2047, componentID=700002, cellapp(cid=800002, load=0.326328, numEntities=30).
   DEBUG cellappmgr-1 1001 600001  [2025-09-02 12:08:41 016] - Cellappmgr::reqCreateCellEntityInNewSpace: entityType=Space, entityID=6119, componentID=700001, cellapp(cid=800002, load=0.326328, numEntities=31).
   DEBUG cellappmgr-1 1001 600001  [2025-09-02 12:08:41 016] - Cellappmgr::reqCreateCellEntityInNewSpace: entityType=Space, entityID=6120, componentID=700001, cellapp(cid=800002, load=0.326328, numEntities=32).
   DEBUG cellappmgr-1 1001 600001  [2025-09-02 12:08:41 016] - Cellappmgr::reqCreateCellEntityInNewSpace: entityType=Space, entityID=6121, componentID=700001, cellapp(cid=800001, load=0.315322, numEntities=24).
   DEBUG cellappmgr-1 1001 600001  [2025-09-02 12:08:41 016] - Cellappmgr::reqCreateCellEntityInNewSpace: entityType=Space, entityID=6122, componentID=700001, cellapp(cid=800002, load=0.326328, numEntities=33).
   DEBUG cellappmgr-1 1001 600001  [2025-09-02 12:08:41 016] - Cellappmgr::reqCreateCellEntityInNewSpace: entityType=Space, entityID=6123, componentID=700001, cellapp(cid=800001, load=0.315322, numEntities=25).
   DEBUG cellappmgr-1 1001 600001  [2025-09-02 12:08:41 016] - Cellappmgr::reqCreateCellEntityInNewSpace: entityType=Space, entityID=6124, componentID=700001, cellapp(cid=800002, load=0.326328, numEntities=34).
   DEBUG cellappmgr-1 1001 600001  [2025-09-02 12:08:41 016] - Cellappmgr::reqCreateCellEntityInNewSpace: entityType=Space, entityID=6125, componentID=700001, cellapp(cid=800002, load=0.326328, numEntities=35).
   DEBUG cellappmgr-1 1001 600001  [2025-09-02 12:08:41 016] - Cellappmgr::reqCreateCellEntityInNewSpace: entityType=Space, entityID=6126, componentID=700001, cellapp(cid=800001, load=0.315322, numEntities=26).
   DEBUG cellappmgr-1 1001 600001  [2025-09-02 12:08:41 016] - Cellappmgr::reqCreateCellEntityInNewSpace: entityType=Space, entityID=6127, componentID=700001, cellapp(cid=800002, load=0.326328, numEntities=36).
   DEBUG cellappmgr-1 1001 600001  [2025-09-02 12:08:41 016] - Cellappmgr::reqCreateCellEntityInNewSpace: entityType=Space, entityID=6128, componentID=700001, cellapp(cid=800001, load=0.315322, numEntities=27).
   DEBUG cellappmgr-1 1001 600001  [2025-09-02 12:08:41 016] - Cellappmgr::reqCreateCellEntityInNewSpace: entityType=Space, entityID=6129, componentID=700001, cellapp(cid=800002, load=0.326328, numEntities=37).
   DEBUG cellappmgr-1 1001 600001  [2025-09-02 12:08:41 016] - Cellappmgr::reqCreateCellEntityInNewSpace: entityType=Space, entityID=6130, componentID=700001, cellapp(cid=800002, load=0.326328, numEntities=38).
   DEBUG cellappmgr-1 1001 600001  [2025-09-02 12:08:41 021] - Cellappmgr::reqCreateCellEntityInNewSpace: entityType=Space, entityID=6131, componentID=700001, cellapp(cid=800001, load=0.315322, numEntities=28).
   DEBUG cellappmgr-1 1001 600001  [2025-09-02 12:08:41 021] - Cellappmgr::reqCreateCellEntityInNewSpace: entityType=Space, entityID=6132, componentID=700001, cellapp(cid=800001, load=0.315322, numEntities=29).
   DEBUG cellappmgr-1 1001 600001  [2025-09-02 12:08:41 021] - Cellappmgr::reqCreateCellEntityInNewSpace: entityType=Space, entityID=6133, componentID=700001, cellapp(cid=800002, load=0.326328, numEntities=39).
   DEBUG cellappmgr-1 1001 600001  [2025-09-02 12:08:41 021] - Cellappmgr::reqCreateCellEntityInNewSpace: entityType=Space, entityID=6134, componentID=700001, cellapp(cid=800002, load=0.326328, numEntities=40).
   DEBUG cellappmgr-1 1001 600001  [2025-09-02 12:08:41 021] - Cellappmgr::reqCreateCellEntityInNewSpace: entityType=Space, entityID=6135, componentID=700001, cellapp(cid=800002, load=0.326328, numEntities=41).
   DEBUG cellappmgr-1 1001 600001  [2025-09-02 12:08:41 021] - Cellappmgr::reqCreateCellEntityInNewSpace: entityType=Space, entityID=6136, componentID=700001, cellapp(cid=800001, load=0.315322, numEntities=30).
   DEBUG cellappmgr-1 1001 600001  [2025-09-02 12:08:41 021] - Cellappmgr::reqCreateCellEntityInNewSpace: entityType=Space, entityID=6137, componentID=700001, cellapp(cid=800001, load=0.315322, numEntities=31).
   DEBUG cellappmgr-1 1001 600001  [2025-09-02 12:08:41 021] - Cellappmgr::reqCreateCellEntityInNewSpace: entityType=Space, entityID=6138, componentID=700001, cellapp(cid=800002, load=0.326328, numEntities=42).
   DEBUG cellappmgr-1 1001 600001  [2025-09-02 12:08:41 021] - Cellappmgr::reqCreateCellEntityInNewSpace: entityType=Space, entityID=6139, componentID=700001, cellapp(cid=800002, load=0.326328, numEntities=43).
   DEBUG cellappmgr-1 1001 600001  [2025-09-02 12:08:41 021] - Cellappmgr::reqCreateCellEntityInNewSpace: entityType=Space, entityID=6140, componentID=700001, cellapp(cid=800002, load=0.326328, numEntities=44).
   DEBUG cellappmgr-1 1001 600001  [2025-09-02 12:08:41 021] - Cellappmgr::reqCreateCellEntityInNewSpace: entityType=Space, entityID=6141, componentID=700001, cellapp(cid=800001, load=0.315322, numEntities=32).
   DEBUG cellappmgr-1 1001 600001  [2025-09-02 12:08:41 021] - Cellappmgr::reqCreateCellEntityInNewSpace: entityType=Space, entityID=6142, componentID=700001, cellapp(cid=800001, load=0.315322, numEntities=33).
   DEBUG cellappmgr-1 1001 600001  [2025-09-02 12:08:41 021] - Cellappmgr::reqCreateCellEntityInNewSpace: entityType=Space, entityID=6143, componentID=700001, cellapp(cid=800002, load=0.326328, numEntities=45).
   DEBUG cellappmgr-1 1001 600001  [2025-09-02 12:08:41 021] - Cellappmgr::reqCreateCellEntityInNewSpace: entityType=Space, entityID=6144, componentID=700001, cellapp(cid=800002, load=0.326328, numEntities=46).
   DEBUG cellappmgr-1 1001 600001  [2025-09-02 12:08:41 021] - Cellappmgr::reqCreateCellEntityInNewSpace: entityType=Space, entityID=6145, componentID=700001, cellapp(cid=800001, load=0.315322, numEntities=34).
   DEBUG cellappmgr-1 1001 600001  [2025-09-02 12:08:41 021] - Cellappmgr::reqCreateCellEntityInNewSpace: entityType=Space, entityID=6146, componentID=700001, cellapp(cid=800002, load=0.326328, numEntities=47).
   DEBUG cellappmgr-1 1001 600001  [2025-09-02 12:08:41 021] - Cellappmgr::reqCreateCellEntityInNewSpace: entityType=Space, entityID=6147, componentID=700001, cellapp(cid=800002, load=0.326328, numEntities=48).
   DEBUG cellappmgr-1 1001 600001  [2025-09-02 12:08:41 021] - Cellappmgr::reqCreateCellEntityInNewSpace: entityType=Space, entityID=6148, componentID=700001, cellapp(cid=800001, load=0.315322, numEntities=35).
   DEBUG cellappmgr-1 1001 600001  [2025-09-02 12:08:41 021] - Cellappmgr::reqCreateCellEntityInNewSpace: entityType=Space, entityID=6149, componentID=700001, cellapp(cid=800002, load=0.326328, numEntities=49).
   DEBUG cellappmgr-1 1001 600001  [2025-09-02 12:08:41 021] - Cellappmgr::reqCreateCellEntityInNewSpace: entityType=Space, entityID=6150, componentID=700001, cellapp(cid=800001, load=0.315322, numEntities=36).
   DEBUG cellappmgr-1 1001 600001  [2025-09-02 12:08:41 021] - Cellappmgr::reqCreateCellEntityInNewSpace: entityType=Space, entityID=6151, componentID=700001, cellapp(cid=800002, load=0.326328, numEntities=50).
   DEBUG cellappmgr-1 1001 600001  [2025-09-02 12:08:41 021] - Cellappmgr::reqCreateCellEntityInNewSpace: entityType=Space, entityID=6152, componentID=700001, cellapp(cid=800002, load=0.326328, numEntities=51).
   DEBUG cellappmgr-1 1001 600001  [2025-09-02 12:08:41 021] - Cellappmgr::reqCreateCellEntityInNewSpace: entityType=Space, entityID=6153, componentID=700001, cellapp(cid=800002, load=0.326328, numEntities=52).
   DEBUG cellappmgr-1 1001 600001  [2025-09-02 12:08:41 021] - Cellappmgr::reqCreateCellEntityInNewSpace: entityType=Space, entityID=6154, componentID=700001, cellapp(cid=800002, load=0.326328, numEntities=53).
   DEBUG cellappmgr-1 1001 600001  [2025-09-02 12:08:41 021] - Cellappmgr::reqCreateCellEntityInNewSpace: entityType=Space, entityID=6155, componentID=700001, cellapp(cid=800002, load=0.326328, numEntities=54).
   DEBUG cellappmgr-1 1001 600001  [2025-09-02 12:08:41 021] - Cellappmgr::reqCreateCellEntityInNewSpace: entityType=Space, entityID=6156, componentID=700001, cellapp(cid=800001, load=0.315322, numEntities=37).
   DEBUG cellappmgr-1 1001 600001  [2025-09-02 12:08:41 021] - Cellappmgr::reqCreateCellEntityInNewSpace: entityType=Space, entityID=6157, componentID=700001, cellapp(cid=800001, load=0.315322, numEntities=38).
   DEBUG cellappmgr-1 1001 600001  [2025-09-02 12:08:41 021] - Cellappmgr::reqCreateCellEntityInNewSpace: entityType=Space, entityID=6158, componentID=700001, cellapp(cid=800002, load=0.326328, numEntities=55).
   DEBUG cellappmgr-1 1001 600001  [2025-09-02 12:08:41 021] - Cellappmgr::reqCreateCellEntityInNewSpace: entityType=Space, entityID=6159, componentID=700001, cellapp(cid=800001, load=0.315322, numEntities=39).
   DEBUG cellappmgr-1 1001 600001  [2025-09-02 12:08:41 021] - Cellappmgr::reqCreateCellEntityInNewSpace: entityType=Space, entityID=6160, componentID=700001, cellapp(cid=800002, load=0.326328, numEntities=56).
   DEBUG cellappmgr-1 1001 600001  [2025-09-02 12:08:41 021] - Cellappmgr::reqCreateCellEntityInNewSpace: entityType=Space, entityID=6161, componentID=700001, cellapp(cid=800002, load=0.326328, numEntities=57).
   DEBUG cellappmgr-1 1001 600001  [2025-09-02 12:08:41 021] - Cellappmgr::reqCreateCellEntityInNewSpace: entityType=Space, entityID=6162, componentID=700001, cellapp(cid=800002, load=0.326328, numEntities=58).
   DEBUG cellappmgr-1 1001 600001  [2025-09-02 12:08:41 021] - Cellappmgr::reqCreateCellEntityInNewSpace: entityType=Space, entityID=6163, componentID=700001, cellapp(cid=800002, load=0.326328, numEntities=59).
   DEBUG cellappmgr-1 1001 600001  [2025-09-02 12:08:41 021] - Cellappmgr::reqCreateCellEntityInNewSpace: entityType=Space, entityID=6164, componentID=700001, cellapp(cid=800002, load=0.326328, numEntities=60).
   DEBUG cellappmgr-1 1001 600001  [2025-09-02 12:08:41 021] - Cellappmgr::reqCreateCellEntityInNewSpace: entityType=Space, entityID=6165, componentID=700001, cellapp(cid=800001, load=0.315322, numEntities=40).
   DEBUG cellappmgr-1 1001 600001  [2025-09-02 12:08:41 021] - Cellappmgr::reqCreateCellEntityInNewSpace: entityType=Space, entityID=6166, componentID=700001, cellapp(cid=800002, load=0.326328, numEntities=61).
   DEBUG cellappmgr-1 1001 600001  [2025-09-02 12:08:41 021] - Cellappmgr::reqCreateCellEntityInNewSpace: entityType=Space, entityID=6167, componentID=700001, cellapp(cid=800002, load=0.326328, numEntities=62).
   DEBUG cellappmgr-1 1001 600001  [2025-09-02 12:08:41 021] - Cellappmgr::reqCreateCellEntityInNewSpace: entityType=Space, entityID=6168, componentID=700001, cellapp(cid=800001, load=0.315322, numEntities=41).
   DEBUG cellappmgr-1 1001 600001  [2025-09-02 12:08:41 021] - Cellappmgr::reqCreateCellEntityInNewSpace: entityType=Space, entityID=6169, componentID=700001, cellapp(cid=800002, load=0.326328, numEntities=63).
   DEBUG cellappmgr-1 1001 600001  [2025-09-02 12:08:41 021] - Cellappmgr::reqCreateCellEntityInNewSpace: entityType=Space, entityID=6170, componentID=700001, cellapp(cid=800001, load=0.315322, numEntities=42).
   DEBUG cellappmgr-1 1001 600001  [2025-09-02 12:08:41 021] - Cellappmgr::reqCreateCellEntityInNewSpace: entityType=Space, entityID=6171, componentID=700001, cellapp(cid=800002, load=0.326328, numEntities=64).
   DEBUG cellappmgr-1 1001 600001  [2025-09-02 12:08:41 021] - Cellappmgr::reqCreateCellEntityInNewSpace: entityType=Space, entityID=6172, componentID=700001, cellapp(cid=800002, load=0.326328, numEntities=65).
   DEBUG cellappmgr-1 1001 600001  [2025-09-02 12:08:41 021] - Cellappmgr::reqCreateCellEntityInNewSpace: entityType=Space, entityID=6173, componentID=700001, cellapp(cid=800001, load=0.315322, numEntities=43).
   DEBUG cellappmgr-1 1001 600001  [2025-09-02 12:08:41 021] - Cellappmgr::reqCreateCellEntityInNewSpace: entityType=Space, entityID=6174, componentID=700001, cellapp(cid=800001, load=0.315322, numEntities=44).
   DEBUG cellappmgr-1 1001 600001  [2025-09-02 12:08:41 110] - Cellappmgr::reqCreateCellEntityInNewSpace: entityType=Space, entityID=6175, componentID=700001, cellapp(cid=800001, load=0.312853, numEntities=28).
   DEBUG cellappmgr-1 1001 600001  [2025-09-02 12:08:41 110] - Cellappmgr::reqCreateCellEntityInNewSpace: entityType=Space, entityID=6176, componentID=700001, cellapp(cid=800001, load=0.312853, numEntities=29).
   DEBUG cellappmgr-1 1001 600001  [2025-09-02 12:08:41 110] - Cellappmgr::reqCreateCellEntityInNewSpace: entityType=Space, entityID=6177, componentID=700001, cellapp(cid=800001, load=0.312853, numEntities=30).
   DEBUG cellappmgr-1 1001 600001  [2025-09-02 12:08:41 110] - Cellappmgr::reqCreateCellEntityInNewSpace: entityType=Space, entityID=6178, componentID=700001, cellapp(cid=800001, load=0.312853, numEntities=31).
   DEBUG cellappmgr-1 1001 600001  [2025-09-02 12:08:41 111] - Cellappmgr::reqCreateCellEntityInNewSpace: entityType=Space, entityID=6179, componentID=700001, cellapp(cid=800001, load=0.312853, numEntities=32).
   DEBUG cellappmgr-1 1001 600001  [2025-09-02 12:08:41 111] - Cellappmgr::reqCreateCellEntityInNewSpace: entityType=Space, entityID=6180, componentID=700001, cellapp(cid=800001, load=0.312853, numEntities=33).
   DEBUG cellappmgr-1 1001 600001  [2025-09-02 12:08:41 111] - Cellappmgr::reqCreateCellEntityInNewSpace: entityType=Space, entityID=6181, componentID=700001, cellapp(cid=800001, load=0.312853, numEntities=34).
   DEBUG cellappmgr-1 1001 600001  [2025-09-02 12:08:41 111] - Cellappmgr::reqCreateCellEntityInNewSpace: entityType=Space, entityID=6182, componentID=700001, cellapp(cid=800001, load=0.312853, numEntities=35).
   DEBUG cellappmgr-1 1001 600001  [2025-09-02 12:08:41 111] - Cellappmgr::reqCreateCellEntityInNewSpace: entityType=Space, entityID=6183, componentID=700001, cellapp(cid=800001, load=0.312853, numEntities=36).
   DEBUG cellappmgr-1 1001 600001  [2025-09-02 12:08:41 111] - Cellappmgr::reqCreateCellEntityInNewSpace: entityType=Space, entityID=6184, componentID=700001, cellapp(cid=800001, load=0.312853, numEntities=37).
   DEBUG cellappmgr-1 1001 600001  [2025-09-02 12:08:41 111] - Cellappmgr::reqCreateCellEntityInNewSpace: entityType=Space, entityID=6185, componentID=700001, cellapp(cid=800001, load=0.312853, numEntities=38).
   DEBUG cellappmgr-1 1001 600001  [2025-09-02 12:08:41 111] - Cellappmgr::reqCreateCellEntityInNewSpace: entityType=Space, entityID=6186, componentID=700001, cellapp(cid=800001, load=0.312853, numEntities=39).
   DEBUG cellappmgr-1 1001 600001  [2025-09-02 12:08:41 111] - Cellappmgr::reqCreateCellEntityInNewSpace: entityType=Space, entityID=6187, componentID=700001, cellapp(cid=800001, load=0.312853, numEntities=40).
   DEBUG cellappmgr-1 1001 600001  [2025-09-02 12:08:41 111] - Cellappmgr::reqCreateCellEntityInNewSpace: entityType=Space, entityID=6188, componentID=700001, cellapp(cid=800001, load=0.312853, numEntities=41).
   DEBUG cellappmgr-1 1001 600001  [2025-09-02 12:08:41 112] - Cellappmgr::reqCreateCellEntityInNewSpace: entityType=Space, entityID=6189, componentID=700001, cellapp(cid=800001, load=0.312853, numEntities=42).
   DEBUG cellappmgr-1 1001 600001  [2025-09-02 12:08:41 112] - Cellappmgr::reqCreateCellEntityInNewSpace: entityType=Space, entityID=6190, componentID=700001, cellapp(cid=800001, load=0.312853, numEntities=43).
   DEBUG cellappmgr-1 1001 600001  [2025-09-02 12:08:41 112] - Cellappmgr::reqCreateCellEntityInNewSpace: entityType=Space, entityID=6191, componentID=700001, cellapp(cid=800001, load=0.312853, numEntities=44).
   DEBUG cellappmgr-1 1001 600001  [2025-09-02 12:08:41 112] - Cellappmgr::reqCreateCellEntityInNewSpace: entityType=Space, entityID=6192, componentID=700001, cellapp(cid=800001, load=0.312853, numEntities=45).
   DEBUG cellappmgr-1 1001 600001  [2025-09-02 12:08:41 112] - Cellappmgr::reqCreateCellEntityInNewSpace: entityType=Space, entityID=6193, componentID=700001, cellapp(cid=800001, load=0.312853, numEntities=46).
   DEBUG cellappmgr-1 1001 600001  [2025-09-02 12:08:41 112] - Cellappmgr::reqCreateCellEntityInNewSpace: entityType=Space, entityID=6194, componentID=700001, cellapp(cid=800001, load=0.312853, numEntities=47).
   DEBUG cellappmgr-1 1001 600001  [2025-09-02 12:08:41 112] - Cellappmgr::reqCreateCellEntityInNewSpace: entityType=Space, entityID=6195, componentID=700001, cellapp(cid=800001, load=0.312853, numEntities=48).
   DEBUG cellappmgr-1 1001 600001  [2025-09-02 12:08:41 112] - Cellappmgr::reqCreateCellEntityInNewSpace: entityType=Space, entityID=6196, componentID=700001, cellapp(cid=800001, load=0.312853, numEntities=49).
   DEBUG cellappmgr-1 1001 600001  [2025-09-02 12:08:41 112] - Cellappmgr::reqCreateCellEntityInNewSpace: entityType=Space, entityID=6197, componentID=700001, cellapp(cid=800001, load=0.312853, numEntities=50).
   DEBUG cellappmgr-1 1001 600001  [2025-09-02 12:08:41 112] - Cellappmgr::reqCreateCellEntityInNewSpace: entityType=Space, entityID=6198, componentID=700001, cellapp(cid=800001, load=0.312853, numEntities=51).
   DEBUG cellappmgr-1 1001 600001  [2025-09-02 12:08:41 112] - Cellappmgr::reqCreateCellEntityInNewSpace: entityType=Space, entityID=6199, componentID=700001, cellapp(cid=800001, load=0.312853, numEntities=52).
   DEBUG cellappmgr-1 1001 600001  [2025-09-02 12:08:41 112] - Cellappmgr::reqCreateCellEntityInNewSpace: entityType=Space, entityID=6200, componentID=700001, cellapp(cid=800001, load=0.312853, numEntities=53).
   DEBUG cellappmgr-1 1001 600001  [2025-09-02 12:08:41 112] - Cellappmgr::reqCreateCellEntityInNewSpace: entityType=Space, entityID=6201, componentID=700001, cellapp(cid=800001, load=0.312853, numEntities=54).
   DEBUG cellappmgr-1 1001 600001  [2025-09-02 12:08:41 112] - Cellappmgr::reqCreateCellEntityInNewSpace: entityType=Space, entityID=6202, componentID=700001, cellapp(cid=800001, load=0.312853, numEntities=55).
   DEBUG cellappmgr-1 1001 600001  [2025-09-02 12:08:41 209] - Cellappmgr::reqCreateCellEntityInNewSpace: entityType=Space, entityID=6203, componentID=700001, cellapp(cid=800002, load=0.325599, numEntities=72).
   DEBUG cellappmgr-1 1001 600001  [2025-09-02 12:08:41 210] - Cellappmgr::reqCreateCellEntityInNewSpace: entityType=Space, entityID=6204, componentID=700001, cellapp(cid=800002, load=0.325599, numEntities=73).
   DEBUG cellappmgr-1 1001 600001  [2025-09-02 12:08:41 211] - Cellappmgr::reqCreateCellEntityInNewSpace: entityType=Space, entityID=6205, componentID=700001, cellapp(cid=800002, load=0.325599, numEntities=74).
   DEBUG cellappmgr-1 1001 600001  [2025-09-02 12:08:41 211] - Cellappmgr::reqCreateCellEntityInNewSpace: entityType=Space, entityID=6206, componentID=700001, cellapp(cid=800002, load=0.325599, numEntities=75).
   DEBUG cellappmgr-1 1001 600001  [2025-09-02 12:08:41 211] - Cellappmgr::reqCreateCellEntityInNewSpace: entityType=Space, entityID=6207, componentID=700001, cellapp(cid=800002, load=0.325599, numEntities=76).
   DEBUG cellappmgr-1 1001 600001  [2025-09-02 12:08:41 211] - Cellappmgr::reqCreateCellEntityInNewSpace: entityType=Space, entityID=6208, componentID=700001, cellapp(cid=800002, load=0.325599, numEntities=77).
   DEBUG cellappmgr-1 1001 600001  [2025-09-02 12:08:41 211] - Cellappmgr::reqCreateCellEntityInNewSpace: entityType=Space, entityID=6209, componentID=700001, cellapp(cid=800002, load=0.325599, numEntities=78).
   DEBUG cellappmgr-1 1001 600001  [2025-09-02 12:08:41 211] - Cellappmgr::reqCreateCellEntityInNewSpace: entityType=Space, entityID=6210, componentID=700001, cellapp(cid=800002, load=0.325599, numEntities=79).
   DEBUG cellappmgr-1 1001 600001  [2025-09-02 12:08:41 211] - Cellappmgr::reqCreateCellEntityInNewSpace: entityType=Space, entityID=6211, componentID=700001, cellapp(cid=800002, load=0.325599, numEntities=80).
   DEBUG cellappmgr-1 1001 600001  [2025-09-02 12:08:41 211] - Cellappmgr::reqCreateCellEntityInNewSpace: entityType=Space, entityID=6212, componentID=700001, cellapp(cid=800002, load=0.325599, numEntities=81).
   DEBUG cellappmgr-1 1001 600001  [2025-09-02 12:08:41 211] - Cellappmgr::reqCreateCellEntityInNewSpace: entityType=Space, entityID=6213, componentID=700001, cellapp(cid=800002, load=0.325599, numEntities=82).
   DEBUG cellappmgr-1 1001 600001  [2025-09-02 12:08:41 211] - Cellappmgr::reqCreateCellEntityInNewSpace: entityType=Space, entityID=6214, componentID=700001, cellapp(cid=800002, load=0.325599, numEntities=83).
   DEBUG cellappmgr-1 1001 600001  [2025-09-02 12:08:41 211] - Cellappmgr::reqCreateCellEntityInNewSpace: entityType=Space, entityID=6215, componentID=700001, cellapp(cid=800002, load=0.325599, numEntities=84).
   DEBUG cellappmgr-1 1001 600001  [2025-09-02 12:08:41 211] - Cellappmgr::reqCreateCellEntityInNewSpace: entityType=Space, entityID=6216, componentID=700001, cellapp(cid=800002, load=0.325599, numEntities=85).
   DEBUG cellappmgr-1 1001 600001  [2025-09-02 12:08:41 211] - Cellappmgr::reqCreateCellEntityInNewSpace: entityType=Space, entityID=6217, componentID=700001, cellapp(cid=800002, load=0.325599, numEntities=86).
   DEBUG cellappmgr-1 1001 600001  [2025-09-02 12:08:41 211] - Cellappmgr::reqCreateCellEntityInNewSpace: entityType=Space, entityID=6218, componentID=700001, cellapp(cid=800002, load=0.325599, numEntities=87).
   DEBUG cellappmgr-1 1001 600001  [2025-09-02 12:08:41 211] - Cellappmgr::reqCreateCellEntityInNewSpace: entityType=Space, entityID=6219, componentID=700001, cellapp(cid=800002, load=0.325599, numEntities=88).
   DEBUG cellappmgr-1 1001 600001  [2025-09-02 12:08:41 211] - Cellappmgr::reqCreateCellEntityInNewSpace: entityType=Space, entityID=6220, componentID=700001, cellapp(cid=800002, load=0.325599, numEntities=89).
   DEBUG cellappmgr-1 1001 600001  [2025-09-02 12:08:41 211] - Cellappmgr::reqCreateCellEntityInNewSpace: entityType=Space, entityID=6221, componentID=700001, cellapp(cid=800002, load=0.325599, numEntities=90).
   DEBUG cellappmgr-1 1001 600001  [2025-09-02 12:08:41 213] - Cellappmgr::reqCreateCellEntityInNewSpace: entityType=Space, entityID=6222, componentID=700001, cellapp(cid=800002, load=0.325599, numEntities=91).
   DEBUG cellappmgr-1 1001 600001  [2025-09-02 12:08:41 214] - Cellappmgr::reqCreateCellEntityInNewSpace: entityType=Space, entityID=6223, componentID=700001, cellapp(cid=800002, load=0.325599, numEntities=92).
   DEBUG cellappmgr-1 1001 600001  [2025-09-02 12:08:41 214] - Cellappmgr::reqCreateCellEntityInNewSpace: entityType=Space, entityID=6224, componentID=700001, cellapp(cid=800002, load=0.325599, numEntities=93).
   DEBUG cellappmgr-1 1001 600001  [2025-09-02 12:08:41 214] - Cellappmgr::reqCreateCellEntityInNewSpace: entityType=Space, entityID=6225, componentID=700001, cellapp(cid=800002, load=0.325599, numEntities=94).
   DEBUG cellappmgr-1 1001 600001  [2025-09-02 12:08:41 214] - Cellappmgr::reqCreateCellEntityInNewSpace: entityType=Space, entityID=6226, componentID=700001, cellapp(cid=800002, load=0.325599, numEntities=95).
   DEBUG cellappmgr-1 1001 600001  [2025-09-02 12:08:41 214] - Cellappmgr::reqCreateCellEntityInNewSpace: entityType=Space, entityID=6227, componentID=700001, cellapp(cid=800002, load=0.325599, numEntities=96).
   DEBUG cellappmgr-1 1001 600001  [2025-09-02 12:08:41 214] - Cellappmgr::reqCreateCellEntityInNewSpace: entityType=Space, entityID=6228, componentID=700001, cellapp(cid=800002, load=0.325599, numEntities=97).
   DEBUG cellappmgr-1 1001 600001  [2025-09-02 12:08:41 214] - Cellappmgr::reqCreateCellEntityInNewSpace: entityType=Space, entityID=6229, componentID=700001, cellapp(cid=800002, load=0.325599, numEntities=98).
   DEBUG cellappmgr-1 1001 600001  [2025-09-02 12:08:41 214] - Cellappmgr::reqCreateCellEntityInNewSpace: entityType=Space, entityID=6230, componentID=700001, cellapp(cid=800002, load=0.325599, numEntities=99).
    INFO cellappmgr-1 1001 600001  [2025-09-02 12:10:23 951] - ServerApp::onChannelTimeOut: Channel 192.168.10.127:34088/0/0/0 timeout!
